Archive member included because of file (symbol)

stm32f10x_lib/libstm32.a(stm32f10x_adc.o)
                              CM530_HW/src/system_init.o (ADC_Init)
stm32f10x_lib/libstm32.a(stm32f10x_flash.o)
                              CM530_HW/src/system_init.o (FLASH_SetLatency)
stm32f10x_lib/libstm32.a(stm32f10x_gpio.o)
                              CM530_HW/src/system_init.o (GPIO_Init)
stm32f10x_lib/libstm32.a(stm32f10x_nvic.o)
                              CM530_HW/src/system_init.o (NVIC_PriorityGroupConfig)
stm32f10x_lib/libstm32.a(stm32f10x_pwr.o)
                              CM530_HW/src/system_init.o (PWR_BackupAccessCmd)
stm32f10x_lib/libstm32.a(stm32f10x_rcc.o)
                              CM530_HW/src/system_init.o (RCC_DeInit)
stm32f10x_lib/libstm32.a(stm32f10x_systick.o)
                              CM530_HW/src/system_init.o (SysTick_SetReload)
stm32f10x_lib/libstm32.a(stm32f10x_usart.o)
                              CM530_HW/src/usart.o (USART_StructInit)
stm32f10x_lib/libstm32.a(cortexm3_macro.o)
                              stm32f10x_lib/libstm32.a(stm32f10x_pwr.o) (__WFI)
stm32f10x_lib/libstm32.a(stm32f10x_vector.o)
                              (Reset_Handler)
c:/winarm/bin/../lib/gcc/arm-eabi/4.3.0/../../../../arm-eabi/lib\libc.a(lib_a-atexit.o)
                              c:/winarm/bin/../lib/gcc/arm-eabi/4.3.0/../../../../arm-eabi/lib/crt0.o (atexit)
c:/winarm/bin/../lib/gcc/arm-eabi/4.3.0/../../../../arm-eabi/lib\libc.a(lib_a-exit.o)
                              c:/winarm/bin/../lib/gcc/arm-eabi/4.3.0/../../../../arm-eabi/lib/crt0.o (exit)
c:/winarm/bin/../lib/gcc/arm-eabi/4.3.0/../../../../arm-eabi/lib\libc.a(lib_a-impure.o)
                              c:/winarm/bin/../lib/gcc/arm-eabi/4.3.0/../../../../arm-eabi/lib\libc.a(lib_a-exit.o) (_global_impure_ptr)
c:/winarm/bin/../lib/gcc/arm-eabi/4.3.0/../../../../arm-eabi/lib\libc.a(lib_a-init.o)
                              c:/winarm/bin/../lib/gcc/arm-eabi/4.3.0/../../../../arm-eabi/lib/crt0.o (__libc_fini_array)
c:/winarm/bin/../lib/gcc/arm-eabi/4.3.0/../../../../arm-eabi/lib\libc.a(lib_a-memcpy.o)
                              APP/src/Big_main.o (memcpy)
c:/winarm/bin/../lib/gcc/arm-eabi/4.3.0/../../../../arm-eabi/lib\libc.a(lib_a-memset.o)
                              c:/winarm/bin/../lib/gcc/arm-eabi/4.3.0/../../../../arm-eabi/lib/crt0.o (memset)
c:/winarm/bin/../lib/gcc/arm-eabi/4.3.0/../../../../arm-eabi/lib\libc.a(lib_a-printf.o)
                              APP/src/motion.o (printf)
c:/winarm/bin/../lib/gcc/arm-eabi/4.3.0/../../../../arm-eabi/lib\libc.a(lib_a-putchar.o)
                              APP/src/motion.o (putchar)
c:/winarm/bin/../lib/gcc/arm-eabi/4.3.0/../../../../arm-eabi/lib\libc.a(lib_a-puts.o)
                              APP/src/motion.o (puts)
c:/winarm/bin/../lib/gcc/arm-eabi/4.3.0/../../../../arm-eabi/lib\libc.a(lib_a-strlen.o)
                              c:/winarm/bin/../lib/gcc/arm-eabi/4.3.0/../../../../arm-eabi/lib\libc.a(lib_a-puts.o) (strlen)
c:/winarm/bin/../lib/gcc/arm-eabi/4.3.0/../../../../arm-eabi/lib\libc.a(lib_a-vfprintf.o)
                              c:/winarm/bin/../lib/gcc/arm-eabi/4.3.0/../../../../arm-eabi/lib\libc.a(lib_a-printf.o) (_vfprintf_r)
c:/winarm/bin/../lib/gcc/arm-eabi/4.3.0/../../../../arm-eabi/lib\libc.a(lib_a-wsetup.o)
                              c:/winarm/bin/../lib/gcc/arm-eabi/4.3.0/../../../../arm-eabi/lib\libc.a(lib_a-vfprintf.o) (__swsetup_r)
c:/winarm/bin/../lib/gcc/arm-eabi/4.3.0/../../../../arm-eabi/lib\libc.a(lib_a-__atexit.o)
                              c:/winarm/bin/../lib/gcc/arm-eabi/4.3.0/../../../../arm-eabi/lib\libc.a(lib_a-atexit.o) (__register_exitproc)
c:/winarm/bin/../lib/gcc/arm-eabi/4.3.0/../../../../arm-eabi/lib\libc.a(lib_a-__call_atexit.o)
                              c:/winarm/bin/../lib/gcc/arm-eabi/4.3.0/../../../../arm-eabi/lib\libc.a(lib_a-exit.o) (__call_exitprocs)
c:/winarm/bin/../lib/gcc/arm-eabi/4.3.0/../../../../arm-eabi/lib\libc.a(lib_a-dtoa.o)
                              c:/winarm/bin/../lib/gcc/arm-eabi/4.3.0/../../../../arm-eabi/lib\libc.a(lib_a-vfprintf.o) (_dtoa_r)
c:/winarm/bin/../lib/gcc/arm-eabi/4.3.0/../../../../arm-eabi/lib\libc.a(lib_a-fflush.o)
                              c:/winarm/bin/../lib/gcc/arm-eabi/4.3.0/../../../../arm-eabi/lib\libc.a(lib_a-vfprintf.o) (_fflush_r)
c:/winarm/bin/../lib/gcc/arm-eabi/4.3.0/../../../../arm-eabi/lib\libc.a(lib_a-findfp.o)
                              c:/winarm/bin/../lib/gcc/arm-eabi/4.3.0/../../../../arm-eabi/lib\libc.a(lib_a-vfprintf.o) (__sinit)
c:/winarm/bin/../lib/gcc/arm-eabi/4.3.0/../../../../arm-eabi/lib\libc.a(lib_a-freer.o)
                              c:/winarm/bin/../lib/gcc/arm-eabi/4.3.0/../../../../arm-eabi/lib\libc.a(lib_a-wsetup.o) (_free_r)
c:/winarm/bin/../lib/gcc/arm-eabi/4.3.0/../../../../arm-eabi/lib\libc.a(lib_a-fvwrite.o)
[...]
Memory Configuration

Name             Origin             Length             Attributes
RAM              0x20000000         0x00010000         xrw
FLASH            0x08003000         0x0007d000         xr
FLASHB1          0x00000000         0x00000000         xr
EXTMEMB0         0x00000000         0x00000000         xr
EXTMEMB1         0x00000000         0x00000000         xr
EXTMEMB2         0x00000000         0x00000000         xr
EXTMEMB3         0x00000000         0x00000000         xr
*default*        0x00000000         0xffffffff

Linker script and memory map

LOAD c:/winarm/bin/../lib/gcc/arm-eabi/4.3.0/crti.o
LOAD c:/winarm/bin/../lib/gcc/arm-eabi/4.3.0/crtbegin.o
LOAD c:/winarm/bin/../lib/gcc/arm-eabi/4.3.0/../../../../arm-eabi/lib/crt0.o
LOAD APP/src/main.o
LOAD APP/src/stm32f10x_it.o
LOAD APP/src/Big_main.o
LOAD APP/src/BioloidEx.o
LOAD APP/src/serial.o
LOAD APP/src/dynamixel.o
LOAD APP/src/zigbee.o
LOAD APP/src/motion.o
LOAD APP/src/walk.o
LOAD APP/src/globaldata.o
LOAD CM530_HW/src/adc.o
LOAD CM530_HW/src/button.o
LOAD CM530_HW/src/led.o
LOAD CM530_HW/src/mic.o
LOAD CM530_HW/src/system_func.o
LOAD CM530_HW/src/system_init.o
LOAD CM530_HW/src/usart.o
LOAD stm32f10x_lib/libstm32.a
START GROUP
LOAD c:/winarm/bin/../lib/gcc/arm-eabi/4.3.0\libgcc.a
LOAD c:/winarm/bin/../lib/gcc/arm-eabi/4.3.0/../../../../arm-eabi/lib\libc.a
END GROUP
LOAD c:/winarm/bin/../lib/gcc/arm-eabi/4.3.0/crtend.o
LOAD c:/winarm/bin/../lib/gcc/arm-eabi/4.3.0/crtn.o
                0x00000400                __Stack_Size = 0x400
                0x00000400                PROVIDE (_Stack_Size, __Stack_Size)
                0x2000fc00                __Stack_Init = (_estack - __Stack_Size)
                0x2000fc00                PROVIDE (_Stack_Init, __Stack_Init)
                0x00000100                _Minimum_Stack_Size = 0x100
                0x00000000                PROVIDE (Undefined_Handler, 0x0)
                0x00000000                PROVIDE (SWI_Handler, 0x0)
                0x00000000                PROVIDE (IRQ_Handler, 0x0)
                0x00000000                PROVIDE (Prefetch_Handler, 0x0)
                0x00000000                PROVIDE (Abort_Handler, 0x0)
                0x00000000                PROVIDE (FIQ_Handler, 0x0)
                0x00000000                PROVIDE (NMIException, 0x0)
                0x00000000                PROVIDE (HardFaultException, 0x0)
                0x00000000                PROVIDE (MemManageException, 0x0)
                0x00000000                PROVIDE (BusFaultException, 0x0)
                0x00000000                PROVIDE (UsageFaultException, 0x0)
                0x00000000                PROVIDE (SVCHandler, 0x0)
                0x00000000                PROVIDE (DebugMonitor, 0x0)
                0x00000000                PROVIDE (PendSVC, 0x0)
                0x00000000                PROVIDE (SysTickHandler, 0x0)
                0x00000000                PROVIDE (WWDG_IRQHandler, 0x0)
                0x00000000                PROVIDE (PVD_IRQHandler, 0x0)
                0x00000000                PROVIDE (TAMPER_IRQHandler, 0x0)
                0x00000000                PROVIDE (RTC_IRQHandler, 0x0)
                0x00000000                PROVIDE (FLASH_IRQHandler, 0x0)
                0x00000000                PROVIDE (RCC_IRQHandler, 0x0)
                0x00000000                PROVIDE (EXTI0_IRQHandler, 0x0)
                0x00000000                PROVIDE (EXTI1_IRQHandler, 0x0)
                0x00000000                PROVIDE (EXTI2_IRQHandler, 0x0)
                0x00000000                PROVIDE (EXTI3_IRQHandler, 0x0)
                0x00000000                PROVIDE (EXTI4_IRQHandler, 0x0)
                0x00000000                PROVIDE (DMAChannel1_IRQHandler, 0x0)
                0x00000000                PROVIDE (DMAChannel2_IRQHandler, 0x0)
                0x00000000                PROVIDE (DMAChannel3_IRQHandler, 0x0)
                0x00000000                PROVIDE (DMAChannel4_IRQHandler, 0x0)
                0x00000000                PROVIDE (DMAChannel5_IRQHandler, 0x0)
                0x00000000                PROVIDE (DMAChannel6_IRQHandler, 0x0)
                0x00000000                PROVIDE (DMAChannel7_IRQHandler, 0x0)
                0x00000000                PROVIDE (ADC_IRQHandler, 0x0)
                0x00000000                PROVIDE (USB_HP_CAN_TX_IRQHandler, 0x0)
                0x00000000                PROVIDE (USB_LP_CAN_RX0_IRQHandler, 0x0)
                0x00000000                PROVIDE (CAN_RX1_IRQHandler, 0x0)
                0x00000000                PROVIDE (CAN_SCE_IRQHandler, 0x0)
                0x00000000                PROVIDE (EXTI9_5_IRQHandler, 0x0)
                0x00000000                PROVIDE (TIM1_BRK_IRQHandler, 0x0)
                0x00000000                PROVIDE (TIM1_UP_IRQHandler, 0x0)
                0x00000000                PROVIDE (TIM1_TRG_COM_IRQHandler, 0x0)
                0x00000000                PROVIDE (TIM1_CC_IRQHandler, 0x0)
                0x00000000                PROVIDE (TIM2_IRQHandler, 0x0)
                0x00000000                PROVIDE (TIM3_IRQHandler, 0x0)
                0x00000000                PROVIDE (TIM4_IRQHandler, 0x0)
                0x00000000                PROVIDE (I2C1_EV_IRQHandler, 0x0)
                0x00000000                PROVIDE (I2C1_ER_IRQHandler, 0x0)
                0x00000000                PROVIDE (I2C2_EV_IRQHandler, 0x0)
                0x00000000                PROVIDE (I2C2_ER_IRQHandler, 0x0)
                0x00000000                PROVIDE (SPI1_IRQHandler, 0x0)
                0x00000000                PROVIDE (SPI2_IRQHandler, 0x0)
                0x00000000                PROVIDE (USART1_IRQHandler, 0x0)
                0x00000000                PROVIDE (USART2_IRQHandler, 0x0)
                0x00000000                PROVIDE (USART3_IRQHandler, 0x0)
                0x00000000                PROVIDE (EXTI15_10_IRQHandler, 0x0)
                0x00000000                PROVIDE (RTCAlarm_IRQHandler, 0x0)
                0x00000000                PROVIDE (USBWakeUp_IRQHandler, 0x0)
                0x42000000                PERIPH_BB_BASE = 0x42000000
                0x22000000                SRAM_BB_BASE = 0x22000000
                0x20000000                SRAM_BASE = 0x20000000
                0x40000000                PERIPH_BASE = 0x40000000
                0x40022000                PROVIDE (FLASH_BASE, 0x40022000)
                0x1ffff800                PROVIDE (OB_BASE, 0x1ffff800)
                0x40000000                APB1PERIPH_BASE = PERIPH_BASE
                0x40010000                APB2PERIPH_BASE = (PERIPH_BASE + 0x10000)
                0x40020000                AHBPERIPH_BASE = (PERIPH_BASE + 0x20000)
                0x40000000                PROVIDE (TIM2, (APB1PERIPH_BASE + 0x0))
                0x40000400                PROVIDE (TIM3, (APB1PERIPH_BASE + 0x400))
                0x40000800                PROVIDE (TIM4, (APB1PERIPH_BASE + 0x800))
                0x40002800                PROVIDE (RTC, (APB1PERIPH_BASE + 0x2800))
                0x40002c00                PROVIDE (WWDG, (APB1PERIPH_BASE + 0x2c00))
                0x40003000                PROVIDE (IWDG, (APB1PERIPH_BASE + 0x3000))
                0x40003800                PROVIDE (SPI2, (APB1PERIPH_BASE + 0x3800))
                0x40004400                PROVIDE (USART2, (APB1PERIPH_BASE + 0x4400))
                0x40004800                PROVIDE (USART3, (APB1PERIPH_BASE + 0x4800))
                0x40005400                PROVIDE (I2C1, (APB1PERIPH_BASE + 0x5400))
                0x40005800                PROVIDE (I2C2, (APB1PERIPH_BASE + 0x5800))
                0x40006400                PROVIDE (CAN, (APB1PERIPH_BASE + 0x6400))
                0x40006c00                PROVIDE (BKP, (APB1PERIPH_BASE + 0x6c00))
                0x40007000                PROVIDE (PWR, (APB1PERIPH_BASE + 0x7000))
                0x40010000                PROVIDE (AFIO, (APB2PERIPH_BASE + 0x0))
                0x40010400                PROVIDE (EXTI, (APB2PERIPH_BASE + 0x400))
                0x40010800                PROVIDE (GPIOA, (APB2PERIPH_BASE + 0x800))
                0x40010c00                PROVIDE (GPIOB, (APB2PERIPH_BASE + 0xc00))
                0x40011000                PROVIDE (GPIOC, (APB2PERIPH_BASE + 0x1000))
                0x40011400                PROVIDE (GPIOD, (APB2PERIPH_BASE + 0x1400))
                0x40011800                PROVIDE (GPIOE, (APB2PERIPH_BASE + 0x1800))
                0x40012400                PROVIDE (ADC1, (APB2PERIPH_BASE + 0x2400))
                0x40012800                PROVIDE (ADC2, (APB2PERIPH_BASE + 0x2800))
                0x40012c00                PROVIDE (TIM1, (APB2PERIPH_BASE + 0x2c00))
                0x40013000                PROVIDE (SPI1, (APB2PERIPH_BASE + 0x3000))
                0x40013800                PROVIDE (USART1, (APB2PERIPH_BASE + 0x3800))
                0x40020000                PROVIDE (DMA, (AHBPERIPH_BASE + 0x0))
                0x40020008                PROVIDE (DMA_Channel1, (AHBPERIPH_BASE + 0x8))
                0x4002001c                PROVIDE (DMA_Channel2, (AHBPERIPH_BASE + 0x1c))
                0x40020030                PROVIDE (DMA_Channel3, (AHBPERIPH_BASE + 0x30))
                0x40020044                PROVIDE (DMA_Channel4, (AHBPERIPH_BASE + 0x44))
                0x40020058                PROVIDE (DMA_Channel5, (AHBPERIPH_BASE + 0x58))
                0x4002006c                PROVIDE (DMA_Channel6, (AHBPERIPH_BASE + 0x6c))
                0x40020080                PROVIDE (DMA_Channel7, (AHBPERIPH_BASE + 0x80))
                0x40021000                PROVIDE (RCC, (AHBPERIPH_BASE + 0x1000))
                0xe000e000                SCS_BASE = 0xe000e000
                0xe000e010                PROVIDE (SysTick, (SCS_BASE + 0x10))
                0xe000e100                PROVIDE (NVIC, (SCS_BASE + 0x100))
                0xe000ed00                PROVIDE (SCB, (SCS_BASE + 0xd00))
                0x20010000                _estack = 0x20010000

.isr_vector     0x08003000      0x134
                0x08003000                . = ALIGN (0x4)
 *(.isr_vector)
 .isr_vector    0x08003000      0x134 stm32f10x_lib/libstm32.a(stm32f10x_vector.o)
                0x08003000                g_pfnVectors
                0x08003134                . = ALIGN (0x4)

.flashtext      0x08003134        0x0
                0x08003134                . = ALIGN (0x4)
 *(.flashtext)
                0x08003134                . = ALIGN (0x4)

.text           0x08003138     0xbccc
                0x08003138                . = ALIGN (0x4)
 *(.text)
 .text          0x08003138      0x324 APP/src/main.o
                0x08003138                main
 .text          0x0800345c      0x134 APP/src/stm32f10x_it.o
                0x0800349c                EXTI2_IRQHandler
                0x08003464                MemManageException
                0x08003528                TIM8_TRG_COM_IRQHandler
                0x0800352c                TIM8_CC_IRQHandler
                0x08003468                BusFaultException
                0x080034e8                TIM1_CC_IRQHandler
                0x08003548                TIM6_IRQHandler
                0x08003480                PVD_IRQHandler
                0x08003538                SDIO_IRQHandler
                0x080034a0                EXTI3_IRQHandler
                0x08003470                DebugMonitor
                0x08003474                SVCHandler
                0x08003460                HardFaultException
                0x080034c8                USB_HP_CAN_TX_IRQHandler
                0x08003494                EXTI0_IRQHandler
                0x08003500                I2C2_EV_IRQHandler
                0x080034c4                ADC1_2_IRQHandler
                0x08003508                SPI1_IRQHandler
                0x080034d4                CAN_SCE_IRQHandler
                0x08003484                TAMPER_IRQHandler
                0x08003524                TIM8_UP_IRQHandler
                0x08003554                DMA2_Channel2_IRQHandler
                0x080034b4                DMA1_Channel4_IRQHandler
                0x0800345c                NMIException
                0x0800356c                USART3_IRQHandler
                0x08003488                RTC_IRQHandler
                0x08003584                SysTickHandler
                0x080034c0                DMA1_Channel7_IRQHandler
                0x08003478                PendSVC
                0x08003560                UART5_IRQHandler
                0x08003530                ADC3_IRQHandler
                0x080034f4                TIM4_IRQHandler
                0x080034d0                CAN_RX1_IRQHandler
                0x08003550                DMA2_Channel1_IRQHandler
                0x080034f8                I2C1_EV_IRQHandler
                0x080034bc                DMA1_Channel6_IRQHandler
                0x08003544                UART4_IRQHandler
                0x080034f0                TIM3_IRQHandler
                0x08003490                RCC_IRQHandler
                0x080034e4                TIM1_TRG_COM_IRQHandler
                0x080034a8                DMA1_Channel1_IRQHandler
                0x08003514                EXTI15_10_IRQHandler
                0x0800354c                TIM7_IRQHandler
                0x0800353c                TIM5_IRQHandler
                0x080034d8                EXTI9_5_IRQHandler
                0x0800350c                SPI2_IRQHandler
                0x080034cc                USB_LP_CAN_RX0_IRQHandler
                0x080034b8                DMA1_Channel5_IRQHandler
                0x080034a4                EXTI4_IRQHandler
                0x080034b0                DMA1_Channel3_IRQHandler
                0x08003534                FSMC_IRQHandler
                0x080034e0                TIM1_UP_IRQHandler
                0x0800347c                WWDG_IRQHandler
                0x080034ec                TIM2_IRQHandler
                0x080034dc                TIM1_BRK_IRQHandler
                0x08003498                EXTI1_IRQHandler
                0x08003518                RTCAlarm_IRQHandler
                0x0800355c                DMA2_Channel4_5_IRQHandler
                0x08003510                USART2_IRQHandler
                0x08003504                I2C2_ER_IRQHandler
                0x080034ac                DMA1_Channel2_IRQHandler
                0x08003520                TIM8_BRK_IRQHandler
                0x0800346c                UsageFaultException
                0x0800348c                FLASH_IRQHandler
                0x08003578                USART1_IRQHandler
                0x08003540                SPI3_IRQHandler
                0x080034fc                I2C1_ER_IRQHandler
                0x0800351c                USBWakeUp_IRQHandler
                0x08003558                DMA2_Channel3_IRQHandler
 .text          0x08003590      0x678 APP/src/serial.o
                0x08003bb4                GetChar
                0x08003b84                std_getchar
                0x080035a8                RxDByte_PC
                0x08003590                CheckPCNewArrive
                0x08003978                Prints32d
                0x08003898                std_puts
                0x0800380c                TxD_Dec_U8
                0x0800375c                TxD_Dec_U32
                0x08003bf4                pcu_initialize
                0x08003a5c                PrintString
                0x08003a68                PrintCommStatus
                0x080039ec                Printu32d
                0x080038b4                Printu8h
                0x08003af0                PrintErrorCode
                0x0800388c                PrintChar
                0x080037b4                TxD_Dec_U16
                0x08003870                std_putchar
                0x08003bc0                std_getString
                0x08003644                TxD_Dec_S16
                0x080035d8                TxD_Dec_S32
                0x08003900                Printu16h
                0x080036d4                TxD_Dec_S8
                0x08003be8                pcu_terminate
 .text          0x08003c08      0x50c APP/src/dynamixel.o
                0x08004094                dxl_ping
                0x08003c44                dxl_get_rxpacket_error
                0x08003cb4                dxl_clear_statpkt
                0x08003ffc                dxl_write_byte
                0x08003cec                dxl_rx_packet
                0x08003c38                dxl_set_txpacket_length
                0x08003c08                dxl_get_result
                0x08004048                dxl_read_byte
                0x08003e5c                dxl_tx_packet
                0x080040e0                dxl_terminate
                0x08003c20                dxl_set_txpacket_instruction
                0x08003c68                dxl_get_rxpacket_length
                0x08003f68                dxl_write_word
                0x08003cb0                dxl_get_highbyte
                0x080040ec                dxl_initialize
                0x08004038                dxl_capture
                0x08003ca4                dxl_makeword
                0x08003cac                dxl_get_lowbyte
                0x08003c84                dxl_get_rxpacket_parameter
                0x08003c14                dxl_set_txpacket_id
                0x08003fac                dxl_read_word
                0x08003f54                dxl_txrx_packet
                0x08003c2c                dxl_set_txpacket_parameter
 .text          0x08004114      0x340 APP/src/zigbee.o
                0x080043d4                zgb_tx_data
                0x0800414c                zgb_rx_data_left_H
                0x08004140                zgb_rx_data_left_V
                0x08004158                zgb_rx_data_buttons
                0x080041a4                CheckZBNewArrive
                0x08004424                zgb_initialize
                0x08004164                zgb_rx_data_extra
                0x08004180                zgb_rx_data_right_H_
                0x08004418                zgb_terminate
                0x08004174                zgb_rx_data_right_V_
                0x080042dc                zgb_rx_check
                0x08004128                zgb_rx_data_right_V
                0x080041bc                zgb_rx_check_arduino
                0x08004134                zgb_rx_data_right_H
                0x08004114                zgb_rx_data
                0x0800418c                zgb_rx_data_left_V_
                0x08004198                zgb_rx_data_left_H_
 .text          0x08004454      0x7a0 APP/src/motion.o
                0x08004494                motionPageInit
                0x080044c8                unpackMotion2
                0x08004454                checkMotionFinished
                0x080046c8                executeMotionStep
                0x080047d8                setMotionPageJointFlexibility
                0x08004858                executeMotionSequence
                0x08004694                checkMotionStepFinished
                0x080047c0                executeMotionExitPage
                0x08004704                executeMotion
                0x080045e4                printCurrentMotionPage
                0x08004468                setNewMotionCommand
                0x08004488                getCurrentMotionStartTime
 .text          0x08004bf4      0x1f8 APP/src/walk.o
                0x08004d54                walk_avoidObstacle
                0x08004c0c                walk_shift
                0x08004da8                walk_init
                0x08004c00                walk_getWalkState
                0x08004bf4                walk_setWalkState
 .text          0x08004dec      0x1a0 CM530_HW/src/adc.o
                0x08004e18                ReadAnalog
                0x08004f08                Battery_Monitor_Alarm
                0x08004dec                SetEPort
                0x08004f4c                ReadIR
 .text          0x08004f8c       0x24 CM530_HW/src/button.o
                0x08004f8c                ReadButton
 .text          0x08004fb0       0x2c CM530_HW/src/led.o
                0x08004fb0                SetLED
 .text          0x08004fdc       0x4c CM530_HW/src/mic.o
                0x08004fdc                Buzzed
                0x08005018                PlayNote
 .text          0x08005028      0x23c CM530_HW/src/system_func.o
                0x080050e0                start_timeout_pcu
                0x08005118                getMillis
                0x08005068                mDelay
                0x0800522c                StartCountdown
                0x08005080                start_countdown_buzzer
                0x08005028                uDelay
                0x080050a8                start_timeout_dxl
                0x08005130                ISR_Delay_Base
 .text          0x08005264      0x454 CM530_HW/src/system_init.o
                0x08005264                USART_Configuration
                0x08005588                NVIC_Configuration
                0x080052c8                ADC_Configuration
                0x080055f8                RCC_Configuration
                0x0800568c                SysInit
                0x080052a4                SysTick_Configuration
                0x080053b0                GPIO_Configuration
 .text          0x080056b8      0x5e4 CM530_HW/src/usart.o
                0x08005790                zgb_hal_rx
                0x080056b8                pcu_hal_timeout
                0x080056cc                pcu_get_queue
                0x08005960                dxl_hal_close
                0x08005b6c                zgb_hal_tx
                0x08005974                zgb_hal_close
                0x08005a0c                zgb_hal_open
                0x08005730                pcu_clear_queue
                0x08005c58                pcu_put_byte
                0x08005adc                RxD_ZIG_Interrupt
                0x08005810                dxl_hal_rx
                0x0800590c                dxl_hal_tx
                0x08005bac                pcu_put_queue
                0x08005998                pcu_hal_close
                0x08005c4c                RxD_PCU_Interrupt
                0x080057e4                dxl_hal_clear
                0x08005c88                pcu_hal_set_timeout
                0x080059ac                dxl_hal_open
                0x08005880                RxD_DXL_Interrupt
                0x08005a7c                pcu_hal_open
                0x08005708                pcu_peek_queue
                0x08005748                pcu_get_qstate
                0x080058f8                dxl_hal_set_timeout
                0x0800586c                dxl_hal_timeout
 .text          0x08005c9c      0x394 stm32f10x_lib/libstm32.a(stm32f10x_adc.o)
                0x08005d0c                ADC_DMACmd
                0x08005d50                ADC_StartCalibration
                0x08005fb4                ADC_GetITStatus
                0x08005fa0                ADC_GetFlagStatus
                0x08005e44                ADC_ExternalTrigConvCmd
                0x08005e80                ADC_InjectedDiscModeCmd
                0x08005cf8                ADC_Cmd
                0x08005f78                ADC_AnalogWatchdogSingleChannelConfig
                0x08005d88                ADC_DiscModeChannelCountConfig
                0x08005fd0                ADC_ClearITPendingBit
                0x08005d38                ADC_ResetCalibration
                0x08005f60                ADC_AnalogWatchdogCmd
                0x08005ed4                ADC_InjectedChannelConfig
                0x08005dac                ADC_RegularChannelConfig
                0x08005e58                ADC_GetConversionValue
                0x08005f70                ADC_AnalogWatchdogThresholdsConfig
                0x08005d5c                ADC_GetCalibrationStatus
                0x08005d68                ADC_SoftwareStartConvCmd
                0x08005d44                ADC_GetResetCalibrationStatus
                0x08005e94                ADC_ExternalTrigInjectedConvConfig
                0x08005e6c                ADC_AutoInjectedConvCmd
                0x08005eb4                ADC_SoftwareStartInjectedConvCmd
                0x08005d7c                ADC_GetSoftwareStartConvStatus
                0x08005e60                ADC_GetDualModeConversionValue
                0x08005f38                ADC_InjectedSequencerLengthConfig
                0x08005ce4                ADC_StructInit
                0x08005d20                ADC_ITConfig
                0x08005fac                ADC_ClearFlag
                0x08005fd8                ADC_DeInit
                0x08005ea0                ADC_ExternalTrigInjectedConvCmd
                0x08005c9c                ADC_Init
                0x08005f48                ADC_SetInjectedOffset
                0x08005f84                ADC_TempSensorVrefintCmd
                0x08005f50                ADC_GetInjectedConversionValue
                0x08005d98                ADC_DiscModeCmd
                0x08005ec8                ADC_GetSoftwareStartInjectedConvCmdStatus
 .text          0x08006030      0x528 stm32f10x_lib/libstm32.a(stm32f10x_flash.o)
                0x08006078                FLASH_Unlock
                0x080060ac                FLASH_GetWriteProtectionOptionByte
                0x0800623c                FLASH_ReadOutProtection
                0x08006414                FLASH_ProgramWord
                0x080063dc                FLASH_ProgramHalfWord
                0x08006510                FLASH_ErasePage
                0x08006048                FLASH_HalfCycleAccessCmd
                0x080060f4                FLASH_GetFlagStatus
                0x080060c8                FLASH_GetPrefetchBufferStatus
                0x080064d4                FLASH_EraseAllPages
                0x080060a0                FLASH_GetUserOptionByte
                0x080061e0                FLASH_UserOptionByteConfig
                0x080060d8                FLASH_ITConfig
                0x08006090                FLASH_Lock
                0x0800645c                FLASH_EraseOptionBytes
                0x08006060                FLASH_PrefetchBufferCmd
                0x08006120                FLASH_GetStatus
                0x08006114                FLASH_ClearFlag
                0x0800614c                FLASH_WaitForLastOperation
                0x08006398                FLASH_ProgramOptionByteData
                0x08006030                FLASH_SetLatency
                0x080060b8                FLASH_GetReadOutProtectionStatus
                0x080062d8                FLASH_EnableWriteProtection
 .text          0x08006558      0x288 stm32f10x_lib/libstm32.a(stm32f10x_gpio.o)
                0x08006660                GPIO_EventOutputConfig
                0x08006624                GPIO_ReadOutputDataBit
                0x08006680                GPIO_EventOutputCmd
                0x0800668c                GPIO_PinRemapConfig
                0x08006558                GPIO_Init
                0x08006720                GPIO_AFIODeInit
                0x0800664c                GPIO_Write
                0x08006630                GPIO_ReadOutputData
                0x0800661c                GPIO_ReadInputData
                0x08006638                GPIO_SetBits
                0x08006640                GPIO_WriteBit
                0x0800663c                GPIO_ResetBits
                0x080066ec                GPIO_EXTILineConfig
                0x08006738                GPIO_DeInit
                0x08006600                GPIO_StructInit
                0x08006650                GPIO_PinLockConfig
                0x08006610                GPIO_ReadInputDataBit
 .text          0x080067e0      0x384 stm32f10x_lib/libstm32.a(stm32f10x_nvic.o)
                0x08006b40                NVIC_SETFAULTMASK
                0x08006b18                NVIC_GetBASEPRI
                0x08006858                NVIC_Init
                0x08006980                NVIC_SetVectorTable
                0x0800691c                NVIC_SetIRQChannelPendingBit
                0x08006b58                NVIC_SETPRIMASK
                0x08006a70                NVIC_SetSystemHandlerPendingBit
                0x08006928                NVIC_ClearIRQChannelPendingBit
                0x080068e0                NVIC_GetCurrentPendingIRQChannel
                0x08006b04                NVIC_GetFaultAddress
                0x08006994                NVIC_GenerateSystemReset
                0x08006950                NVIC_GetIRQChannelActiveBitStatus
                0x08006814                NVIC_SCBDeInit
                0x080069d0                NVIC_SystemHandlerConfig
                0x08006940                NVIC_GetCurrentActiveHandler
                0x08006b34                NVIC_RESETFAULTMASK
                0x08006aa0                NVIC_GetSystemHandlerActiveBitStatus
                0x08006b4c                NVIC_RESETPRIMASK
                0x08006a88                NVIC_ClearSystemHandlerPendingBit
                0x080069b4                NVIC_SystemLPConfig
                0x080069f8                NVIC_SystemHandlerPriorityConfig
                0x080068f8                NVIC_GetIRQChannelPendingBitStatus
                0x080069a4                NVIC_GenerateCoreReset
                0x08006974                NVIC_GetCPUID
                0x08006b24                NVIC_BASEPRICONFIG
                0x08006844                NVIC_PriorityGroupConfig
                0x080068d4                NVIC_StructInit
                0x08006a50                NVIC_GetSystemHandlerPendingBitStatus
                0x080067e0                NVIC_DeInit
                0x08006ac0                NVIC_GetFaultHandlerSources
 .text          0x08006b64       0xe0 stm32f10x_lib/libstm32.a(stm32f10x_pwr.o)
                0x08006bc0                PWR_EnterSTANDBYMode
                0x08006b90                PWR_WakeUpPinCmd
                0x08006b64                PWR_BackupAccessCmd
                0x08006bf4                PWR_EnterSTOPMode
                0x08006c2c                PWR_DeInit
                0x08006b9c                PWR_GetFlagStatus
                0x08006b7c                PWR_PVDLevelConfig
                0x08006bb0                PWR_ClearFlag
                0x08006b70                PWR_PVDCmd
 .text          0x08006c44      0x3a4 stm32f10x_lib/libstm32.a(stm32f10x_rcc.o)
                0x08006cfc                RCC_HSICmd
                0x08006d1c                RCC_PLLCmd
                0x08006fdc                RCC_ClearITPendingBit
                0x08006f68                RCC_MCOConfig
                0x08006d88                RCC_ITConfig
                0x08006d28                RCC_SYSCLKConfig
                0x08006cb8                RCC_WaitForHSEStartUp
                0x08006f50                RCC_BackupResetCmd
                0x08006f5c                RCC_ClockSecuritySystemCmd
                0x08006fb8                RCC_ClearFlag
                0x08006c84                RCC_HSEConfig
                0x08006ee0                RCC_APB2PeriphClockCmd
                0x08006d08                RCC_PLLConfig
                0x08006db0                RCC_ADCCLKConfig
                0x08006dc4                RCC_LSEConfig
                0x08006e00                RCC_RTCCLKCmd
                0x08006efc                RCC_APB1PeriphClockCmd
                0x08006fc8                RCC_GetITStatus
                0x08006ec4                RCC_AHBPeriphClockCmd
                0x08006f74                RCC_GetFlagStatus
                0x08006d3c                RCC_GetSYSCLKSource
                0x08006e0c                RCC_GetClocksFreq
                0x08006df0                RCC_RTCCLKConfig
                0x08006ce8                RCC_AdjustHSICalibrationValue
                0x08006d60                RCC_PCLK1Config
                0x08006da4                RCC_USBCLKConfig
                0x08006d74                RCC_PCLK2Config
                0x08006c44                RCC_DeInit
                0x08006f34                RCC_APB1PeriphResetCmd
                0x08006de4                RCC_LSICmd
                0x08006f18                RCC_APB2PeriphResetCmd
                0x08006d4c                RCC_HCLKConfig
 .text          0x08006fe8       0xa4 stm32f10x_lib/libstm32.a(stm32f10x_systick.o)
                0x08007010                SysTick_CounterCmd
                0x08007064                SysTick_GetFlagStatus
                0x08006fe8                SysTick_CLKSourceConfig
                0x08007058                SysTick_GetCounter
                0x0800703c                SysTick_ITConfig
                0x08007004                SysTick_SetReload
 .text          0x0800708c      0x3bc stm32f10x_lib/libstm32.a(stm32f10x_usart.o)
                0x080071f4                USART_SetGuardTime
                0x0800721c                USART_SmartCardCmd
                0x080072a4                USART_GetFlagStatus
                0x08007158                USART_SetAddress
                0x08007208                USART_SetPrescaler
                0x080071e0                USART_ReceiveData
                0x080070e4                USART_Cmd
                0x08007288                USART_IrDACmd
                0x08007308                USART_ClearITPendingBit
                0x080072bc                USART_GetITStatus
                0x080071a4                USART_LINBreakDetectLengthConfig
                0x08007318                USART_Init
                0x08007254                USART_HalfDuplexCmd
                0x08007100                USART_ITConfig
                0x08007270                USART_IrDAConfig
                0x080073b4                USART_DeInit
                0x080070ac                USART_ClockInit
                0x080071e8                USART_SendBreak
                0x080072b0                USART_ClearFlag
                0x08007170                USART_WakeUpConfig
                0x080071d8                USART_SendData
                0x08007188                USART_ReceiverWakeUpCmd
                0x0800708c                USART_StructInit
                0x08007238                USART_SmartCardNACKCmd
                0x080071bc                USART_LINCmd
                0x080070d4                USART_ClockStructInit
                0x08007140                USART_DMACmd
 .text          0x08007448       0x6e stm32f10x_lib/libstm32.a(cortexm3_macro.o)
                0x0800746a                __MRS_CONTROL
                0x080074a8                __GetBASEPRI
                0x08007480                __MSR_PSP
                0x08007496                __RESETPRIMASK
                0x0800749a                __SETFAULTMASK
                0x08007450                __SEV
                0x0800744c                __WFE
                0x0800749e                __RESETFAULTMASK
                0x08007486                __MRS_MSP
                0x0800748c                __MSR_MSP
                0x0800747a                __MRS_PSP
                0x080074ae                __REV_HalfWord
                0x08007448                __WFI
                0x08007470                __MSR_CONTROL
                0x080074a2                __BASEPRICONFIG
                0x08007492                __SETPRIMASK
                0x080074b2                __REV_Word
                0x08007466                __SVC
                0x08007454                __ISB
                0x0800745a                __DSB
                0x08007460                __DMB
 *fill*         0x080074b6        0x2 00
 .text          0x080074b8       0x54 stm32f10x_lib/libstm32.a(stm32f10x_vector.o)
                0x080074b8                Reset_Handler
 .text          0x0800750c       0xfc c:/winarm/bin/../lib/gcc/arm-eabi/4.3.0/../../../../arm-eabi/lib\libc.a(lib_a-memcpy.o)
                0x0800750c                memcpy
 .text          0x08007608       0xd0 c:/winarm/bin/../lib/gcc/arm-eabi/4.3.0/../../../../arm-eabi/lib\libc.a(lib_a-memset.o)
                0x08007608                memset
 .text          0x080076d8       0x5c c:/winarm/bin/../lib/gcc/arm-eabi/4.3.0/../../../../arm-eabi/lib\libc.a(lib_a-printf.o)
                0x080076d8                printf
                0x08007710                _printf_r
 .text          0x08007734       0x4c c:/winarm/bin/../lib/gcc/arm-eabi/4.3.0/../../../../arm-eabi/lib\libc.a(lib_a-putchar.o)
                0x08007734                putchar
                0x08007764                _putchar_r
 .text          0x08007780       0x8c c:/winarm/bin/../lib/gcc/arm-eabi/4.3.0/../../../../arm-eabi/lib\libc.a(lib_a-puts.o)
                0x08007780                _puts_r
                0x080077f8                puts
 .text          0x0800780c       0x9c c:/winarm/bin/../lib/gcc/arm-eabi/4.3.0/../../../../arm-eabi/lib\libc.a(lib_a-strlen.o)
                0x0800780c                strlen
 .text          0x080078a8     0x1e5c c:/winarm/bin/../lib/gcc/arm-eabi/4.3.0/../../../../arm-eabi/lib\libc.a(lib_a-vfprintf.o)
                0x080078dc                _vfprintf_r
                0x080096d8                vfprintf
 .text          0x08009704      0x14c c:/winarm/bin/../lib/gcc/arm-eabi/4.3.0/../../../../arm-eabi/lib\libc.a(lib_a-wsetup.o)
                0x08009704                __swsetup_r
 .text          0x08009850     0x1720 c:/winarm/bin/../lib/gcc/arm-eabi/4.3.0/../../../../arm-eabi/lib\libc.a(lib_a-dtoa.o)
                0x08009a50                _dtoa_r
 .text          0x0800af70      0x22c c:/winarm/bin/../lib/gcc/arm-eabi/4.3.0/../../../../arm-eabi/lib\libc.a(lib_a-fflush.o)
                0x0800b14c                fflush
                0x0800af70                _fflush_r
 .text          0x0800b19c      0x310 c:/winarm/bin/../lib/gcc/arm-eabi/4.3.0/../../../../arm-eabi/lib\libc.a(lib_a-findfp.o)
                0x0800b19c                __sinit
                0x0800b37c                __sfmoreglue
                0x0800b350                _cleanup
                0x0800b330                _cleanup_r
                0x0800b304                __fp_lock_all
                0x0800b2b8                __sfp_lock_acquire
                0x0800b3c8                __sfp
                0x0800b2c4                __sinit_lock_release
                0x0800b2d8                __fp_unlock_all
                0x0800b2bc                __sfp_lock_release
                0x0800b2c0                __sinit_lock_acquire
 .text          0x0800b4ac      0x380 c:/winarm/bin/../lib/gcc/arm-eabi/4.3.0/../../../../arm-eabi/lib\libc.a(lib_a-freer.o)
                0x0800b5b0                _free_r
                0x0800b4ac                _malloc_trim_r
 .text          0x0800b82c      0x480 c:/winarm/bin/../lib/gcc/arm-eabi/4.3.0/../../../../arm-eabi/lib\libc.a(lib_a-fvwrite.o)
                0x0800b82c                __sfvwrite_r
 .text          0x0800bcac      0x11c c:/winarm/bin/../lib/gcc/arm-eabi/4.3.0/../../../../arm-eabi/lib\libc.a(lib_a-fwalk.o)
                0x0800bd38                _fwalk
                0x0800bcac                _fwalk_reent
 .text          0x0800bdc8       0xa4 c:/winarm/bin/../lib/gcc/arm-eabi/4.3.0/../../../../arm-eabi/lib\libc.a(lib_a-locale.o)
                0x0800bdf0                _setlocale_r
                0x0800bdc8                __locale_charset
                0x0800bdd8                _localeconv_r
                0x0800be50                setlocale
                0x0800bde4                localeconv
 .text          0x0800be6c      0x16c c:/winarm/bin/../lib/gcc/arm-eabi/4.3.0/../../../../arm-eabi/lib\libc.a(lib_a-makebuf.o)
                0x0800be6c                __smakebuf_r
 .text          0x0800bfd8      0x730 c:/winarm/bin/../lib/gcc/arm-eabi/4.3.0/../../../../arm-eabi/lib\libc.a(lib_a-mallocr.o)
                0x0800bfd8                _malloc_r
 .text          0x0800c708      0x118 c:/winarm/bin/../lib/gcc/arm-eabi/4.3.0/../../../../arm-eabi/lib\libc.a(lib_a-memchr.o)
                0x0800c708                memchr
 .text          0x0800c820      0x144 c:/winarm/bin/../lib/gcc/arm-eabi/4.3.0/../../../../arm-eabi/lib\libc.a(lib_a-memmove.o)
                0x0800c820                memmove
 .text          0x0800c964        0x8 c:/winarm/bin/../lib/gcc/arm-eabi/4.3.0/../../../../arm-eabi/lib\libc.a(lib_a-mlock.o)
                0x0800c968                __malloc_unlock
                0x0800c964                __malloc_lock
 .text          0x0800c96c      0xe04 c:/winarm/bin/../lib/gcc/arm-eabi/4.3.0/../../../../arm-eabi/lib\libc.a(lib_a-mprec.o)
                0x0800cc7c                _mprec_log10
                0x0800cd60                __any_on
                0x0800ce04                _Balloc
                0x0800cbfc                __ratio
                0x0800d478                __i2b
                0x0800cb3c                __b2d
                0x0800d680                __s2b
                0x0800ca74                __mcmp
                0x0800c988                __hi0bits
                0x0800d584                __pow5mult
                0x0800d144                __lshift
                0x0800d27c                __multiply
                0x0800ce8c                __d2b
                0x0800ccd4                __copybits
                0x0800cadc                __ulp
                0x0800cfb0                __mdiff
                0x0800c9e0                __lo0bits
                0x0800d49c                __multadd
                0x0800c96c                _Bfree
 .text          0x0800d770      0x168 c:/winarm/bin/../lib/gcc/arm-eabi/4.3.0/../../../../arm-eabi/lib\libc.a(lib_a-putc.o)
                0x0800d82c                _putc_r
                0x0800d770                putc
 .text          0x0800d8d8      0x514 c:/winarm/bin/../lib/gcc/arm-eabi/4.3.0/../../../../arm-eabi/lib\libc.a(lib_a-reallocr.o)
                0x0800d8d8                _realloc_r
 .text          0x0800ddec       0x3c c:/winarm/bin/../lib/gcc/arm-eabi/4.3.0/../../../../arm-eabi/lib\libc.a(lib_a-s_isinfd.o)
                0x0800ddec                __isinfd
 .text          0x0800de28       0x30 c:/winarm/bin/../lib/gcc/arm-eabi/4.3.0/../../../../arm-eabi/lib\libc.a(lib_a-s_isnand.o)
                0x0800de28                __isnand
 .text          0x0800de58       0xe8 c:/winarm/bin/../lib/gcc/arm-eabi/4.3.0/../../../../arm-eabi/lib\libc.a(lib_a-stdio.o)
                0x0800de74                __sseek
                0x0800df0c                __sread
                0x0800de58                __sclose
                0x0800deac                __swrite
 .text          0x0800df40       0xe8 c:/winarm/bin/../lib/gcc/arm-eabi/4.3.0/../../../../arm-eabi/lib\libc.a(lib_a-strcmp.o)
                0x0800df40                strcmp
 .text          0x0800e028      0x134 c:/winarm/bin/../lib/gcc/arm-eabi/4.3.0/../../../../arm-eabi/lib\libc.a(lib_a-wbuf.o)
                0x0800e028                __swbuf_r
                0x0800e140                __swbuf
 .text          0x0800e15c       0x9c c:/winarm/bin/../lib/gcc/arm-eabi/4.3.0/../../../../arm-eabi/lib\libc.a(lib_a-callocr.o)
                0x0800e15c                _calloc_r
 .text          0x0800e1f8      0x118 c:/winarm/bin/../lib/gcc/arm-eabi/4.3.0/../../../../arm-eabi/lib\libc.a(lib_a-fclose.o)
                0x0800e1f8                _fclose_r
                0x0800e2fc                fclose
 .text          0x0800e310      0x114 c:/winarm/bin/../lib/gcc/arm-eabi/4.3.0\libgcc.a(_udivsi3.o)
                0x0800e310                __udivsi3
                0x0800e310                __aeabi_uidiv
                0x0800e40c                __aeabi_uidivmod
 .text          0x0800e424        0x4 c:/winarm/bin/../lib/gcc/arm-eabi/4.3.0\libgcc.a(_dvmd_tls.o)
                0x0800e424                __aeabi_ldiv0
                0x0800e424                __div0
                0x0800e424                __aeabi_idiv0
 *(.text.*)
 *(.rodata)
 .rodata        0x0800e428       0x68 APP/src/motion.o
                0x0800e428                AX12_ENABLED
                0x0800e442                SERVO_MAX_VALUES
                0x0800e48c                motion_pointer_pages
                0x0800e466                SERVO_MIN_VALUES
 .rodata        0x0800e490       0x2c APP/src/globaldata.o
                0x0800e490                AX12Servos
                0x0800e4aa                AX12_IDS
 .rodata        0x0800e4bc       0x14 stm32f10x_lib/libstm32.a(stm32f10x_rcc.o)
 .rodata        0x0800e4d0        0x4 c:/winarm/bin/../lib/gcc/arm-eabi/4.3.0/../../../../arm-eabi/lib\libc.a(lib_a-impure.o)
                0x0800e4d0                _global_impure_ptr
 .rodata        0x0800e4d4       0x20 c:/winarm/bin/../lib/gcc/arm-eabi/4.3.0/../../../../arm-eabi/lib\libc.a(lib_a-vfprintf.o)
 .rodata        0x0800e4f4       0x34 c:/winarm/bin/../lib/gcc/arm-eabi/4.3.0/../../../../arm-eabi/lib\libc.a(lib_a-locale.o)
 .rodata        0x0800e528      0x128 c:/winarm/bin/../lib/gcc/arm-eabi/4.3.0/../../../../arm-eabi/lib\libc.a(lib_a-mprec.o)
                0x0800e618                __mprec_tinytens
                0x0800e528                __mprec_tens
                0x0800e5f0                __mprec_bigtens
 *(.rodata*)
 .rodata.str1.1
                0x0800e650      0x25a APP/src/main.o
                                0x260 (size before relaxing)
 .rodata.str1.1
                0x0800e8aa      0x21b APP/src/serial.o
 .rodata.str1.1
                0x0800eac5      0x29e APP/src/motion.o
 .rodata.str1.1
                0x0800ed63       0x18 APP/src/walk.o
 *fill*         0x0800ed7b        0x1 00
 .rodata.str1.4
                0x0800ed7c        0x2 c:/winarm/bin/../lib/gcc/arm-eabi/4.3.0/../../../../arm-eabi/lib\libc.a(lib_a-impure.o)
                                  0x4 (size before relaxing)
 *fill*         0x0800ed7e        0x2 00
 .rodata.str1.4
                0x0800ed80        0x2 c:/winarm/bin/../lib/gcc/arm-eabi/4.3.0/../../../../arm-eabi/lib\libc.a(lib_a-puts.o)
                                  0x4 (size before relaxing)
 *fill*         0x0800ed82        0x2 00
 .rodata.str1.4
                0x0800ed84       0x5e c:/winarm/bin/../lib/gcc/arm-eabi/4.3.0/../../../../arm-eabi/lib\libc.a(lib_a-vfprintf.o)
                                 0x60 (size before relaxing)
 *fill*         0x0800ede2        0x2 00
 .rodata.str1.4
                0x0800ede4       0x10 c:/winarm/bin/../lib/gcc/arm-eabi/4.3.0/../../../../arm-eabi/lib\libc.a(lib_a-dtoa.o)
                                 0x14 (size before relaxing)
 .rodata.str1.4
                0x0800edf4       0x10 c:/winarm/bin/../lib/gcc/arm-eabi/4.3.0/../../../../arm-eabi/lib\libc.a(lib_a-locale.o)
                                 0x18 (size before relaxing)
 *(.glue_7)
 .glue_7        0x0800ee04        0x0 c:/winarm/bin/../lib/gcc/arm-eabi/4.3.0/crti.o
 .glue_7        0x0800ee04        0x0 c:/winarm/bin/../lib/gcc/arm-eabi/4.3.0/crtbegin.o
 .glue_7        0x0800ee04        0x0 c:/winarm/bin/../lib/gcc/arm-eabi/4.3.0/../../../../arm-eabi/lib/crt0.o
 .glue_7        0x0800ee04        0x0 APP/src/main.o
 .glue_7        0x0800ee04        0x0 APP/src/stm32f10x_it.o
 .glue_7        0x0800ee04        0x0 APP/src/Big_main.o
 .glue_7        0x0800ee04        0x0 APP/src/BioloidEx.o
 .glue_7        0x0800ee04        0x0 APP/src/serial.o
 .glue_7        0x0800ee04        0x0 APP/src/dynamixel.o
 .glue_7        0x0800ee04        0x0 APP/src/zigbee.o
 .glue_7        0x0800ee04        0x0 APP/src/motion.o
 .glue_7        0x0800ee04        0x0 APP/src/walk.o
 .glue_7        0x0800ee04        0x0 APP/src/globaldata.o
 .glue_7        0x0800ee04        0x0 CM530_HW/src/adc.o
 .glue_7        0x0800ee04        0x0 CM530_HW/src/button.o
 .glue_7        0x0800ee04        0x0 CM530_HW/src/led.o
 .glue_7        0x0800ee04        0x0 CM530_HW/src/mic.o
 .glue_7        0x0800ee04        0x0 CM530_HW/src/system_func.o
 .glue_7        0x0800ee04        0x0 CM530_HW/src/system_init.o
 .glue_7        0x0800ee04        0x0 CM530_HW/src/usart.o
 .glue_7        0x0800ee04        0x0 stm32f10x_lib/libstm32.a(stm32f10x_adc.o)
 .glue_7        0x0800ee04        0x0 stm32f10x_lib/libstm32.a(stm32f10x_flash.o)
 .glue_7        0x0800ee04        0x0 stm32f10x_lib/libstm32.a(stm32f10x_gpio.o)
 .glue_7        0x0800ee04        0x0 stm32f10x_lib/libstm32.a(stm32f10x_nvic.o)
 .glue_7        0x0800ee04        0x0 stm32f10x_lib/libstm32.a(stm32f10x_pwr.o)
 .glue_7        0x0800ee04        0x0 stm32f10x_lib/libstm32.a(stm32f10x_rcc.o)
 .glue_7        0x0800ee04        0x0 stm32f10x_lib/libstm32.a(stm32f10x_systick.o)
 .glue_7        0x0800ee04        0x0 stm32f10x_lib/libstm32.a(stm32f10x_usart.o)
 .glue_7        0x0800ee04        0x0 stm32f10x_lib/libstm32.a(cortexm3_macro.o)
 .glue_7        0x0800ee04        0x0 stm32f10x_lib/libstm32.a(stm32f10x_vector.o)
 .glue_7        0x0800ee04        0x0 c:/winarm/bin/../lib/gcc/arm-eabi/4.3.0/../../../../arm-eabi/lib\libc.a(lib_a-atexit.o)
 .glue_7        0x0800ee04        0x0 c:/winarm/bin/../lib/gcc/arm-eabi/4.3.0/../../../../arm-eabi/lib\libc.a(lib_a-exit.o)
 .glue_7        0x0800ee04        0x0 c:/winarm/bin/../lib/gcc/arm-eabi/4.3.0/../../../../arm-eabi/lib\libc.a(lib_a-impure.o)
 .glue_7        0x0800ee04        0x0 c:/winarm/bin/../lib/gcc/arm-eabi/4.3.0/../../../../arm-eabi/lib\libc.a(lib_a-init.o)
 .glue_7        0x0800ee04        0x0 c:/winarm/bin/../lib/gcc/arm-eabi/4.3.0/../../../../arm-eabi/lib\libc.a(lib_a-memcpy.o)
 .glue_7        0x0800ee04        0x0 c:/winarm/bin/../lib/gcc/arm-eabi/4.3.0/../../../../arm-eabi/lib\libc.a(lib_a-memset.o)
 .glue_7        0x0800ee04        0x0 c:/winarm/bin/../lib/gcc/arm-eabi/4.3.0/../../../../arm-eabi/lib\libc.a(lib_a-printf.o)
 .glue_7        0x0800ee04        0x0 c:/winarm/bin/../lib/gcc/arm-eabi/4.3.0/../../../../arm-eabi/lib\libc.a(lib_a-putchar.o)
 .glue_7        0x0800ee04        0x0 c:/winarm/bin/../lib/gcc/arm-eabi/4.3.0/../../../../arm-eabi/lib\libc.a(lib_a-puts.o)
 .glue_7        0x0800ee04        0x0 c:/winarm/bin/../lib/gcc/arm-eabi/4.3.0/../../../../arm-eabi/lib\libc.a(lib_a-strlen.o)
 .glue_7        0x0800ee04        0x0 c:/winarm/bin/../lib/gcc/arm-eabi/4.3.0/../../../../arm-eabi/lib\libc.a(lib_a-vfprintf.o)
 .glue_7        0x0800ee04        0x0 c:/winarm/bin/../lib/gcc/arm-eabi/4.3.0/../../../../arm-eabi/lib\libc.a(lib_a-wsetup.o)
 .glue_7        0x0800ee04        0x0 c:/winarm/bin/../lib/gcc/arm-eabi/4.3.0/../../../../arm-eabi/lib\libc.a(lib_a-__atexit.o)
 .glue_7        0x0800ee04        0x0 c:/winarm/bin/../lib/gcc/arm-eabi/4.3.0/../../../../arm-eabi/lib\libc.a(lib_a-__call_atexit.o)
 .glue_7        0x0800ee04        0x0 c:/winarm/bin/../lib/gcc/arm-eabi/4.3.0/../../../../arm-eabi/lib\libc.a(lib_a-dtoa.o)
 .glue_7        0x0800ee04        0x0 c:/winarm/bin/../lib/gcc/arm-eabi/4.3.0/../../../../arm-eabi/lib\libc.a(lib_a-fflush.o)
 .glue_7        0x0800ee04        0x0 c:/winarm/bin/../lib/gcc/arm-eabi/4.3.0/../../../../arm-eabi/lib\libc.a(lib_a-findfp.o)
 .glue_7        0x0800ee04        0x0 c:/winarm/bin/../lib/gcc/arm-eabi/4.3.0/../../../../arm-eabi/lib\libc.a(lib_a-freer.o)
 .glue_7        0x0800ee04        0x0 c:/winarm/bin/../lib/gcc/arm-eabi/4.3.0/../../../../arm-eabi/lib\libc.a(lib_a-fvwrite.o)
 .glue_7        0x0800ee04        0x0 c:/winarm/bin/../lib/gcc/arm-eabi/4.3.0/../../../../arm-eabi/lib\libc.a(lib_a-fwalk.o)
 .glue_7        0x0800ee04        0x0 c:/winarm/bin/../lib/gcc/arm-eabi/4.3.0/../../../../arm-eabi/lib\libc.a(lib_a-locale.o)
 .glue_7        0x0800ee04        0x0 c:/winarm/bin/../lib/gcc/arm-eabi/4.3.0/../../../../arm-eabi/lib\libc.a(lib_a-makebuf.o)
 .glue_7        0x0800ee04        0x0 c:/winarm/bin/../lib/gcc/arm-eabi/4.3.0/../../../../arm-eabi/lib\libc.a(lib_a-mallocr.o)
 .glue_7        0x0800ee04        0x0 c:/winarm/bin/../lib/gcc/arm-eabi/4.3.0/../../../../arm-eabi/lib\libc.a(lib_a-memchr.o)
 .glue_7        0x0800ee04        0x0 c:/winarm/bin/../lib/gcc/arm-eabi/4.3.0/../../../../arm-eabi/lib\libc.a(lib_a-memmove.o)
 .glue_7        0x0800ee04        0x0 c:/winarm/bin/../lib/gcc/arm-eabi/4.3.0/../../../../arm-eabi/lib\libc.a(lib_a-mlock.o)
 .glue_7        0x0800ee04        0x0 c:/winarm/bin/../lib/gcc/arm-eabi/4.3.0/../../../../arm-eabi/lib\libc.a(lib_a-mprec.o)
 .glue_7        0x0800ee04        0x0 c:/winarm/bin/../lib/gcc/arm-eabi/4.3.0/../../../../arm-eabi/lib\libc.a(lib_a-putc.o)
 .glue_7        0x0800ee04        0x0 c:/winarm/bin/../lib/gcc/arm-eabi/4.3.0/../../../../arm-eabi/lib\libc.a(lib_a-reallocr.o)
 .glue_7        0x0800ee04        0x0 c:/winarm/bin/../lib/gcc/arm-eabi/4.3.0/../../../../arm-eabi/lib\libc.a(lib_a-s_isinfd.o)
 .glue_7        0x0800ee04        0x0 c:/winarm/bin/../lib/gcc/arm-eabi/4.3.0/../../../../arm-eabi/lib\libc.a(lib_a-s_isnand.o)
 .glue_7        0x0800ee04        0x0 c:/winarm/bin/../lib/gcc/arm-eabi/4.3.0/../../../../arm-eabi/lib\libc.a(lib_a-stdio.o)
 .glue_7        0x0800ee04        0x0 c:/winarm/bin/../lib/gcc/arm-eabi/4.3.0/../../../../arm-eabi/lib\libc.a(lib_a-strcmp.o)
 .glue_7        0x0800ee04        0x0 c:/winarm/bin/../lib/gcc/arm-eabi/4.3.0/../../../../arm-eabi/lib\libc.a(lib_a-wbuf.o)
 .glue_7        0x0800ee04        0x0 c:/winarm/bin/../lib/gcc/arm-eabi/4.3.0/../../../../arm-eabi/lib\libc.a(lib_a-callocr.o)
 .glue_7        0x0800ee04        0x0 c:/winarm/bin/../lib/gcc/arm-eabi/4.3.0/../../../../arm-eabi/lib\libc.a(lib_a-fclose.o)
 .glue_7        0x0800ee04        0x0 c:/winarm/bin/../lib/gcc/arm-eabi/4.3.0\libgcc.a(_udivsi3.o)
 .glue_7        0x0800ee04        0x0 c:/winarm/bin/../lib/gcc/arm-eabi/4.3.0\libgcc.a(_dvmd_tls.o)
 .glue_7        0x0800ee04        0x0 c:/winarm/bin/../lib/gcc/arm-eabi/4.3.0/crtend.o
 .glue_7        0x0800ee04        0x0 c:/winarm/bin/../lib/gcc/arm-eabi/4.3.0/crtn.o
 *(.glue_7t)
 .glue_7t       0x0800ee04        0x0 c:/winarm/bin/../lib/gcc/arm-eabi/4.3.0/crti.o
 .glue_7t       0x0800ee04        0x0 c:/winarm/bin/../lib/gcc/arm-eabi/4.3.0/crtbegin.o
 .glue_7t       0x0800ee04        0x0 c:/winarm/bin/../lib/gcc/arm-eabi/4.3.0/../../../../arm-eabi/lib/crt0.o
 .glue_7t       0x0800ee04        0x0 APP/src/main.o
 .glue_7t       0x0800ee04        0x0 APP/src/stm32f10x_it.o
 .glue_7t       0x0800ee04        0x0 APP/src/Big_main.o
 .glue_7t       0x0800ee04        0x0 APP/src/BioloidEx.o
 .glue_7t       0x0800ee04        0x0 APP/src/serial.o
 .glue_7t       0x0800ee04        0x0 APP/src/dynamixel.o
 .glue_7t       0x0800ee04        0x0 APP/src/zigbee.o
 .glue_7t       0x0800ee04        0x0 APP/src/motion.o
 .glue_7t       0x0800ee04        0x0 APP/src/walk.o
 .glue_7t       0x0800ee04        0x0 APP/src/globaldata.o
 .glue_7t       0x0800ee04        0x0 CM530_HW/src/adc.o
 .glue_7t       0x0800ee04        0x0 CM530_HW/src/button.o
 .glue_7t       0x0800ee04        0x0 CM530_HW/src/led.o
 .glue_7t       0x0800ee04        0x0 CM530_HW/src/mic.o
 .glue_7t       0x0800ee04        0x0 CM530_HW/src/system_func.o
 .glue_7t       0x0800ee04        0x0 CM530_HW/src/system_init.o
 .glue_7t       0x0800ee04        0x0 CM530_HW/src/usart.o
 .glue_7t       0x0800ee04        0x0 stm32f10x_lib/libstm32.a(stm32f10x_adc.o)
 .glue_7t       0x0800ee04        0x0 stm32f10x_lib/libstm32.a(stm32f10x_flash.o)
 .glue_7t       0x0800ee04        0x0 stm32f10x_lib/libstm32.a(stm32f10x_gpio.o)
 .glue_7t       0x0800ee04        0x0 stm32f10x_lib/libstm32.a(stm32f10x_nvic.o)
 .glue_7t       0x0800ee04        0x0 stm32f10x_lib/libstm32.a(stm32f10x_pwr.o)
 .glue_7t       0x0800ee04        0x0 stm32f10x_lib/libstm32.a(stm32f10x_rcc.o)
 .glue_7t       0x0800ee04        0x0 stm32f10x_lib/libstm32.a(stm32f10x_systick.o)
 .glue_7t       0x0800ee04        0x0 stm32f10x_lib/libstm32.a(stm32f10x_usart.o)
 .glue_7t       0x0800ee04        0x0 stm32f10x_lib/libstm32.a(cortexm3_macro.o)
 .glue_7t       0x0800ee04        0x0 stm32f10x_lib/libstm32.a(stm32f10x_vector.o)
 .glue_7t       0x0800ee04        0x0 c:/winarm/bin/../lib/gcc/arm-eabi/4.3.0/../../../../arm-eabi/lib\libc.a(lib_a-atexit.o)
 .glue_7t       0x0800ee04        0x0 c:/winarm/bin/../lib/gcc/arm-eabi/4.3.0/../../../../arm-eabi/lib\libc.a(lib_a-exit.o)
 .glue_7t       0x0800ee04        0x0 c:/winarm/bin/../lib/gcc/arm-eabi/4.3.0/../../../../arm-eabi/lib\libc.a(lib_a-impure.o)
 .glue_7t       0x0800ee04        0x0 c:/winarm/bin/../lib/gcc/arm-eabi/4.3.0/../../../../arm-eabi/lib\libc.a(lib_a-init.o)
 .glue_7t       0x0800ee04        0x0 c:/winarm/bin/../lib/gcc/arm-eabi/4.3.0/../../../../arm-eabi/lib\libc.a(lib_a-memcpy.o)
 .glue_7t       0x0800ee04        0x0 c:/winarm/bin/../lib/gcc/arm-eabi/4.3.0/../../../../arm-eabi/lib\libc.a(lib_a-memset.o)
 .glue_7t       0x0800ee04        0x0 c:/winarm/bin/../lib/gcc/arm-eabi/4.3.0/../../../../arm-eabi/lib\libc.a(lib_a-printf.o)
 .glue_7t       0x0800ee04        0x0 c:/winarm/bin/../lib/gcc/arm-eabi/4.3.0/../../../../arm-eabi/lib\libc.a(lib_a-putchar.o)
 .glue_7t       0x0800ee04        0x0 c:/winarm/bin/../lib/gcc/arm-eabi/4.3.0/../../../../arm-eabi/lib\libc.a(lib_a-puts.o)
 .glue_7t       0x0800ee04        0x0 c:/winarm/bin/../lib/gcc/arm-eabi/4.3.0/../../../../arm-eabi/lib\libc.a(lib_a-strlen.o)
 .glue_7t       0x0800ee04        0x0 c:/winarm/bin/../lib/gcc/arm-eabi/4.3.0/../../../../arm-eabi/lib\libc.a(lib_a-vfprintf.o)
 .glue_7t       0x0800ee04        0x0 c:/winarm/bin/../lib/gcc/arm-eabi/4.3.0/../../../../arm-eabi/lib\libc.a(lib_a-wsetup.o)
 .glue_7t       0x0800ee04        0x0 c:/winarm/bin/../lib/gcc/arm-eabi/4.3.0/../../../../arm-eabi/lib\libc.a(lib_a-__atexit.o)
 .glue_7t       0x0800ee04        0x0 c:/winarm/bin/../lib/gcc/arm-eabi/4.3.0/../../../../arm-eabi/lib\libc.a(lib_a-__call_atexit.o)
 .glue_7t       0x0800ee04        0x0 c:/winarm/bin/../lib/gcc/arm-eabi/4.3.0/../../../../arm-eabi/lib\libc.a(lib_a-dtoa.o)
 .glue_7t       0x0800ee04        0x0 c:/winarm/bin/../lib/gcc/arm-eabi/4.3.0/../../../../arm-eabi/lib\libc.a(lib_a-fflush.o)
 .glue_7t       0x0800ee04        0x0 c:/winarm/bin/../lib/gcc/arm-eabi/4.3.0/../../../../arm-eabi/lib\libc.a(lib_a-findfp.o)
 .glue_7t       0x0800ee04        0x0 c:/winarm/bin/../lib/gcc/arm-eabi/4.3.0/../../../../arm-eabi/lib\libc.a(lib_a-freer.o)
 .glue_7t       0x0800ee04        0x0 c:/winarm/bin/../lib/gcc/arm-eabi/4.3.0/../../../../arm-eabi/lib\libc.a(lib_a-fvwrite.o)
 .glue_7t       0x0800ee04        0x0 c:/winarm/bin/../lib/gcc/arm-eabi/4.3.0/../../../../arm-eabi/lib\libc.a(lib_a-fwalk.o)
 .glue_7t       0x0800ee04        0x0 c:/winarm/bin/../lib/gcc/arm-eabi/4.3.0/../../../../arm-eabi/lib\libc.a(lib_a-locale.o)
 .glue_7t       0x0800ee04        0x0 c:/winarm/bin/../lib/gcc/arm-eabi/4.3.0/../../../../arm-eabi/lib\libc.a(lib_a-makebuf.o)
 .glue_7t       0x0800ee04        0x0 c:/winarm/bin/../lib/gcc/arm-eabi/4.3.0/../../../../arm-eabi/lib\libc.a(lib_a-mallocr.o)
 .glue_7t       0x0800ee04        0x0 c:/winarm/bin/../lib/gcc/arm-eabi/4.3.0/../../../../arm-eabi/lib\libc.a(lib_a-memchr.o)
 .glue_7t       0x0800ee04        0x0 c:/winarm/bin/../lib/gcc/arm-eabi/4.3.0/../../../../arm-eabi/lib\libc.a(lib_a-memmove.o)
 .glue_7t       0x0800ee04        0x0 c:/winarm/bin/../lib/gcc/arm-eabi/4.3.0/../../../../arm-eabi/lib\libc.a(lib_a-mlock.o)
 .glue_7t       0x0800ee04        0x0 c:/winarm/bin/../lib/gcc/arm-eabi/4.3.0/../../../../arm-eabi/lib\libc.a(lib_a-mprec.o)
 .glue_7t       0x0800ee04        0x0 c:/winarm/bin/../lib/gcc/arm-eabi/4.3.0/../../../../arm-eabi/lib\libc.a(lib_a-putc.o)
 .glue_7t       0x0800ee04        0x0 c:/winarm/bin/../lib/gcc/arm-eabi/4.3.0/../../../../arm-eabi/lib\libc.a(lib_a-reallocr.o)
 .glue_7t       0x0800ee04        0x0 c:/winarm/bin/../lib/gcc/arm-eabi/4.3.0/../../../../arm-eabi/lib\libc.a(lib_a-s_isinfd.o)
 .glue_7t       0x0800ee04        0x0 c:/winarm/bin/../lib/gcc/arm-eabi/4.3.0/../../../../arm-eabi/lib\libc.a(lib_a-s_isnand.o)
 .glue_7t       0x0800ee04        0x0 c:/winarm/bin/../lib/gcc/arm-eabi/4.3.0/../../../../arm-eabi/lib\libc.a(lib_a-stdio.o)
 .glue_7t       0x0800ee04        0x0 c:/winarm/bin/../lib/gcc/arm-eabi/4.3.0/../../../../arm-eabi/lib\libc.a(lib_a-strcmp.o)
 .glue_7t       0x0800ee04        0x0 c:/winarm/bin/../lib/gcc/arm-eabi/4.3.0/../../../../arm-eabi/lib\libc.a(lib_a-wbuf.o)
 .glue_7t       0x0800ee04        0x0 c:/winarm/bin/../lib/gcc/arm-eabi/4.3.0/../../../../arm-eabi/lib\libc.a(lib_a-callocr.o)
 .glue_7t       0x0800ee04        0x0 c:/winarm/bin/../lib/gcc/arm-eabi/4.3.0/../../../../arm-eabi/lib\libc.a(lib_a-fclose.o)
 .glue_7t       0x0800ee04        0x0 c:/winarm/bin/../lib/gcc/arm-eabi/4.3.0\libgcc.a(_udivsi3.o)
 .glue_7t       0x0800ee04        0x0 c:/winarm/bin/../lib/gcc/arm-eabi/4.3.0\libgcc.a(_dvmd_tls.o)
 .glue_7t       0x0800ee04        0x0 c:/winarm/bin/../lib/gcc/arm-eabi/4.3.0/crtend.o
 .glue_7t       0x0800ee04        0x0 c:/winarm/bin/../lib/gcc/arm-eabi/4.3.0/crtn.o
                0x0800ee04                . = ALIGN (0x4)
                0x0800ee04                _etext = .
                0x0800ee04                _sidata = _etext

.vfp11_veneer   0x20000000        0x0
 .vfp11_veneer  0x20000000        0x0 c:/winarm/bin/../lib/gcc/arm-eabi/4.3.0/crti.o
 .vfp11_veneer  0x20000000        0x0 c:/winarm/bin/../lib/gcc/arm-eabi/4.3.0/crtbegin.o
 .vfp11_veneer  0x20000000        0x0 c:/winarm/bin/../lib/gcc/arm-eabi/4.3.0/../../../../arm-eabi/lib/crt0.o
 .vfp11_veneer  0x20000000        0x0 APP/src/main.o
 .vfp11_veneer  0x20000000        0x0 APP/src/stm32f10x_it.o
 .vfp11_veneer  0x20000000        0x0 APP/src/Big_main.o
 .vfp11_veneer  0x20000000        0x0 APP/src/BioloidEx.o
 .vfp11_veneer  0x20000000        0x0 APP/src/serial.o
 .vfp11_veneer  0x20000000        0x0 APP/src/dynamixel.o
 .vfp11_veneer  0x20000000        0x0 APP/src/zigbee.o
 .vfp11_veneer  0x20000000        0x0 APP/src/motion.o
 .vfp11_veneer  0x20000000        0x0 APP/src/walk.o
 .vfp11_veneer  0x20000000        0x0 APP/src/globaldata.o
 .vfp11_veneer  0x20000000        0x0 CM530_HW/src/adc.o
 .vfp11_veneer  0x20000000        0x0 CM530_HW/src/button.o
 .vfp11_veneer  0x20000000        0x0 CM530_HW/src/led.o
 .vfp11_veneer  0x20000000        0x0 CM530_HW/src/mic.o
 .vfp11_veneer  0x20000000        0x0 CM530_HW/src/system_func.o
 .vfp11_veneer  0x20000000        0x0 CM530_HW/src/system_init.o
 .vfp11_veneer  0x20000000        0x0 CM530_HW/src/usart.o
 .vfp11_veneer  0x20000000        0x0 stm32f10x_lib/libstm32.a(stm32f10x_adc.o)
 .vfp11_veneer  0x20000000        0x0 stm32f10x_lib/libstm32.a(stm32f10x_flash.o)
 .vfp11_veneer  0x20000000        0x0 stm32f10x_lib/libstm32.a(stm32f10x_gpio.o)
 .vfp11_veneer  0x20000000        0x0 stm32f10x_lib/libstm32.a(stm32f10x_nvic.o)
 .vfp11_veneer  0x20000000        0x0 stm32f10x_lib/libstm32.a(stm32f10x_pwr.o)
 .vfp11_veneer  0x20000000        0x0 stm32f10x_lib/libstm32.a(stm32f10x_rcc.o)
 .vfp11_veneer  0x20000000        0x0 stm32f10x_lib/libstm32.a(stm32f10x_systick.o)
 .vfp11_veneer  0x20000000        0x0 stm32f10x_lib/libstm32.a(stm32f10x_usart.o)
 .vfp11_veneer  0x20000000        0x0 stm32f10x_lib/libstm32.a(cortexm3_macro.o)
 .vfp11_veneer  0x20000000        0x0 stm32f10x_lib/libstm32.a(stm32f10x_vector.o)
 .vfp11_veneer  0x20000000        0x0 c:/winarm/bin/../lib/gcc/arm-eabi/4.3.0/../../../../arm-eabi/lib\libc.a(lib_a-atexit.o)
 .vfp11_veneer  0x20000000        0x0 c:/winarm/bin/../lib/gcc/arm-eabi/4.3.0/../../../../arm-eabi/lib\libc.a(lib_a-exit.o)
 .vfp11_veneer  0x20000000        0x0 c:/winarm/bin/../lib/gcc/arm-eabi/4.3.0/../../../../arm-eabi/lib\libc.a(lib_a-impure.o)
 .vfp11_veneer  0x20000000        0x0 c:/winarm/bin/../lib/gcc/arm-eabi/4.3.0/../../../../arm-eabi/lib\libc.a(lib_a-init.o)
 .vfp11_veneer  0x20000000        0x0 c:/winarm/bin/../lib/gcc/arm-eabi/4.3.0/../../../../arm-eabi/lib\libc.a(lib_a-memcpy.o)
 .vfp11_veneer  0x20000000        0x0 c:/winarm/bin/../lib/gcc/arm-eabi/4.3.0/../../../../arm-eabi/lib\libc.a(lib_a-memset.o)
 .vfp11_veneer  0x20000000        0x0 c:/winarm/bin/../lib/gcc/arm-eabi/4.3.0/../../../../arm-eabi/lib\libc.a(lib_a-printf.o)
 .vfp11_veneer  0x20000000        0x0 c:/winarm/bin/../lib/gcc/arm-eabi/4.3.0/../../../../arm-eabi/lib\libc.a(lib_a-putchar.o)
 .vfp11_veneer  0x20000000        0x0 c:/winarm/bin/../lib/gcc/arm-eabi/4.3.0/../../../../arm-eabi/lib\libc.a(lib_a-puts.o)
 .vfp11_veneer  0x20000000        0x0 c:/winarm/bin/../lib/gcc/arm-eabi/4.3.0/../../../../arm-eabi/lib\libc.a(lib_a-strlen.o)
 .vfp11_veneer  0x20000000        0x0 c:/winarm/bin/../lib/gcc/arm-eabi/4.3.0/../../../../arm-eabi/lib\libc.a(lib_a-vfprintf.o)
 .vfp11_veneer  0x20000000        0x0 c:/winarm/bin/../lib/gcc/arm-eabi/4.3.0/../../../../arm-eabi/lib\libc.a(lib_a-wsetup.o)
 .vfp11_veneer  0x20000000        0x0 c:/winarm/bin/../lib/gcc/arm-eabi/4.3.0/../../../../arm-eabi/lib\libc.a(lib_a-__atexit.o)
 .vfp11_veneer  0x20000000        0x0 c:/winarm/bin/../lib/gcc/arm-eabi/4.3.0/../../../../arm-eabi/lib\libc.a(lib_a-__call_atexit.o)
 .vfp11_veneer  0x20000000        0x0 c:/winarm/bin/../lib/gcc/arm-eabi/4.3.0/../../../../arm-eabi/lib\libc.a(lib_a-dtoa.o)
 .vfp11_veneer  0x20000000        0x0 c:/winarm/bin/../lib/gcc/arm-eabi/4.3.0/../../../../arm-eabi/lib\libc.a(lib_a-fflush.o)
 .vfp11_veneer  0x20000000        0x0 c:/winarm/bin/../lib/gcc/arm-eabi/4.3.0/../../../../arm-eabi/lib\libc.a(lib_a-findfp.o)
 .vfp11_veneer  0x20000000        0x0 c:/winarm/bin/../lib/gcc/arm-eabi/4.3.0/../../../../arm-eabi/lib\libc.a(lib_a-freer.o)
 .vfp11_veneer  0x20000000        0x0 c:/winarm/bin/../lib/gcc/arm-eabi/4.3.0/../../../../arm-eabi/lib\libc.a(lib_a-fvwrite.o)
 .vfp11_veneer  0x20000000        0x0 c:/winarm/bin/../lib/gcc/arm-eabi/4.3.0/../../../../arm-eabi/lib\libc.a(lib_a-fwalk.o)
 .vfp11_veneer  0x20000000        0x0 c:/winarm/bin/../lib/gcc/arm-eabi/4.3.0/../../../../arm-eabi/lib\libc.a(lib_a-locale.o)
 .vfp11_veneer  0x20000000        0x0 c:/winarm/bin/../lib/gcc/arm-eabi/4.3.0/../../../../arm-eabi/lib\libc.a(lib_a-makebuf.o)
 .vfp11_veneer  0x20000000        0x0 c:/winarm/bin/../lib/gcc/arm-eabi/4.3.0/../../../../arm-eabi/lib\libc.a(lib_a-mallocr.o)
 .vfp11_veneer  0x20000000        0x0 c:/winarm/bin/../lib/gcc/arm-eabi/4.3.0/../../../../arm-eabi/lib\libc.a(lib_a-memchr.o)
 .vfp11_veneer  0x20000000        0x0 c:/winarm/bin/../lib/gcc/arm-eabi/4.3.0/../../../../arm-eabi/lib\libc.a(lib_a-memmove.o)
 .vfp11_veneer  0x20000000        0x0 c:/winarm/bin/../lib/gcc/arm-eabi/4.3.0/../../../../arm-eabi/lib\libc.a(lib_a-mlock.o)
 .vfp11_veneer  0x20000000        0x0 c:/winarm/bin/../lib/gcc/arm-eabi/4.3.0/../../../../arm-eabi/lib\libc.a(lib_a-mprec.o)
 .vfp11_veneer  0x20000000        0x0 c:/winarm/bin/../lib/gcc/arm-eabi/4.3.0/../../../../arm-eabi/lib\libc.a(lib_a-putc.o)
 .vfp11_veneer  0x20000000        0x0 c:/winarm/bin/../lib/gcc/arm-eabi/4.3.0/../../../../arm-eabi/lib\libc.a(lib_a-reallocr.o)
 .vfp11_veneer  0x20000000        0x0 c:/winarm/bin/../lib/gcc/arm-eabi/4.3.0/../../../../arm-eabi/lib\libc.a(lib_a-s_isinfd.o)
 .vfp11_veneer  0x20000000        0x0 c:/winarm/bin/../lib/gcc/arm-eabi/4.3.0/../../../../arm-eabi/lib\libc.a(lib_a-s_isnand.o)
 .vfp11_veneer  0x20000000        0x0 c:/winarm/bin/../lib/gcc/arm-eabi/4.3.0/../../../../arm-eabi/lib\libc.a(lib_a-stdio.o)
 .vfp11_veneer  0x20000000        0x0 c:/winarm/bin/../lib/gcc/arm-eabi/4.3.0/../../../../arm-eabi/lib\libc.a(lib_a-strcmp.o)
 .vfp11_veneer  0x20000000        0x0 c:/winarm/bin/../lib/gcc/arm-eabi/4.3.0/../../../../arm-eabi/lib\libc.a(lib_a-wbuf.o)
 .vfp11_veneer  0x20000000        0x0 c:/winarm/bin/../lib/gcc/arm-eabi/4.3.0/../../../../arm-eabi/lib\libc.a(lib_a-callocr.o)
 .vfp11_veneer  0x20000000        0x0 c:/winarm/bin/../lib/gcc/arm-eabi/4.3.0/../../../../arm-eabi/lib\libc.a(lib_a-fclose.o)
 .vfp11_veneer  0x20000000        0x0 c:/winarm/bin/../lib/gcc/arm-eabi/4.3.0\libgcc.a(_udivsi3.o)
 .vfp11_veneer  0x20000000        0x0 c:/winarm/bin/../lib/gcc/arm-eabi/4.3.0\libgcc.a(_dvmd_tls.o)
 .vfp11_veneer  0x20000000        0x0 c:/winarm/bin/../lib/gcc/arm-eabi/4.3.0/crtend.o
 .vfp11_veneer  0x20000000        0x0 c:/winarm/bin/../lib/gcc/arm-eabi/4.3.0/crtn.o

.v4_bx          0x20000000        0x0
 .v4_bx         0x20000000        0x0 c:/winarm/bin/../lib/gcc/arm-eabi/4.3.0/crti.o
 .v4_bx         0x20000000        0x0 c:/winarm/bin/../lib/gcc/arm-eabi/4.3.0/crtbegin.o
 .v4_bx         0x20000000        0x0 c:/winarm/bin/../lib/gcc/arm-eabi/4.3.0/../../../../arm-eabi/lib/crt0.o
 .v4_bx         0x20000000        0x0 APP/src/main.o
 .v4_bx         0x20000000        0x0 APP/src/stm32f10x_it.o
 .v4_bx         0x20000000        0x0 APP/src/Big_main.o
 .v4_bx         0x20000000        0x0 APP/src/BioloidEx.o
 .v4_bx         0x20000000        0x0 APP/src/serial.o
 .v4_bx         0x20000000        0x0 APP/src/dynamixel.o
 .v4_bx         0x20000000        0x0 APP/src/zigbee.o
 .v4_bx         0x20000000        0x0 APP/src/motion.o
 .v4_bx         0x20000000        0x0 APP/src/walk.o
 .v4_bx         0x20000000        0x0 APP/src/globaldata.o
 .v4_bx         0x20000000        0x0 CM530_HW/src/adc.o
 .v4_bx         0x20000000        0x0 CM530_HW/src/button.o
 .v4_bx         0x20000000        0x0 CM530_HW/src/led.o
 .v4_bx         0x20000000        0x0 CM530_HW/src/mic.o
 .v4_bx         0x20000000        0x0 CM530_HW/src/system_func.o
 .v4_bx         0x20000000        0x0 CM530_HW/src/system_init.o
 .v4_bx         0x20000000        0x0 CM530_HW/src/usart.o
 .v4_bx         0x20000000        0x0 stm32f10x_lib/libstm32.a(stm32f10x_adc.o)
 .v4_bx         0x20000000        0x0 stm32f10x_lib/libstm32.a(stm32f10x_flash.o)
 .v4_bx         0x20000000        0x0 stm32f10x_lib/libstm32.a(stm32f10x_gpio.o)
 .v4_bx         0x20000000        0x0 stm32f10x_lib/libstm32.a(stm32f10x_nvic.o)
 .v4_bx         0x20000000        0x0 stm32f10x_lib/libstm32.a(stm32f10x_pwr.o)
 .v4_bx         0x20000000        0x0 stm32f10x_lib/libstm32.a(stm32f10x_rcc.o)
 .v4_bx         0x20000000        0x0 stm32f10x_lib/libstm32.a(stm32f10x_systick.o)
 .v4_bx         0x20000000        0x0 stm32f10x_lib/libstm32.a(stm32f10x_usart.o)
 .v4_bx         0x20000000        0x0 stm32f10x_lib/libstm32.a(cortexm3_macro.o)
 .v4_bx         0x20000000        0x0 stm32f10x_lib/libstm32.a(stm32f10x_vector.o)
 .v4_bx         0x20000000        0x0 c:/winarm/bin/../lib/gcc/arm-eabi/4.3.0/../../../../arm-eabi/lib\libc.a(lib_a-atexit.o)
 .v4_bx         0x20000000        0x0 c:/winarm/bin/../lib/gcc/arm-eabi/4.3.0/../../../../arm-eabi/lib\libc.a(lib_a-exit.o)
 .v4_bx         0x20000000        0x0 c:/winarm/bin/../lib/gcc/arm-eabi/4.3.0/../../../../arm-eabi/lib\libc.a(lib_a-impure.o)
 .v4_bx         0x20000000        0x0 c:/winarm/bin/../lib/gcc/arm-eabi/4.3.0/../../../../arm-eabi/lib\libc.a(lib_a-init.o)
 .v4_bx         0x20000000        0x0 c:/winarm/bin/../lib/gcc/arm-eabi/4.3.0/../../../../arm-eabi/lib\libc.a(lib_a-memcpy.o)
 .v4_bx         0x20000000        0x0 c:/winarm/bin/../lib/gcc/arm-eabi/4.3.0/../../../../arm-eabi/lib\libc.a(lib_a-memset.o)
 .v4_bx         0x20000000        0x0 c:/winarm/bin/../lib/gcc/arm-eabi/4.3.0/../../../../arm-eabi/lib\libc.a(lib_a-printf.o)
 .v4_bx         0x20000000        0x0 c:/winarm/bin/../lib/gcc/arm-eabi/4.3.0/../../../../arm-eabi/lib\libc.a(lib_a-putchar.o)
 .v4_bx         0x20000000        0x0 c:/winarm/bin/../lib/gcc/arm-eabi/4.3.0/../../../../arm-eabi/lib\libc.a(lib_a-puts.o)
 .v4_bx         0x20000000        0x0 c:/winarm/bin/../lib/gcc/arm-eabi/4.3.0/../../../../arm-eabi/lib\libc.a(lib_a-strlen.o)
 .v4_bx         0x20000000        0x0 c:/winarm/bin/../lib/gcc/arm-eabi/4.3.0/../../../../arm-eabi/lib\libc.a(lib_a-vfprintf.o)
 .v4_bx         0x20000000        0x0 c:/winarm/bin/../lib/gcc/arm-eabi/4.3.0/../../../../arm-eabi/lib\libc.a(lib_a-wsetup.o)
 .v4_bx         0x20000000        0x0 c:/winarm/bin/../lib/gcc/arm-eabi/4.3.0/../../../../arm-eabi/lib\libc.a(lib_a-__atexit.o)
 .v4_bx         0x20000000        0x0 c:/winarm/bin/../lib/gcc/arm-eabi/4.3.0/../../../../arm-eabi/lib\libc.a(lib_a-__call_atexit.o)
 .v4_bx         0x20000000        0x0 c:/winarm/bin/../lib/gcc/arm-eabi/4.3.0/../../../../arm-eabi/lib\libc.a(lib_a-dtoa.o)
 .v4_bx         0x20000000        0x0 c:/winarm/bin/../lib/gcc/arm-eabi/4.3.0/../../../../arm-eabi/lib\libc.a(lib_a-fflush.o)
 .v4_bx         0x20000000        0x0 c:/winarm/bin/../lib/gcc/arm-eabi/4.3.0/../../../../arm-eabi/lib\libc.a(lib_a-findfp.o)
 .v4_bx         0x20000000        0x0 c:/winarm/bin/../lib/gcc/arm-eabi/4.3.0/../../../../arm-eabi/lib\libc.a(lib_a-freer.o)
 .v4_bx         0x20000000        0x0 c:/winarm/bin/../lib/gcc/arm-eabi/4.3.0/../../../../arm-eabi/lib\libc.a(lib_a-fvwrite.o)
 .v4_bx         0x20000000        0x0 c:/winarm/bin/../lib/gcc/arm-eabi/4.3.0/../../../../arm-eabi/lib\libc.a(lib_a-fwalk.o)
 .v4_bx         0x20000000        0x0 c:/winarm/bin/../lib/gcc/arm-eabi/4.3.0/../../../../arm-eabi/lib\libc.a(lib_a-locale.o)
 .v4_bx         0x20000000        0x0 c:/winarm/bin/../lib/gcc/arm-eabi/4.3.0/../../../../arm-eabi/lib\libc.a(lib_a-makebuf.o)
 .v4_bx         0x20000000        0x0 c:/winarm/bin/../lib/gcc/arm-eabi/4.3.0/../../../../arm-eabi/lib\libc.a(lib_a-mallocr.o)
 .v4_bx         0x20000000        0x0 c:/winarm/bin/../lib/gcc/arm-eabi/4.3.0/../../../../arm-eabi/lib\libc.a(lib_a-memchr.o)
 .v4_bx         0x20000000        0x0 c:/winarm/bin/../lib/gcc/arm-eabi/4.3.0/../../../../arm-eabi/lib\libc.a(lib_a-memmove.o)
 .v4_bx         0x20000000        0x0 c:/winarm/bin/../lib/gcc/arm-eabi/4.3.0/../../../../arm-eabi/lib\libc.a(lib_a-mlock.o)
 .v4_bx         0x20000000        0x0 c:/winarm/bin/../lib/gcc/arm-eabi/4.3.0/../../../../arm-eabi/lib\libc.a(lib_a-mprec.o)
 .v4_bx         0x20000000        0x0 c:/winarm/bin/../lib/gcc/arm-eabi/4.3.0/../../../../arm-eabi/lib\libc.a(lib_a-putc.o)
 .v4_bx         0x20000000        0x0 c:/winarm/bin/../lib/gcc/arm-eabi/4.3.0/../../../../arm-eabi/lib\libc.a(lib_a-reallocr.o)
 .v4_bx         0x20000000        0x0 c:/winarm/bin/../lib/gcc/arm-eabi/4.3.0/../../../../arm-eabi/lib\libc.a(lib_a-s_isinfd.o)
 .v4_bx         0x20000000        0x0 c:/winarm/bin/../lib/gcc/arm-eabi/4.3.0/../../../../arm-eabi/lib\libc.a(lib_a-s_isnand.o)
 .v4_bx         0x20000000        0x0 c:/winarm/bin/../lib/gcc/arm-eabi/4.3.0/../../../../arm-eabi/lib\libc.a(lib_a-stdio.o)
 .v4_bx         0x20000000        0x0 c:/winarm/bin/../lib/gcc/arm-eabi/4.3.0/../../../../arm-eabi/lib\libc.a(lib_a-strcmp.o)
 .v4_bx         0x20000000        0x0 c:/winarm/bin/../lib/gcc/arm-eabi/4.3.0/../../../../arm-eabi/lib\libc.a(lib_a-wbuf.o)
 .v4_bx         0x20000000        0x0 c:/winarm/bin/../lib/gcc/arm-eabi/4.3.0/../../../../arm-eabi/lib\libc.a(lib_a-callocr.o)
 .v4_bx         0x20000000        0x0 c:/winarm/bin/../lib/gcc/arm-eabi/4.3.0/../../../../arm-eabi/lib\libc.a(lib_a-fclose.o)
 .v4_bx         0x20000000        0x0 c:/winarm/bin/../lib/gcc/arm-eabi/4.3.0\libgcc.a(_udivsi3.o)
 .v4_bx         0x20000000        0x0 c:/winarm/bin/../lib/gcc/arm-eabi/4.3.0\libgcc.a(_dvmd_tls.o)
 .v4_bx         0x20000000        0x0 c:/winarm/bin/../lib/gcc/arm-eabi/4.3.0/crtend.o
 .v4_bx         0x20000000        0x0 c:/winarm/bin/../lib/gcc/arm-eabi/4.3.0/crtn.o

.data           0x20000000      0x8f0 load address 0x0800ee04
                0x20000000                . = ALIGN (0x4)
                0x20000000                _sdata = .
 *(.data)
 .data          0x20000000        0x2 APP/src/dynamixel.o
                0x20000000                gbCommStatus
 *fill*         0x20000002        0x2 00
 .data          0x20000004       0x60 CM530_HW/src/adc.o
                0x20000004                EasyEPort
 .data          0x20000064       0x30 CM530_HW/src/button.o
                0x20000064                EasyButton
 .data          0x20000094       0x38 CM530_HW/src/led.o
                0x20000094                EasyLED
 .data          0x200000cc        0xc CM530_HW/src/usart.o
                0x200000d4                Baudrate_PCU
                0x200000d0                Baudrate_ZIG
                0x200000cc                Baudrate_DXL
 .data          0x200000d8      0x408 c:/winarm/bin/../lib/gcc/arm-eabi/4.3.0/../../../../arm-eabi/lib\libc.a(lib_a-impure.o)
                0x200000d8                _impure_ptr
 .data          0x200004e0      0x410 c:/winarm/bin/../lib/gcc/arm-eabi/4.3.0/../../../../arm-eabi/lib\libc.a(lib_a-mallocr.o)
                0x200008ec                __malloc_sbrk_base
                0x200004e0                __malloc_av_
                0x200008e8                __malloc_trim_threshold
 *(.data.*)
                0x200008f0                . = ALIGN (0x4)
                0x200008f0                _edata = .

.bss            0x200008f0     0x141c load address 0x0800f6f4
                0x200008f0                . = ALIGN (0x4)
                0x200008f0                _sbss = .
 *(.bss)
 .bss           0x200008f0      0x404 APP/src/serial.o
 .bss           0x20000cf4       0xf3 APP/src/dynamixel.o
                0x20000cf4                gbInstructionPacket
                0x20000de4                gbRxPacketLength
                0x20000de5                gbRxGetLength
                0x20000de6                giBusUsing
                0x20000d94                gbStatusPacket
 *fill*         0x20000de7        0x1 00
 .bss           0x20000de8       0x1c APP/src/zigbee.o
                0x20000df9                gbRcvPacketNum
                0x20000dfe                right_H
                0x20000dfd                right_V
                0x20000dfc                gbRcvFlag
                0x20000dfa                gwRcvData
                0x20000dff                left_V
                0x20000dea                gbRcvPacket
                0x20000df0                gbRcvPacketArduino
                0x20000e01                buttons_
                0x20000e00                left_H
                0x20000e02                extra
 .bss           0x20000e04      0x560 APP/src/motion.o
                0x20000e14                step_finish_time
                0x20000e04                motion_state
                0x20000e0d                exit_flag
                0x20000e0c                repeat_counter
                0x20001234                CurrentMotion
                0x20000e10                step_start_time
                0x20000e1c                current_motion_start_time
                0x20000e34                motion_pointer
                0x20000e20                last_joint_flex
                0x20000e18                block_time
                0x20000e08                pause_start_time
 .bss           0x20001364        0x2 APP/src/walk.o
 *fill*         0x20001366        0x2 00
 .bss           0x20001368      0x100 APP/src/globaldata.o
                0x20001456                motion_servos_moving
                0x20001389                last_bioloid_command
                0x200013d8                motion_step_servos_moving
                0x20001386                adc_dms_distance
                0x2000138b                flag_receive_ready
                0x200013b0                buzzerSequence
                0x20001388                bioloid_command
                0x20001390                pid_input
                0x200013b4                current_pose
                0x20001368                buzzerFinished
                0x2000138d                current_motion_page
                0x200013a8                pid_unscaled_output
                0x2000137a                adc_gyroy_center
                0x20001382                adc_accely_center
                0x20001384                adc_ultrasonic_distance
                0x200013a0                pid_setpoint
                0x20001380                adc_accelx_center
                0x2000136a                adc_sensor_val
                0x20001378                adc_gyrox_center
                0x2000137c                adc_accelx
                0x2000138c                major_alarm
                0x2000138f                current_step
                0x2000138e                next_motion_page
                0x20001398                pid_output
                0x2000138a                new_command
                0x2000137e                adc_accely
                0x20001376                adc_battery_val
 .bss           0x20001468       0x20 CM530_HW/src/system_func.o
                0x20001484                msMillis
                0x20001468                glDelayCounter
                0x2000146c                glCountdownCounter
                0x20001478                glBuzzerCounter
                0x20001474                glPcuTimeoutCounter
                0x2000147c                gbCounterCount
                0x20001480                Millis
                0x20001470                glDxlTimeoutCounter
 .bss           0x20001488        0x1 CM530_HW/src/system_init.o
 *fill*         0x20001489        0x1 00
 .bss           0x2000148a      0x84e CM530_HW/src/usart.o
 .bss           0x20001cd8       0x34 c:/winarm/bin/../lib/gcc/arm-eabi/4.3.0/../../../../arm-eabi/lib\libc.a(lib_a-mallocr.o)
                0x20001cd8                __malloc_top_pad
                0x20001cdc                __malloc_max_sbrked_mem
                0x20001ce4                __malloc_current_mallinfo
                0x20001ce0                __malloc_max_total_mem
 *(COMMON)
                0x20001d0c                . = ALIGN (0x4)
                0x20001d0c                _ebss = .
                0x20001d0c                PROVIDE (end, _ebss)
                0x20001d0c                PROVIDE (_end, _ebss)

._usrstack      0x20001d0c      0x100 load address 0x08010b10
                0x20001d0c                . = ALIGN (0x4)
                0x20001d0c                _susrstack = .
                0x20001e0c                . = (. + _Minimum_Stack_Size)
 *fill*         0x20001d0c      0x100 00
                0x20001e0c                . = ALIGN (0x4)
                0x20001e0c                _eusrstack = .

.b1text
 *(.b1text)
 *(.b1rodata)
 *(.b1rodata*)

.eb0text
 *(.eb0text)
 *(.eb0rodata)
 *(.eb0rodata*)

.eb1text
 *(.eb1text)
 *(.eb1rodata)
 *(.eb1rodata*)

.eb2text
 *(.eb2text)
 *(.eb2rodata)
 *(.eb2rodata*)

.eb3text
 *(.eb3text)
 *(.eb3rodata)
 *(.eb3rodata*)
                0x20001e0c                __exidx_start = .
                0x20001e0c                __exidx_end = .

/DISCARD/
 libc.a(*)
 libm.a(*)
 libgcc.a(*)

.stab
 *(.stab)

.stabstr
 *(.stabstr)

.stab.excl
 *(.stab.excl)

.stab.exclstr
 *(.stab.exclstr)

.stab.index
 *(.stab.index)

.stab.indexstr
 *(.stab.indexstr)

.comment        0x00000000      0x800
 *(.comment)
 .comment       0x00000000       0x20 c:/winarm/bin/../lib/gcc/arm-eabi/4.3.0/crtbegin.o
 .comment       0x00000020       0x20 APP/src/main.o
 .comment       0x00000040       0x20 APP/src/stm32f10x_it.o
 .comment       0x00000060       0x20 APP/src/Big_main.o
 .comment       0x00000080       0x20 APP/src/BioloidEx.o
 .comment       0x000000a0       0x20 APP/src/serial.o
 .comment       0x000000c0       0x20 APP/src/dynamixel.o
 .comment       0x000000e0       0x20 APP/src/zigbee.o
 .comment       0x00000100       0x20 APP/src/motion.o
 .comment       0x00000120       0x20 APP/src/walk.o
 .comment       0x00000140       0x20 APP/src/globaldata.o
 .comment       0x00000160       0x20 CM530_HW/src/adc.o
 .comment       0x00000180       0x20 CM530_HW/src/button.o
 .comment       0x000001a0       0x20 CM530_HW/src/led.o
 .comment       0x000001c0       0x20 CM530_HW/src/mic.o
 .comment       0x000001e0       0x20 CM530_HW/src/system_func.o
 .comment       0x00000200       0x20 CM530_HW/src/system_init.o
 .comment       0x00000220       0x20 CM530_HW/src/usart.o
 .comment       0x00000240       0x20 stm32f10x_lib/libstm32.a(stm32f10x_adc.o)
 .comment       0x00000260       0x20 stm32f10x_lib/libstm32.a(stm32f10x_flash.o)
 .comment       0x00000280       0x20 stm32f10x_lib/libstm32.a(stm32f10x_gpio.o)
 .comment       0x000002a0       0x20 stm32f10x_lib/libstm32.a(stm32f10x_nvic.o)
 .comment       0x000002c0       0x20 stm32f10x_lib/libstm32.a(stm32f10x_pwr.o)
 .comment       0x000002e0       0x20 stm32f10x_lib/libstm32.a(stm32f10x_rcc.o)
 .comment       0x00000300       0x20 stm32f10x_lib/libstm32.a(stm32f10x_systick.o)
 .comment       0x00000320       0x20 stm32f10x_lib/libstm32.a(stm32f10x_usart.o)
 .comment       0x00000340       0x20 stm32f10x_lib/libstm32.a(stm32f10x_vector.o)
 .comment       0x00000360       0x20 c:/winarm/bin/../lib/gcc/arm-eabi/4.3.0/../../../../arm-eabi/lib\libc.a(lib_a-atexit.o)
 .comment       0x00000380       0x20 c:/winarm/bin/../lib/gcc/arm-eabi/4.3.0/../../../../arm-eabi/lib\libc.a(lib_a-exit.o)
 .comment       0x000003a0       0x20 c:/winarm/bin/../lib/gcc/arm-eabi/4.3.0/../../../../arm-eabi/lib\libc.a(lib_a-impure.o)
 .comment       0x000003c0       0x20 c:/winarm/bin/../lib/gcc/arm-eabi/4.3.0/../../../../arm-eabi/lib\libc.a(lib_a-init.o)
 .comment       0x000003e0       0x20 c:/winarm/bin/../lib/gcc/arm-eabi/4.3.0/../../../../arm-eabi/lib\libc.a(lib_a-memcpy.o)
 .comment       0x00000400       0x20 c:/winarm/bin/../lib/gcc/arm-eabi/4.3.0/../../../../arm-eabi/lib\libc.a(lib_a-memset.o)
 .comment       0x00000420       0x20 c:/winarm/bin/../lib/gcc/arm-eabi/4.3.0/../../../../arm-eabi/lib\libc.a(lib_a-printf.o)
 .comment       0x00000440       0x20 c:/winarm/bin/../lib/gcc/arm-eabi/4.3.0/../../../../arm-eabi/lib\libc.a(lib_a-putchar.o)
 .comment       0x00000460       0x20 c:/winarm/bin/../lib/gcc/arm-eabi/4.3.0/../../../../arm-eabi/lib\libc.a(lib_a-puts.o)
 .comment       0x00000480       0x20 c:/winarm/bin/../lib/gcc/arm-eabi/4.3.0/../../../../arm-eabi/lib\libc.a(lib_a-strlen.o)
 .comment       0x000004a0       0x20 c:/winarm/bin/../lib/gcc/arm-eabi/4.3.0/../../../../arm-eabi/lib\libc.a(lib_a-vfprintf.o)
 .comment       0x000004c0       0x20 c:/winarm/bin/../lib/gcc/arm-eabi/4.3.0/../../../../arm-eabi/lib\libc.a(lib_a-wsetup.o)
 .comment       0x000004e0       0x20 c:/winarm/bin/../lib/gcc/arm-eabi/4.3.0/../../../../arm-eabi/lib\libc.a(lib_a-__atexit.o)
 .comment       0x00000500       0x20 c:/winarm/bin/../lib/gcc/arm-eabi/4.3.0/../../../../arm-eabi/lib\libc.a(lib_a-__call_atexit.o)
 .comment       0x00000520       0x20 c:/winarm/bin/../lib/gcc/arm-eabi/4.3.0/../../../../arm-eabi/lib\libc.a(lib_a-dtoa.o)
 .comment       0x00000540       0x20 c:/winarm/bin/../lib/gcc/arm-eabi/4.3.0/../../../../arm-eabi/lib\libc.a(lib_a-fflush.o)
 .comment       0x00000560       0x20 c:/winarm/bin/../lib/gcc/arm-eabi/4.3.0/../../../../arm-eabi/lib\libc.a(lib_a-findfp.o)
 .comment       0x00000580       0x20 c:/winarm/bin/../lib/gcc/arm-eabi/4.3.0/../../../../arm-eabi/lib\libc.a(lib_a-freer.o)
 .comment       0x000005a0       0x20 c:/winarm/bin/../lib/gcc/arm-eabi/4.3.0/../../../../arm-eabi/lib\libc.a(lib_a-fvwrite.o)
 .comment       0x000005c0       0x20 c:/winarm/bin/../lib/gcc/arm-eabi/4.3.0/../../../../arm-eabi/lib\libc.a(lib_a-fwalk.o)
 .comment       0x000005e0       0x20 c:/winarm/bin/../lib/gcc/arm-eabi/4.3.0/../../../../arm-eabi/lib\libc.a(lib_a-locale.o)
 .comment       0x00000600       0x20 c:/winarm/bin/../lib/gcc/arm-eabi/4.3.0/../../../../arm-eabi/lib\libc.a(lib_a-makebuf.o)
 .comment       0x00000620       0x20 c:/winarm/bin/../lib/gcc/arm-eabi/4.3.0/../../../../arm-eabi/lib\libc.a(lib_a-mallocr.o)
 .comment       0x00000640       0x20 c:/winarm/bin/../lib/gcc/arm-eabi/4.3.0/../../../../arm-eabi/lib\libc.a(lib_a-memchr.o)
 .comment       0x00000660       0x20 c:/winarm/bin/../lib/gcc/arm-eabi/4.3.0/../../../../arm-eabi/lib\libc.a(lib_a-memmove.o)
 .comment       0x00000680       0x20 c:/winarm/bin/../lib/gcc/arm-eabi/4.3.0/../../../../arm-eabi/lib\libc.a(lib_a-mlock.o)
 .comment       0x000006a0       0x20 c:/winarm/bin/../lib/gcc/arm-eabi/4.3.0/../../../../arm-eabi/lib\libc.a(lib_a-mprec.o)
 .comment       0x000006c0       0x20 c:/winarm/bin/../lib/gcc/arm-eabi/4.3.0/../../../../arm-eabi/lib\libc.a(lib_a-putc.o)
 .comment       0x000006e0       0x20 c:/winarm/bin/../lib/gcc/arm-eabi/4.3.0/../../../../arm-eabi/lib\libc.a(lib_a-reallocr.o)
 .comment       0x00000700       0x20 c:/winarm/bin/../lib/gcc/arm-eabi/4.3.0/../../../../arm-eabi/lib\libc.a(lib_a-s_isinfd.o)
 .comment       0x00000720       0x20 c:/winarm/bin/../lib/gcc/arm-eabi/4.3.0/../../../../arm-eabi/lib\libc.a(lib_a-s_isnand.o)
 .comment       0x00000740       0x20 c:/winarm/bin/../lib/gcc/arm-eabi/4.3.0/../../../../arm-eabi/lib\libc.a(lib_a-stdio.o)
 .comment       0x00000760       0x20 c:/winarm/bin/../lib/gcc/arm-eabi/4.3.0/../../../../arm-eabi/lib\libc.a(lib_a-strcmp.o)
 .comment       0x00000780       0x20 c:/winarm/bin/../lib/gcc/arm-eabi/4.3.0/../../../../arm-eabi/lib\libc.a(lib_a-wbuf.o)
 .comment       0x000007a0       0x20 c:/winarm/bin/../lib/gcc/arm-eabi/4.3.0/../../../../arm-eabi/lib\libc.a(lib_a-callocr.o)
 .comment       0x000007c0       0x20 c:/winarm/bin/../lib/gcc/arm-eabi/4.3.0/../../../../arm-eabi/lib\libc.a(lib_a-fclose.o)
 .comment       0x000007e0       0x20 c:/winarm/bin/../lib/gcc/arm-eabi/4.3.0/crtend.o

.debug
 *(.debug)

.line
 *(.line)

.debug_srcinfo
 *(.debug_srcinfo)

.debug_sfnames
 *(.debug_sfnames)

.debug_aranges  0x00000000      0x850
 *(.debug_aranges)
 .debug_aranges
                0x00000000       0x28 c:/winarm/bin/../lib/gcc/arm-eabi/4.3.0/crti.o
 .debug_aranges
                0x00000028       0x20 c:/winarm/bin/../lib/gcc/arm-eabi/4.3.0/../../../../arm-eabi/lib/crt0.o
 .debug_aranges
                0x00000048       0x20 APP/src/main.o
 .debug_aranges
                0x00000068       0x20 APP/src/stm32f10x_it.o
 .debug_aranges
                0x00000088       0x20 APP/src/Big_main.o
 .debug_aranges
                0x000000a8       0x20 APP/src/BioloidEx.o
 .debug_aranges
                0x000000c8       0x20 APP/src/serial.o
 .debug_aranges
                0x000000e8       0x20 APP/src/dynamixel.o
 .debug_aranges
                0x00000108       0x20 APP/src/zigbee.o
 .debug_aranges
                0x00000128       0x20 APP/src/motion.o
 .debug_aranges
                0x00000148       0x20 APP/src/walk.o
 .debug_aranges
                0x00000168       0x20 CM530_HW/src/adc.o
 .debug_aranges
                0x00000188       0x20 CM530_HW/src/button.o
 .debug_aranges
                0x000001a8       0x20 CM530_HW/src/led.o
 .debug_aranges
                0x000001c8       0x20 CM530_HW/src/mic.o
 .debug_aranges
                0x000001e8       0x20 CM530_HW/src/system_func.o
 .debug_aranges
                0x00000208       0x20 CM530_HW/src/system_init.o
 .debug_aranges
                0x00000228       0x20 CM530_HW/src/usart.o
 .debug_aranges
                0x00000248       0x20 stm32f10x_lib/libstm32.a(stm32f10x_adc.o)
 .debug_aranges
                0x00000268       0x20 stm32f10x_lib/libstm32.a(stm32f10x_flash.o)
 .debug_aranges
                0x00000288       0x20 stm32f10x_lib/libstm32.a(stm32f10x_gpio.o)
 .debug_aranges
                0x000002a8       0x20 stm32f10x_lib/libstm32.a(stm32f10x_nvic.o)
 .debug_aranges
                0x000002c8       0x20 stm32f10x_lib/libstm32.a(stm32f10x_pwr.o)
 .debug_aranges
                0x000002e8       0x20 stm32f10x_lib/libstm32.a(stm32f10x_rcc.o)
 .debug_aranges
                0x00000308       0x20 stm32f10x_lib/libstm32.a(stm32f10x_systick.o)
 .debug_aranges
                0x00000328       0x20 stm32f10x_lib/libstm32.a(stm32f10x_usart.o)
 .debug_aranges
                0x00000348       0x20 stm32f10x_lib/libstm32.a(cortexm3_macro.o)
 .debug_aranges
                0x00000368       0x20 stm32f10x_lib/libstm32.a(stm32f10x_vector.o)
 .debug_aranges
                0x00000388       0x20 c:/winarm/bin/../lib/gcc/arm-eabi/4.3.0/../../../../arm-eabi/lib\libc.a(lib_a-atexit.o)
 .debug_aranges
                0x000003a8       0x20 c:/winarm/bin/../lib/gcc/arm-eabi/4.3.0/../../../../arm-eabi/lib\libc.a(lib_a-exit.o)
 .debug_aranges
                0x000003c8       0x20 c:/winarm/bin/../lib/gcc/arm-eabi/4.3.0/../../../../arm-eabi/lib\libc.a(lib_a-init.o)
 .debug_aranges
                0x000003e8       0x20 c:/winarm/bin/../lib/gcc/arm-eabi/4.3.0/../../../../arm-eabi/lib\libc.a(lib_a-memcpy.o)
 .debug_aranges
                0x00000408       0x20 c:/winarm/bin/../lib/gcc/arm-eabi/4.3.0/../../../../arm-eabi/lib\libc.a(lib_a-memset.o)
 .debug_aranges
                0x00000428       0x20 c:/winarm/bin/../lib/gcc/arm-eabi/4.3.0/../../../../arm-eabi/lib\libc.a(lib_a-printf.o)
 .debug_aranges
                0x00000448       0x20 c:/winarm/bin/../lib/gcc/arm-eabi/4.3.0/../../../../arm-eabi/lib\libc.a(lib_a-putchar.o)
 .debug_aranges
                0x00000468       0x20 c:/winarm/bin/../lib/gcc/arm-eabi/4.3.0/../../../../arm-eabi/lib\libc.a(lib_a-puts.o)
 .debug_aranges
                0x00000488       0x20 c:/winarm/bin/../lib/gcc/arm-eabi/4.3.0/../../../../arm-eabi/lib\libc.a(lib_a-strlen.o)
 .debug_aranges
                0x000004a8       0x20 c:/winarm/bin/../lib/gcc/arm-eabi/4.3.0/../../../../arm-eabi/lib\libc.a(lib_a-vfprintf.o)
 .debug_aranges
                0x000004c8       0x20 c:/winarm/bin/../lib/gcc/arm-eabi/4.3.0/../../../../arm-eabi/lib\libc.a(lib_a-wsetup.o)
 .debug_aranges
                0x000004e8       0x20 c:/winarm/bin/../lib/gcc/arm-eabi/4.3.0/../../../../arm-eabi/lib\libc.a(lib_a-__atexit.o)
 .debug_aranges
                0x00000508       0x20 c:/winarm/bin/../lib/gcc/arm-eabi/4.3.0/../../../../arm-eabi/lib\libc.a(lib_a-__call_atexit.o)
 .debug_aranges
                0x00000528       0x20 c:/winarm/bin/../lib/gcc/arm-eabi/4.3.0/../../../../arm-eabi/lib\libc.a(lib_a-dtoa.o)
 .debug_aranges
                0x00000548       0x20 c:/winarm/bin/../lib/gcc/arm-eabi/4.3.0/../../../../arm-eabi/lib\libc.a(lib_a-fflush.o)
 .debug_aranges
                0x00000568       0x20 c:/winarm/bin/../lib/gcc/arm-eabi/4.3.0/../../../../arm-eabi/lib\libc.a(lib_a-findfp.o)
 .debug_aranges
                0x00000588       0x20 c:/winarm/bin/../lib/gcc/arm-eabi/4.3.0/../../../../arm-eabi/lib\libc.a(lib_a-freer.o)
 .debug_aranges
                0x000005a8       0x20 c:/winarm/bin/../lib/gcc/arm-eabi/4.3.0/../../../../arm-eabi/lib\libc.a(lib_a-fvwrite.o)
 .debug_aranges