Archive member included because of file (symbol)

stm32f10x_lib/libstm32.a(stm32f10x_adc.o)
                              CM530_HW/src/system_init.o (ADC_Init)
stm32f10x_lib/libstm32.a(stm32f10x_flash.o)
                              CM530_HW/src/system_init.o (FLASH_SetLatency)
stm32f10x_lib/libstm32.a(stm32f10x_gpio.o)
                              CM530_HW/src/system_init.o (GPIO_Init)
stm32f10x_lib/libstm32.a(stm32f10x_nvic.o)
                              CM530_HW/src/system_init.o (NVIC_PriorityGroupConfig)
stm32f10x_lib/libstm32.a(stm32f10x_pwr.o)
                              CM530_HW/src/system_init.o (PWR_BackupAccessCmd)
stm32f10x_lib/libstm32.a(stm32f10x_rcc.o)
                              CM530_HW/src/system_init.o (RCC_DeInit)
stm32f10x_lib/libstm32.a(stm32f10x_systick.o)
                              CM530_HW/src/system_init.o (SysTick_SetReload)
stm32f10x_lib/libstm32.a(stm32f10x_usart.o)
                              CM530_HW/src/usart.o (USART_StructInit)
stm32f10x_lib/libstm32.a(cortexm3_macro.o)
                              stm32f10x_lib/libstm32.a(stm32f10x_pwr.o) (__WFI)
stm32f10x_lib/libstm32.a(stm32f10x_vector.o)
                              (Reset_Handler)
c:/winarm/bin/../lib/gcc/arm-eabi/4.3.0/../../../../arm-eabi/lib\libc.a(lib_a-atexit.o)
                              c:/winarm/bin/../lib/gcc/arm-eabi/4.3.0/../../../../arm-eabi/lib/crt0.o (atexit)
c:/winarm/bin/../lib/gcc/arm-eabi/4.3.0/../../../../arm-eabi/lib\libc.a(lib_a-exit.o)
                              c:/winarm/bin/../lib/gcc/arm-eabi/4.3.0/../../../../arm-eabi/lib/crt0.o (exit)
c:/winarm/bin/../lib/gcc/arm-eabi/4.3.0/../../../../arm-eabi/lib\libc.a(lib_a-impure.o)
                              c:/winarm/bin/../lib/gcc/arm-eabi/4.3.0/../../../../arm-eabi/lib\libc.a(lib_a-exit.o) (_global_impure_ptr)
c:/winarm/bin/../lib/gcc/arm-eabi/4.3.0/../../../../arm-eabi/lib\libc.a(lib_a-init.o)
                              c:/winarm/bin/../lib/gcc/arm-eabi/4.3.0/../../../../arm-eabi/lib/crt0.o (__libc_fini_array)
c:/winarm/bin/../lib/gcc/arm-eabi/4.3.0/../../../../arm-eabi/lib\libc.a(lib_a-memcpy.o)
                              APP/src/Big_main.o (memcpy)
c:/winarm/bin/../lib/gcc/arm-eabi/4.3.0/../../../../arm-eabi/lib\libc.a(lib_a-memset.o)
                              c:/winarm/bin/../lib/gcc/arm-eabi/4.3.0/../../../../arm-eabi/lib/crt0.o (memset)
c:/winarm/bin/../lib/gcc/arm-eabi/4.3.0/../../../../arm-eabi/lib\libc.a(lib_a-__atexit.o)
                              c:/winarm/bin/../lib/gcc/arm-eabi/4.3.0/../../../../arm-eabi/lib\libc.a(lib_a-atexit.o) (__register_exitproc)
c:/winarm/bin/../lib/gcc/arm-eabi/4.3.0/../../../../arm-eabi/lib\libc.a(lib_a-__call_atexit.o)
                              c:/winarm/bin/../lib/gcc/arm-eabi/4.3.0/../../../../arm-eabi/lib\libc.a(lib_a-exit.o) (__call_exitprocs)

Discarded input sections

 .text          0x00000000        0x0 c:/winarm/bin/../lib/gcc/arm-eabi/4.3.0/crti.o
 .data          0x00000000        0x0 c:/winarm/bin/../lib/gcc/arm-eabi/4.3.0/crti.o
 .bss           0x00000000        0x0 c:/winarm/bin/../lib/gcc/arm-eabi/4.3.0/crti.o
 .init          0x00000000        0x0 c:/winarm/bin/../lib/gcc/arm-eabi/4.3.0/crti.o
 .fini          0x00000000        0x0 c:/winarm/bin/../lib/gcc/arm-eabi/4.3.0/crti.o
 .text          0x00000000        0x0 c:/winarm/bin/../lib/gcc/arm-eabi/4.3.0/crtbegin.o
 .data          0x00000000        0x0 c:/winarm/bin/../lib/gcc/arm-eabi/4.3.0/crtbegin.o
 .bss           0x00000000        0x0 c:/winarm/bin/../lib/gcc/arm-eabi/4.3.0/crtbegin.o
 .init_array    0x00000000        0x0 c:/winarm/bin/../lib/gcc/arm-eabi/4.3.0/crtbegin.o
 .fini_array    0x00000000        0x0 c:/winarm/bin/../lib/gcc/arm-eabi/4.3.0/crtbegin.o
 .eh_frame      0x00000000        0x0 c:/winarm/bin/../lib/gcc/arm-eabi/4.3.0/crtbegin.o
 .jcr           0x00000000        0x0 c:/winarm/bin/../lib/gcc/arm-eabi/4.3.0/crtbegin.o
 .text          0x00000000        0x0 c:/winarm/bin/../lib/gcc/arm-eabi/4.3.0/../../../../arm-eabi/lib/crt0.o
 .data          0x00000000        0x0 c:/winarm/bin/../lib/gcc/arm-eabi/4.3.0/../../../../arm-eabi/lib/crt0.o
 .bss           0x00000000        0x0 c:/winarm/bin/../lib/gcc/arm-eabi/4.3.0/../../../../arm-eabi/lib/crt0.o
 .ARM.extab     0x00000000        0x0 c:/winarm/bin/../lib/gcc/arm-eabi/4.3.0/../../../../arm-eabi/lib/crt0.o
 .ARM.exidx     0x00000000        0x0 c:/winarm/bin/../lib/gcc/arm-eabi/4.3.0/../../../../arm-eabi/lib/crt0.o
 .data          0x00000000        0x0 APP/src/main.o
 .bss           0x00000000        0x0 APP/src/main.o
 .data          0x00000000        0x0 APP/src/stm32f10x_it.o
 .bss           0x00000000        0x0 APP/src/stm32f10x_it.o
 .text          0x00000000        0x0 APP/src/Big_main.o
 .data          0x00000000        0x0 APP/src/Big_main.o
 .bss           0x00000000        0x0 APP/src/Big_main.o
 .rodata        0x00000000        0x0 APP/src/Big_main.o
 .text          0x00000000        0x0 APP/src/BioloidEx.o
[...]
Memory Configuration

Name             Origin             Length             Attributes
RAM              0x20000000         0x00010000         xrw
FLASH            0x08003000         0x0007d000         xr
FLASHB1          0x00000000         0x00000000         xr
EXTMEMB0         0x00000000         0x00000000         xr
EXTMEMB1         0x00000000         0x00000000         xr
EXTMEMB2         0x00000000         0x00000000         xr
EXTMEMB3         0x00000000         0x00000000         xr
*default*        0x00000000         0xffffffff

Linker script and memory map

LOAD c:/winarm/bin/../lib/gcc/arm-eabi/4.3.0/crti.o
LOAD c:/winarm/bin/../lib/gcc/arm-eabi/4.3.0/crtbegin.o
LOAD c:/winarm/bin/../lib/gcc/arm-eabi/4.3.0/../../../../arm-eabi/lib/crt0.o
LOAD APP/src/main.o
LOAD APP/src/stm32f10x_it.o
LOAD APP/src/Big_main.o
LOAD APP/src/BioloidEx.o
LOAD APP/src/serial.o
LOAD APP/src/dynamixel.o
LOAD APP/src/zigbee.o
LOAD CM530_HW/src/adc.o
LOAD CM530_HW/src/button.o
LOAD CM530_HW/src/led.o
LOAD CM530_HW/src/mic.o
LOAD CM530_HW/src/system_func.o
LOAD CM530_HW/src/system_init.o
LOAD CM530_HW/src/usart.o
LOAD stm32f10x_lib/libstm32.a
START GROUP
LOAD c:/winarm/bin/../lib/gcc/arm-eabi/4.3.0\libgcc.a
LOAD c:/winarm/bin/../lib/gcc/arm-eabi/4.3.0/../../../../arm-eabi/lib\libc.a
END GROUP
LOAD c:/winarm/bin/../lib/gcc/arm-eabi/4.3.0/crtend.o
LOAD c:/winarm/bin/../lib/gcc/arm-eabi/4.3.0/crtn.o
                0x00000400                __Stack_Size = 0x400
                0x00000400                PROVIDE (_Stack_Size, __Stack_Size)
                0x2000fc00                __Stack_Init = (_estack - __Stack_Size)
                0x2000fc00                PROVIDE (_Stack_Init, __Stack_Init)
                0x00000100                _Minimum_Stack_Size = 0x100
                0x00000000                PROVIDE (Undefined_Handler, 0x0)
                0x00000000                PROVIDE (SWI_Handler, 0x0)
                0x00000000                PROVIDE (IRQ_Handler, 0x0)
                0x00000000                PROVIDE (Prefetch_Handler, 0x0)
                0x00000000                PROVIDE (Abort_Handler, 0x0)
                0x00000000                PROVIDE (FIQ_Handler, 0x0)
                0x00000000                PROVIDE (NMIException, 0x0)
                0x00000000                PROVIDE (HardFaultException, 0x0)
                0x00000000                PROVIDE (MemManageException, 0x0)
                0x00000000                PROVIDE (BusFaultException, 0x0)
                0x00000000                PROVIDE (UsageFaultException, 0x0)
                0x00000000                PROVIDE (SVCHandler, 0x0)
                0x00000000                PROVIDE (DebugMonitor, 0x0)
                0x00000000                PROVIDE (PendSVC, 0x0)
                0x00000000                PROVIDE (SysTickHandler, 0x0)
                0x00000000                PROVIDE (WWDG_IRQHandler, 0x0)
                0x00000000                PROVIDE (PVD_IRQHandler, 0x0)
                0x00000000                PROVIDE (TAMPER_IRQHandler, 0x0)
                0x00000000                PROVIDE (RTC_IRQHandler, 0x0)
                0x00000000                PROVIDE (FLASH_IRQHandler, 0x0)
                0x00000000                PROVIDE (RCC_IRQHandler, 0x0)
                0x00000000                PROVIDE (EXTI0_IRQHandler, 0x0)
                0x00000000                PROVIDE (EXTI1_IRQHandler, 0x0)
                0x00000000                PROVIDE (EXTI2_IRQHandler, 0x0)
                0x00000000                PROVIDE (EXTI3_IRQHandler, 0x0)
                0x00000000                PROVIDE (EXTI4_IRQHandler, 0x0)
                0x00000000                PROVIDE (DMAChannel1_IRQHandler, 0x0)
                0x00000000                PROVIDE (DMAChannel2_IRQHandler, 0x0)
                0x00000000                PROVIDE (DMAChannel3_IRQHandler, 0x0)
                0x00000000                PROVIDE (DMAChannel4_IRQHandler, 0x0)
                0x00000000                PROVIDE (DMAChannel5_IRQHandler, 0x0)
                0x00000000                PROVIDE (DMAChannel6_IRQHandler, 0x0)
                0x00000000                PROVIDE (DMAChannel7_IRQHandler, 0x0)
                0x00000000                PROVIDE (ADC_IRQHandler, 0x0)
                0x00000000                PROVIDE (USB_HP_CAN_TX_IRQHandler, 0x0)
                0x00000000                PROVIDE (USB_LP_CAN_RX0_IRQHandler, 0x0)
                0x00000000                PROVIDE (CAN_RX1_IRQHandler, 0x0)
                0x00000000                PROVIDE (CAN_SCE_IRQHandler, 0x0)
                0x00000000                PROVIDE (EXTI9_5_IRQHandler, 0x0)
                0x00000000                PROVIDE (TIM1_BRK_IRQHandler, 0x0)
                0x00000000                PROVIDE (TIM1_UP_IRQHandler, 0x0)
                0x00000000                PROVIDE (TIM1_TRG_COM_IRQHandler, 0x0)
                0x00000000                PROVIDE (TIM1_CC_IRQHandler, 0x0)
                0x00000000                PROVIDE (TIM2_IRQHandler, 0x0)
                0x00000000                PROVIDE (TIM3_IRQHandler, 0x0)
                0x00000000                PROVIDE (TIM4_IRQHandler, 0x0)
                0x00000000                PROVIDE (I2C1_EV_IRQHandler, 0x0)
                0x00000000                PROVIDE (I2C1_ER_IRQHandler, 0x0)
                0x00000000                PROVIDE (I2C2_EV_IRQHandler, 0x0)
                0x00000000                PROVIDE (I2C2_ER_IRQHandler, 0x0)
                0x00000000                PROVIDE (SPI1_IRQHandler, 0x0)
                0x00000000                PROVIDE (SPI2_IRQHandler, 0x0)
                0x00000000                PROVIDE (USART1_IRQHandler, 0x0)
                0x00000000                PROVIDE (USART2_IRQHandler, 0x0)
                0x00000000                PROVIDE (USART3_IRQHandler, 0x0)
                0x00000000                PROVIDE (EXTI15_10_IRQHandler, 0x0)
                0x00000000                PROVIDE (RTCAlarm_IRQHandler, 0x0)
                0x00000000                PROVIDE (USBWakeUp_IRQHandler, 0x0)
                0x42000000                PERIPH_BB_BASE = 0x42000000
                0x22000000                SRAM_BB_BASE = 0x22000000
                0x20000000                SRAM_BASE = 0x20000000
                0x40000000                PERIPH_BASE = 0x40000000
                0x40022000                PROVIDE (FLASH_BASE, 0x40022000)
                0x1ffff800                PROVIDE (OB_BASE, 0x1ffff800)
                0x40000000                APB1PERIPH_BASE = PERIPH_BASE
                0x40010000                APB2PERIPH_BASE = (PERIPH_BASE + 0x10000)
                0x40020000                AHBPERIPH_BASE = (PERIPH_BASE + 0x20000)
                0x40000000                PROVIDE (TIM2, (APB1PERIPH_BASE + 0x0))
                0x40000400                PROVIDE (TIM3, (APB1PERIPH_BASE + 0x400))
                0x40000800                PROVIDE (TIM4, (APB1PERIPH_BASE + 0x800))
                0x40002800                PROVIDE (RTC, (APB1PERIPH_BASE + 0x2800))
                0x40002c00                PROVIDE (WWDG, (APB1PERIPH_BASE + 0x2c00))
                0x40003000                PROVIDE (IWDG, (APB1PERIPH_BASE + 0x3000))
                0x40003800                PROVIDE (SPI2, (APB1PERIPH_BASE + 0x3800))
                0x40004400                PROVIDE (USART2, (APB1PERIPH_BASE + 0x4400))
                0x40004800                PROVIDE (USART3, (APB1PERIPH_BASE + 0x4800))
                0x40005400                PROVIDE (I2C1, (APB1PERIPH_BASE + 0x5400))
                0x40005800                PROVIDE (I2C2, (APB1PERIPH_BASE + 0x5800))
                0x40006400                PROVIDE (CAN, (APB1PERIPH_BASE + 0x6400))
                0x40006c00                PROVIDE (BKP, (APB1PERIPH_BASE + 0x6c00))
                0x40007000                PROVIDE (PWR, (APB1PERIPH_BASE + 0x7000))
                0x40010000                PROVIDE (AFIO, (APB2PERIPH_BASE + 0x0))
                0x40010400                PROVIDE (EXTI, (APB2PERIPH_BASE + 0x400))
                0x40010800                PROVIDE (GPIOA, (APB2PERIPH_BASE + 0x800))
                0x40010c00                PROVIDE (GPIOB, (APB2PERIPH_BASE + 0xc00))
                0x40011000                PROVIDE (GPIOC, (APB2PERIPH_BASE + 0x1000))
                0x40011400                PROVIDE (GPIOD, (APB2PERIPH_BASE + 0x1400))
                0x40011800                PROVIDE (GPIOE, (APB2PERIPH_BASE + 0x1800))
                0x40012400                PROVIDE (ADC1, (APB2PERIPH_BASE + 0x2400))
                0x40012800                PROVIDE (ADC2, (APB2PERIPH_BASE + 0x2800))
                0x40012c00                PROVIDE (TIM1, (APB2PERIPH_BASE + 0x2c00))
                0x40013000                PROVIDE (SPI1, (APB2PERIPH_BASE + 0x3000))
                0x40013800                PROVIDE (USART1, (APB2PERIPH_BASE + 0x3800))
                0x40020000                PROVIDE (DMA, (AHBPERIPH_BASE + 0x0))
                0x40020008                PROVIDE (DMA_Channel1, (AHBPERIPH_BASE + 0x8))
                0x4002001c                PROVIDE (DMA_Channel2, (AHBPERIPH_BASE + 0x1c))
                0x40020030                PROVIDE (DMA_Channel3, (AHBPERIPH_BASE + 0x30))
                0x40020044                PROVIDE (DMA_Channel4, (AHBPERIPH_BASE + 0x44))
                0x40020058                PROVIDE (DMA_Channel5, (AHBPERIPH_BASE + 0x58))
                0x4002006c                PROVIDE (DMA_Channel6, (AHBPERIPH_BASE + 0x6c))
                0x40020080                PROVIDE (DMA_Channel7, (AHBPERIPH_BASE + 0x80))
                0x40021000                PROVIDE (RCC, (AHBPERIPH_BASE + 0x1000))
                0xe000e000                SCS_BASE = 0xe000e000
                0xe000e010                PROVIDE (SysTick, (SCS_BASE + 0x10))
                0xe000e100                PROVIDE (NVIC, (SCS_BASE + 0x100))
                0xe000ed00                PROVIDE (SCB, (SCS_BASE + 0xd00))
                0x20010000                _estack = 0x20010000

.isr_vector     0x08003000      0x134
                0x08003000                . = ALIGN (0x4)
 *(.isr_vector)
 .isr_vector    0x08003000      0x134 stm32f10x_lib/libstm32.a(stm32f10x_vector.o)
                0x08003000                g_pfnVectors
                0x08003134                . = ALIGN (0x4)

.flashtext      0x08003134        0x0
                0x08003134                . = ALIGN (0x4)
 *(.flashtext)
                0x08003134                . = ALIGN (0x4)

.text           0x08003134     0x3f10
                0x08003134                . = ALIGN (0x4)
 *(.text)
 .text          0x08003134      0x308 APP/src/main.o
                0x08003134                main
 .text          0x0800343c      0x134 APP/src/stm32f10x_it.o
                0x0800347c                EXTI2_IRQHandler
                0x08003444                MemManageException
                0x08003508                TIM8_TRG_COM_IRQHandler
                0x0800350c                TIM8_CC_IRQHandler
                0x08003448                BusFaultException
                0x080034c8                TIM1_CC_IRQHandler
                0x08003528                TIM6_IRQHandler
                0x08003460                PVD_IRQHandler
                0x08003518                SDIO_IRQHandler
                0x08003480                EXTI3_IRQHandler
                0x08003450                DebugMonitor
                0x08003454                SVCHandler
                0x08003440                HardFaultException
                0x080034a8                USB_HP_CAN_TX_IRQHandler
                0x08003474                EXTI0_IRQHandler
                0x080034e0                I2C2_EV_IRQHandler
                0x080034a4                ADC1_2_IRQHandler
                0x080034e8                SPI1_IRQHandler
                0x080034b4                CAN_SCE_IRQHandler
                0x08003464                TAMPER_IRQHandler
                0x08003504                TIM8_UP_IRQHandler
                0x08003534                DMA2_Channel2_IRQHandler
                0x08003494                DMA1_Channel4_IRQHandler
                0x0800343c                NMIException
                0x0800354c                USART3_IRQHandler
                0x08003468                RTC_IRQHandler
                0x08003564                SysTickHandler
                0x080034a0                DMA1_Channel7_IRQHandler
                0x08003458                PendSVC
                0x08003540                UART5_IRQHandler
                0x08003510                ADC3_IRQHandler
                0x080034d4                TIM4_IRQHandler
                0x080034b0                CAN_RX1_IRQHandler
                0x08003530                DMA2_Channel1_IRQHandler
                0x080034d8                I2C1_EV_IRQHandler
                0x0800349c                DMA1_Channel6_IRQHandler
                0x08003524                UART4_IRQHandler
                0x080034d0                TIM3_IRQHandler
                0x08003470                RCC_IRQHandler
                0x080034c4                TIM1_TRG_COM_IRQHandler
                0x08003488                DMA1_Channel1_IRQHandler
                0x080034f4                EXTI15_10_IRQHandler
                0x0800352c                TIM7_IRQHandler
                0x0800351c                TIM5_IRQHandler
                0x080034b8                EXTI9_5_IRQHandler
                0x080034ec                SPI2_IRQHandler
                0x080034ac                USB_LP_CAN_RX0_IRQHandler
                0x08003498                DMA1_Channel5_IRQHandler
                0x08003484                EXTI4_IRQHandler
                0x08003490                DMA1_Channel3_IRQHandler
                0x08003514                FSMC_IRQHandler
                0x080034c0                TIM1_UP_IRQHandler
                0x0800345c                WWDG_IRQHandler
                0x080034cc                TIM2_IRQHandler
                0x080034bc                TIM1_BRK_IRQHandler
                0x08003478                EXTI1_IRQHandler
                0x080034f8                RTCAlarm_IRQHandler
                0x0800353c                DMA2_Channel4_5_IRQHandler
                0x080034f0                USART2_IRQHandler
                0x080034e4                I2C2_ER_IRQHandler
                0x0800348c                DMA1_Channel2_IRQHandler
                0x08003500                TIM8_BRK_IRQHandler
                0x0800344c                UsageFaultException
                0x0800346c                FLASH_IRQHandler
                0x08003558                USART1_IRQHandler
                0x08003520                SPI3_IRQHandler
                0x080034dc                I2C1_ER_IRQHandler
                0x080034fc                USBWakeUp_IRQHandler
                0x08003538                DMA2_Channel3_IRQHandler
 .text          0x08003570      0x6b8 APP/src/serial.o
                0x08003bfc                GetChar
                0x08003bcc                std_getchar
                0x08003588                RxDByte_PC
                0x08003570                CheckPCNewArrive
                0x08003958                Prints32d
                0x08003878                std_puts
                0x08003bc0                GetString
                0x080037ec                TxD_Dec_U8
                0x0800373c                TxD_Dec_U32
                0x08003c14                pcu_initialize
                0x08003a3c                PrintString
                0x08003b64                std_gets
                0x08003a48                PrintCommStatus
                0x080039cc                Printu32d
                0x08003894                Printu8h
                0x08003ad0                PrintErrorCode
                0x0800386c                PrintChar
                0x08003794                TxD_Dec_U16
                0x08003850                std_putchar
                0x08003624                TxD_Dec_S16
                0x080035b8                TxD_Dec_S32
                0x080038e0                Printu16h
                0x080036b4                TxD_Dec_S8
                0x08003c08                pcu_terminate
 .text          0x08003c28      0x530 APP/src/dynamixel.o
                0x080040fc                dxl_ping
                0x08003c64                dxl_get_rxpacket_error
                0x08003cd4                dxl_clear_statpkt
                0x08004074                dxl_write_byte
                0x08003d0c                dxl_rx_packet
                0x08003c58                dxl_set_txpacket_length
                0x08003c28                dxl_get_result
                0x080040b4                dxl_read_byte
                0x08003e90                dxl_tx_packet
                0x08004124                dxl_terminate
                0x08003c40                dxl_set_txpacket_instruction
                0x08003c88                dxl_get_rxpacket_length
                0x08003fec                dxl_write_word
                0x08003cd0                dxl_get_highbyte
                0x08004130                dxl_initialize
                0x080040a4                dxl_capture
                0x08003cc4                dxl_makeword
                0x08003ccc                dxl_get_lowbyte
                0x08003ca4                dxl_get_rxpacket_parameter
                0x08003c34                dxl_set_txpacket_id
                0x08004024                dxl_read_word
                0x08003f8c                dxl_txrx_packet
                0x08003c4c                dxl_set_txpacket_parameter
 .text          0x08004158      0x340 APP/src/zigbee.o
                0x08004418                zgb_tx_data
                0x08004190                zgb_rx_data_left_H
                0x08004184                zgb_rx_data_left_V
                0x0800419c                zgb_rx_data_buttons
                0x080041e8                CheckZBNewArrive
                0x08004468                zgb_initialize
                0x080041a8                zgb_rx_data_extra
                0x080041c4                zgb_rx_data_right_H_
                0x0800445c                zgb_terminate
                0x080041b8                zgb_rx_data_right_V_
                0x08004320                zgb_rx_check
                0x0800416c                zgb_rx_data_right_V
                0x08004200                zgb_rx_check_arduino
                0x08004178                zgb_rx_data_right_H
                0x08004158                zgb_rx_data
                0x080041d0                zgb_rx_data_left_V_
                0x080041dc                zgb_rx_data_left_H_
 .text          0x08004498      0x1a0 CM530_HW/src/adc.o
                0x080044c4                ReadAnalog
                0x080045b4                Battery_Monitor_Alarm
                0x08004498                SetEPort
                0x080045f8                ReadIR
 .text          0x08004638       0x24 CM530_HW/src/button.o
                0x08004638                ReadButton
 .text          0x0800465c       0x2c CM530_HW/src/led.o
                0x0800465c                SetLED
 .text          0x08004688       0x4c CM530_HW/src/mic.o
                0x08004688                Buzzed
                0x080046c4                PlayNote
 .text          0x080046d4      0x23c CM530_HW/src/system_func.o
                0x0800478c                start_timeout_pcu
                0x080047c4                getMillis
                0x08004714                mDelay
                0x080048d8                StartCountdown
                0x0800472c                start_countdown_buzzer
                0x080046d4                uDelay
                0x08004754                start_timeout_dxl
                0x080047dc                ISR_Delay_Base
 .text          0x08004910      0x454 CM530_HW/src/system_init.o
                0x08004910                USART_Configuration
                0x08004c34                NVIC_Configuration
                0x08004974                ADC_Configuration
                0x08004ca4                RCC_Configuration
                0x08004d38                SysInit
                0x08004950                SysTick_Configuration
                0x08004a5c                GPIO_Configuration
 .text          0x08004d64      0x5e4 CM530_HW/src/usart.o
                0x08004e3c                zgb_hal_rx
                0x08004d64                pcu_hal_timeout
                0x08004d78                pcu_get_queue
                0x0800500c                dxl_hal_close
                0x08005218                zgb_hal_tx
                0x08005020                zgb_hal_close
                0x080050b8                zgb_hal_open
                0x08004ddc                pcu_clear_queue
                0x08005304                pcu_put_byte
                0x08005188                RxD_ZIG_Interrupt
                0x08004ebc                dxl_hal_rx
                0x08004fb8                dxl_hal_tx
                0x08005258                pcu_put_queue
                0x08005044                pcu_hal_close
                0x080052f8                RxD_PCU_Interrupt
                0x08004e90                dxl_hal_clear
                0x08005334                pcu_hal_set_timeout
                0x08005058                dxl_hal_open
                0x08004f2c                RxD_DXL_Interrupt
                0x08005128                pcu_hal_open
                0x08004db4                pcu_peek_queue
                0x08004df4                pcu_get_qstate
                0x08004fa4                dxl_hal_set_timeout
                0x08004f18                dxl_hal_timeout
 .text          0x08005348      0x394 stm32f10x_lib/libstm32.a(stm32f10x_adc.o)
                0x080053b8                ADC_DMACmd
                0x080053fc                ADC_StartCalibration
                0x08005660                ADC_GetITStatus
                0x0800564c                ADC_GetFlagStatus
                0x080054f0                ADC_ExternalTrigConvCmd
                0x0800552c                ADC_InjectedDiscModeCmd
                0x080053a4                ADC_Cmd
                0x08005624                ADC_AnalogWatchdogSingleChannelConfig
                0x08005434                ADC_DiscModeChannelCountConfig
                0x0800567c                ADC_ClearITPendingBit
                0x080053e4                ADC_ResetCalibration
                0x0800560c                ADC_AnalogWatchdogCmd
                0x08005580                ADC_InjectedChannelConfig
                0x08005458                ADC_RegularChannelConfig
                0x08005504                ADC_GetConversionValue
                0x0800561c                ADC_AnalogWatchdogThresholdsConfig
                0x08005408                ADC_GetCalibrationStatus
                0x08005414                ADC_SoftwareStartConvCmd
                0x080053f0                ADC_GetResetCalibrationStatus
                0x08005540                ADC_ExternalTrigInjectedConvConfig
                0x08005518                ADC_AutoInjectedConvCmd
                0x08005560                ADC_SoftwareStartInjectedConvCmd
                0x08005428                ADC_GetSoftwareStartConvStatus
                0x0800550c                ADC_GetDualModeConversionValue
                0x080055e4                ADC_InjectedSequencerLengthConfig
                0x08005390                ADC_StructInit
                0x080053cc                ADC_ITConfig
                0x08005658                ADC_ClearFlag
                0x08005684                ADC_DeInit
                0x0800554c                ADC_ExternalTrigInjectedConvCmd
                0x08005348                ADC_Init
                0x080055f4                ADC_SetInjectedOffset
                0x08005630                ADC_TempSensorVrefintCmd
                0x080055fc                ADC_GetInjectedConversionValue
                0x08005444                ADC_DiscModeCmd
                0x08005574                ADC_GetSoftwareStartInjectedConvCmdStatus
 .text          0x080056dc      0x528 stm32f10x_lib/libstm32.a(stm32f10x_flash.o)
                0x08005724                FLASH_Unlock
                0x08005758                FLASH_GetWriteProtectionOptionByte
                0x080058e8                FLASH_ReadOutProtection
                0x08005ac0                FLASH_ProgramWord
                0x08005a88                FLASH_ProgramHalfWord
                0x08005bbc                FLASH_ErasePage
                0x080056f4                FLASH_HalfCycleAccessCmd
                0x080057a0                FLASH_GetFlagStatus
                0x08005774                FLASH_GetPrefetchBufferStatus
                0x08005b80                FLASH_EraseAllPages
                0x0800574c                FLASH_GetUserOptionByte
                0x0800588c                FLASH_UserOptionByteConfig
                0x08005784                FLASH_ITConfig
                0x0800573c                FLASH_Lock
                0x08005b08                FLASH_EraseOptionBytes
                0x0800570c                FLASH_PrefetchBufferCmd
                0x080057cc                FLASH_GetStatus
                0x080057c0                FLASH_ClearFlag
                0x080057f8                FLASH_WaitForLastOperation
                0x08005a44                FLASH_ProgramOptionByteData
                0x080056dc                FLASH_SetLatency
                0x08005764                FLASH_GetReadOutProtectionStatus
                0x08005984                FLASH_EnableWriteProtection
 .text          0x08005c04      0x288 stm32f10x_lib/libstm32.a(stm32f10x_gpio.o)
                0x08005d0c                GPIO_EventOutputConfig
                0x08005cd0                GPIO_ReadOutputDataBit
                0x08005d2c                GPIO_EventOutputCmd
                0x08005d38                GPIO_PinRemapConfig
                0x08005c04                GPIO_Init
                0x08005dcc                GPIO_AFIODeInit
                0x08005cf8                GPIO_Write
                0x08005cdc                GPIO_ReadOutputData
                0x08005cc8                GPIO_ReadInputData
                0x08005ce4                GPIO_SetBits
                0x08005cec                GPIO_WriteBit
                0x08005ce8                GPIO_ResetBits
                0x08005d98                GPIO_EXTILineConfig
                0x08005de4                GPIO_DeInit
                0x08005cac                GPIO_StructInit
                0x08005cfc                GPIO_PinLockConfig
                0x08005cbc                GPIO_ReadInputDataBit
 .text          0x08005e8c      0x384 stm32f10x_lib/libstm32.a(stm32f10x_nvic.o)
                0x080061ec                NVIC_SETFAULTMASK
                0x080061c4                NVIC_GetBASEPRI
                0x08005f04                NVIC_Init
                0x0800602c                NVIC_SetVectorTable
                0x08005fc8                NVIC_SetIRQChannelPendingBit
                0x08006204                NVIC_SETPRIMASK
                0x0800611c                NVIC_SetSystemHandlerPendingBit
                0x08005fd4                NVIC_ClearIRQChannelPendingBit
                0x08005f8c                NVIC_GetCurrentPendingIRQChannel
                0x080061b0                NVIC_GetFaultAddress
                0x08006040                NVIC_GenerateSystemReset
                0x08005ffc                NVIC_GetIRQChannelActiveBitStatus
                0x08005ec0                NVIC_SCBDeInit
                0x0800607c                NVIC_SystemHandlerConfig
                0x08005fec                NVIC_GetCurrentActiveHandler
                0x080061e0                NVIC_RESETFAULTMASK
                0x0800614c                NVIC_GetSystemHandlerActiveBitStatus
                0x080061f8                NVIC_RESETPRIMASK
                0x08006134                NVIC_ClearSystemHandlerPendingBit
                0x08006060                NVIC_SystemLPConfig
                0x080060a4                NVIC_SystemHandlerPriorityConfig
                0x08005fa4                NVIC_GetIRQChannelPendingBitStatus
                0x08006050                NVIC_GenerateCoreReset
                0x08006020                NVIC_GetCPUID
                0x080061d0                NVIC_BASEPRICONFIG
                0x08005ef0                NVIC_PriorityGroupConfig
                0x08005f80                NVIC_StructInit
                0x080060fc                NVIC_GetSystemHandlerPendingBitStatus
                0x08005e8c                NVIC_DeInit
                0x0800616c                NVIC_GetFaultHandlerSources
 .text          0x08006210       0xe0 stm32f10x_lib/libstm32.a(stm32f10x_pwr.o)
                0x0800626c                PWR_EnterSTANDBYMode
                0x0800623c                PWR_WakeUpPinCmd
                0x08006210                PWR_BackupAccessCmd
                0x080062a0                PWR_EnterSTOPMode
                0x080062d8                PWR_DeInit
                0x08006248                PWR_GetFlagStatus
                0x08006228                PWR_PVDLevelConfig
                0x0800625c                PWR_ClearFlag
                0x0800621c                PWR_PVDCmd
 .text          0x080062f0      0x3a4 stm32f10x_lib/libstm32.a(stm32f10x_rcc.o)
                0x080063a8                RCC_HSICmd
                0x080063c8                RCC_PLLCmd
                0x08006688                RCC_ClearITPendingBit
                0x08006614                RCC_MCOConfig
                0x08006434                RCC_ITConfig
                0x080063d4                RCC_SYSCLKConfig
                0x08006364                RCC_WaitForHSEStartUp
                0x080065fc                RCC_BackupResetCmd
                0x08006608                RCC_ClockSecuritySystemCmd
                0x08006664                RCC_ClearFlag
                0x08006330                RCC_HSEConfig
                0x0800658c                RCC_APB2PeriphClockCmd
                0x080063b4                RCC_PLLConfig
                0x0800645c                RCC_ADCCLKConfig
                0x08006470                RCC_LSEConfig
                0x080064ac                RCC_RTCCLKCmd
                0x080065a8                RCC_APB1PeriphClockCmd
                0x08006674                RCC_GetITStatus
                0x08006570                RCC_AHBPeriphClockCmd
                0x08006620                RCC_GetFlagStatus
                0x080063e8                RCC_GetSYSCLKSource
                0x080064b8                RCC_GetClocksFreq
                0x0800649c                RCC_RTCCLKConfig
                0x08006394                RCC_AdjustHSICalibrationValue
                0x0800640c                RCC_PCLK1Config
                0x08006450                RCC_USBCLKConfig
                0x08006420                RCC_PCLK2Config
                0x080062f0                RCC_DeInit
                0x080065e0                RCC_APB1PeriphResetCmd
                0x08006490                RCC_LSICmd
                0x080065c4                RCC_APB2PeriphResetCmd
                0x080063f8                RCC_HCLKConfig
 .text          0x08006694       0xa4 stm32f10x_lib/libstm32.a(stm32f10x_systick.o)
                0x080066bc                SysTick_CounterCmd
                0x08006710                SysTick_GetFlagStatus
                0x08006694                SysTick_CLKSourceConfig
                0x08006704                SysTick_GetCounter
                0x080066e8                SysTick_ITConfig
                0x080066b0                SysTick_SetReload
 .text          0x08006738      0x3bc stm32f10x_lib/libstm32.a(stm32f10x_usart.o)
                0x080068a0                USART_SetGuardTime
                0x080068c8                USART_SmartCardCmd
                0x08006950                USART_GetFlagStatus
                0x08006804                USART_SetAddress
                0x080068b4                USART_SetPrescaler
                0x0800688c                USART_ReceiveData
                0x08006790                USART_Cmd
                0x08006934                USART_IrDACmd
                0x080069b4                USART_ClearITPendingBit
                0x08006968                USART_GetITStatus
                0x08006850                USART_LINBreakDetectLengthConfig
                0x080069c4                USART_Init
                0x08006900                USART_HalfDuplexCmd
                0x080067ac                USART_ITConfig
                0x0800691c                USART_IrDAConfig
                0x08006a60                USART_DeInit
                0x08006758                USART_ClockInit
                0x08006894                USART_SendBreak
                0x0800695c                USART_ClearFlag
                0x0800681c                USART_WakeUpConfig
                0x08006884                USART_SendData
                0x08006834                USART_ReceiverWakeUpCmd
                0x08006738                USART_StructInit
                0x080068e4                USART_SmartCardNACKCmd
                0x08006868                USART_LINCmd
                0x08006780                USART_ClockStructInit
                0x080067ec                USART_DMACmd
 .text          0x08006af4       0x6e stm32f10x_lib/libstm32.a(cortexm3_macro.o)
                0x08006b16                __MRS_CONTROL
                0x08006b54                __GetBASEPRI
                0x08006b2c                __MSR_PSP
                0x08006b42                __RESETPRIMASK
                0x08006b46                __SETFAULTMASK
                0x08006afc                __SEV
                0x08006af8                __WFE
                0x08006b4a                __RESETFAULTMASK
                0x08006b32                __MRS_MSP
                0x08006b38                __MSR_MSP
                0x08006b26                __MRS_PSP
                0x08006b5a                __REV_HalfWord
                0x08006af4                __WFI
                0x08006b1c                __MSR_CONTROL
                0x08006b4e                __BASEPRICONFIG
                0x08006b3e                __SETPRIMASK
                0x08006b5e                __REV_Word
                0x08006b12                __SVC
                0x08006b00                __ISB
                0x08006b06                __DSB
                0x08006b0c                __DMB
 *fill*         0x08006b62        0x2 00
 .text          0x08006b64       0x54 stm32f10x_lib/libstm32.a(stm32f10x_vector.o)
                0x08006b64                Reset_Handler
 *(.text.*)
 *(.rodata)
 .rodata        0x08006bb8       0x14 stm32f10x_lib/libstm32.a(stm32f10x_rcc.o)
 *(.rodata*)
 .rodata.str1.1
                0x08006bcc      0x25a APP/src/main.o
                                0x260 (size before relaxing)
 .rodata.str1.1
                0x08006e26      0x21b APP/src/serial.o
 *(.glue_7)
 *fill*         0x08007041        0x3 00
 .glue_7        0x08007044        0x0 c:/winarm/bin/../lib/gcc/arm-eabi/4.3.0/crti.o
 .glue_7        0x08007044        0x0 c:/winarm/bin/../lib/gcc/arm-eabi/4.3.0/crtbegin.o
 .glue_7        0x08007044        0x0 c:/winarm/bin/../lib/gcc/arm-eabi/4.3.0/../../../../arm-eabi/lib/crt0.o
 .glue_7        0x08007044        0x0 APP/src/main.o
 .glue_7        0x08007044        0x0 APP/src/stm32f10x_it.o
 .glue_7        0x08007044        0x0 APP/src/Big_main.o
 .glue_7        0x08007044        0x0 APP/src/BioloidEx.o
 .glue_7        0x08007044        0x0 APP/src/serial.o
 .glue_7        0x08007044        0x0 APP/src/dynamixel.o
 .glue_7        0x08007044        0x0 APP/src/zigbee.o
 .glue_7        0x08007044        0x0 CM530_HW/src/adc.o
 .glue_7        0x08007044        0x0 CM530_HW/src/button.o
 .glue_7        0x08007044        0x0 CM530_HW/src/led.o
 .glue_7        0x08007044        0x0 CM530_HW/src/mic.o
 .glue_7        0x08007044        0x0 CM530_HW/src/system_func.o
 .glue_7        0x08007044        0x0 CM530_HW/src/system_init.o
 .glue_7        0x08007044        0x0 CM530_HW/src/usart.o
 .glue_7        0x08007044        0x0 stm32f10x_lib/libstm32.a(stm32f10x_adc.o)
 .glue_7        0x08007044        0x0 stm32f10x_lib/libstm32.a(stm32f10x_flash.o)
 .glue_7        0x08007044        0x0 stm32f10x_lib/libstm32.a(stm32f10x_gpio.o)
 .glue_7        0x08007044        0x0 stm32f10x_lib/libstm32.a(stm32f10x_nvic.o)
 .glue_7        0x08007044        0x0 stm32f10x_lib/libstm32.a(stm32f10x_pwr.o)
 .glue_7        0x08007044        0x0 stm32f10x_lib/libstm32.a(stm32f10x_rcc.o)
 .glue_7        0x08007044        0x0 stm32f10x_lib/libstm32.a(stm32f10x_systick.o)
 .glue_7        0x08007044        0x0 stm32f10x_lib/libstm32.a(stm32f10x_usart.o)
 .glue_7        0x08007044        0x0 stm32f10x_lib/libstm32.a(cortexm3_macro.o)
 .glue_7        0x08007044        0x0 stm32f10x_lib/libstm32.a(stm32f10x_vector.o)
 .glue_7        0x08007044        0x0 c:/winarm/bin/../lib/gcc/arm-eabi/4.3.0/../../../../arm-eabi/lib\libc.a(lib_a-atexit.o)
 .glue_7        0x08007044        0x0 c:/winarm/bin/../lib/gcc/arm-eabi/4.3.0/../../../../arm-eabi/lib\libc.a(lib_a-exit.o)
 .glue_7        0x08007044        0x0 c:/winarm/bin/../lib/gcc/arm-eabi/4.3.0/../../../../arm-eabi/lib\libc.a(lib_a-impure.o)
 .glue_7        0x08007044        0x0 c:/winarm/bin/../lib/gcc/arm-eabi/4.3.0/../../../../arm-eabi/lib\libc.a(lib_a-init.o)
 .glue_7        0x08007044        0x0 c:/winarm/bin/../lib/gcc/arm-eabi/4.3.0/../../../../arm-eabi/lib\libc.a(lib_a-memcpy.o)
 .glue_7        0x08007044        0x0 c:/winarm/bin/../lib/gcc/arm-eabi/4.3.0/../../../../arm-eabi/lib\libc.a(lib_a-memset.o)
 .glue_7        0x08007044        0x0 c:/winarm/bin/../lib/gcc/arm-eabi/4.3.0/../../../../arm-eabi/lib\libc.a(lib_a-__atexit.o)
 .glue_7        0x08007044        0x0 c:/winarm/bin/../lib/gcc/arm-eabi/4.3.0/../../../../arm-eabi/lib\libc.a(lib_a-__call_atexit.o)
 .glue_7        0x08007044        0x0 c:/winarm/bin/../lib/gcc/arm-eabi/4.3.0/crtend.o
 .glue_7        0x08007044        0x0 c:/winarm/bin/../lib/gcc/arm-eabi/4.3.0/crtn.o
 *(.glue_7t)
 .glue_7t       0x08007044        0x0 c:/winarm/bin/../lib/gcc/arm-eabi/4.3.0/crti.o
 .glue_7t       0x08007044        0x0 c:/winarm/bin/../lib/gcc/arm-eabi/4.3.0/crtbegin.o
 .glue_7t       0x08007044        0x0 c:/winarm/bin/../lib/gcc/arm-eabi/4.3.0/../../../../arm-eabi/lib/crt0.o
 .glue_7t       0x08007044        0x0 APP/src/main.o
 .glue_7t       0x08007044        0x0 APP/src/stm32f10x_it.o
 .glue_7t       0x08007044        0x0 APP/src/Big_main.o
 .glue_7t       0x08007044        0x0 APP/src/BioloidEx.o
 .glue_7t       0x08007044        0x0 APP/src/serial.o
 .glue_7t       0x08007044        0x0 APP/src/dynamixel.o
 .glue_7t       0x08007044        0x0 APP/src/zigbee.o
 .glue_7t       0x08007044        0x0 CM530_HW/src/adc.o
 .glue_7t       0x08007044        0x0 CM530_HW/src/button.o
 .glue_7t       0x08007044        0x0 CM530_HW/src/led.o
 .glue_7t       0x08007044        0x0 CM530_HW/src/mic.o
 .glue_7t       0x08007044        0x0 CM530_HW/src/system_func.o
 .glue_7t       0x08007044        0x0 CM530_HW/src/system_init.o
 .glue_7t       0x08007044        0x0 CM530_HW/src/usart.o
 .glue_7t       0x08007044        0x0 stm32f10x_lib/libstm32.a(stm32f10x_adc.o)
 .glue_7t       0x08007044        0x0 stm32f10x_lib/libstm32.a(stm32f10x_flash.o)
 .glue_7t       0x08007044        0x0 stm32f10x_lib/libstm32.a(stm32f10x_gpio.o)
 .glue_7t       0x08007044        0x0 stm32f10x_lib/libstm32.a(stm32f10x_nvic.o)
 .glue_7t       0x08007044        0x0 stm32f10x_lib/libstm32.a(stm32f10x_pwr.o)
 .glue_7t       0x08007044        0x0 stm32f10x_lib/libstm32.a(stm32f10x_rcc.o)
 .glue_7t       0x08007044        0x0 stm32f10x_lib/libstm32.a(stm32f10x_systick.o)
 .glue_7t       0x08007044        0x0 stm32f10x_lib/libstm32.a(stm32f10x_usart.o)
 .glue_7t       0x08007044        0x0 stm32f10x_lib/libstm32.a(cortexm3_macro.o)
 .glue_7t       0x08007044        0x0 stm32f10x_lib/libstm32.a(stm32f10x_vector.o)
 .glue_7t       0x08007044        0x0 c:/winarm/bin/../lib/gcc/arm-eabi/4.3.0/../../../../arm-eabi/lib\libc.a(lib_a-atexit.o)
 .glue_7t       0x08007044        0x0 c:/winarm/bin/../lib/gcc/arm-eabi/4.3.0/../../../../arm-eabi/lib\libc.a(lib_a-exit.o)
 .glue_7t       0x08007044        0x0 c:/winarm/bin/../lib/gcc/arm-eabi/4.3.0/../../../../arm-eabi/lib\libc.a(lib_a-impure.o)
 .glue_7t       0x08007044        0x0 c:/winarm/bin/../lib/gcc/arm-eabi/4.3.0/../../../../arm-eabi/lib\libc.a(lib_a-init.o)
 .glue_7t       0x08007044        0x0 c:/winarm/bin/../lib/gcc/arm-eabi/4.3.0/../../../../arm-eabi/lib\libc.a(lib_a-memcpy.o)
 .glue_7t       0x08007044        0x0 c:/winarm/bin/../lib/gcc/arm-eabi/4.3.0/../../../../arm-eabi/lib\libc.a(lib_a-memset.o)
 .glue_7t       0x08007044        0x0 c:/winarm/bin/../lib/gcc/arm-eabi/4.3.0/../../../../arm-eabi/lib\libc.a(lib_a-__atexit.o)
 .glue_7t       0x08007044        0x0 c:/winarm/bin/../lib/gcc/arm-eabi/4.3.0/../../../../arm-eabi/lib\libc.a(lib_a-__call_atexit.o)
 .glue_7t       0x08007044        0x0 c:/winarm/bin/../lib/gcc/arm-eabi/4.3.0/crtend.o
 .glue_7t       0x08007044        0x0 c:/winarm/bin/../lib/gcc/arm-eabi/4.3.0/crtn.o
                0x08007044                . = ALIGN (0x4)
                0x08007044                _etext = .
                0x08007044                _sidata = _etext

.vfp11_veneer   0x20000000        0x0
 .vfp11_veneer  0x20000000        0x0 c:/winarm/bin/../lib/gcc/arm-eabi/4.3.0/crti.o
 .vfp11_veneer  0x20000000        0x0 c:/winarm/bin/../lib/gcc/arm-eabi/4.3.0/crtbegin.o
 .vfp11_veneer  0x20000000        0x0 c:/winarm/bin/../lib/gcc/arm-eabi/4.3.0/../../../../arm-eabi/lib/crt0.o
 .vfp11_veneer  0x20000000        0x0 APP/src/main.o
 .vfp11_veneer  0x20000000        0x0 APP/src/stm32f10x_it.o
 .vfp11_veneer  0x20000000        0x0 APP/src/Big_main.o
 .vfp11_veneer  0x20000000        0x0 APP/src/BioloidEx.o
 .vfp11_veneer  0x20000000        0x0 APP/src/serial.o
 .vfp11_veneer  0x20000000        0x0 APP/src/dynamixel.o
 .vfp11_veneer  0x20000000        0x0 APP/src/zigbee.o
 .vfp11_veneer  0x20000000        0x0 CM530_HW/src/adc.o
 .vfp11_veneer  0x20000000        0x0 CM530_HW/src/button.o
 .vfp11_veneer  0x20000000        0x0 CM530_HW/src/led.o
 .vfp11_veneer  0x20000000        0x0 CM530_HW/src/mic.o
 .vfp11_veneer  0x20000000        0x0 CM530_HW/src/system_func.o
 .vfp11_veneer  0x20000000        0x0 CM530_HW/src/system_init.o
 .vfp11_veneer  0x20000000        0x0 CM530_HW/src/usart.o
 .vfp11_veneer  0x20000000        0x0 stm32f10x_lib/libstm32.a(stm32f10x_adc.o)
 .vfp11_veneer  0x20000000        0x0 stm32f10x_lib/libstm32.a(stm32f10x_flash.o)
 .vfp11_veneer  0x20000000        0x0 stm32f10x_lib/libstm32.a(stm32f10x_gpio.o)
 .vfp11_veneer  0x20000000        0x0 stm32f10x_lib/libstm32.a(stm32f10x_nvic.o)
 .vfp11_veneer  0x20000000        0x0 stm32f10x_lib/libstm32.a(stm32f10x_pwr.o)
 .vfp11_veneer  0x20000000        0x0 stm32f10x_lib/libstm32.a(stm32f10x_rcc.o)
 .vfp11_veneer  0x20000000        0x0 stm32f10x_lib/libstm32.a(stm32f10x_systick.o)
 .vfp11_veneer  0x20000000        0x0 stm32f10x_lib/libstm32.a(stm32f10x_usart.o)
 .vfp11_veneer  0x20000000        0x0 stm32f10x_lib/libstm32.a(cortexm3_macro.o)
 .vfp11_veneer  0x20000000        0x0 stm32f10x_lib/libstm32.a(stm32f10x_vector.o)
 .vfp11_veneer  0x20000000        0x0 c:/winarm/bin/../lib/gcc/arm-eabi/4.3.0/../../../../arm-eabi/lib\libc.a(lib_a-atexit.o)
 .vfp11_veneer  0x20000000        0x0 c:/winarm/bin/../lib/gcc/arm-eabi/4.3.0/../../../../arm-eabi/lib\libc.a(lib_a-exit.o)
 .vfp11_veneer  0x20000000        0x0 c:/winarm/bin/../lib/gcc/arm-eabi/4.3.0/../../../../arm-eabi/lib\libc.a(lib_a-impure.o)
 .vfp11_veneer  0x20000000        0x0 c:/winarm/bin/../lib/gcc/arm-eabi/4.3.0/../../../../arm-eabi/lib\libc.a(lib_a-init.o)
 .vfp11_veneer  0x20000000        0x0 c:/winarm/bin/../lib/gcc/arm-eabi/4.3.0/../../../../arm-eabi/lib\libc.a(lib_a-memcpy.o)
 .vfp11_veneer  0x20000000        0x0 c:/winarm/bin/../lib/gcc/arm-eabi/4.3.0/../../../../arm-eabi/lib\libc.a(lib_a-memset.o)
 .vfp11_veneer  0x20000000        0x0 c:/winarm/bin/../lib/gcc/arm-eabi/4.3.0/../../../../arm-eabi/lib\libc.a(lib_a-__atexit.o)
 .vfp11_veneer  0x20000000        0x0 c:/winarm/bin/../lib/gcc/arm-eabi/4.3.0/../../../../arm-eabi/lib\libc.a(lib_a-__call_atexit.o)
 .vfp11_veneer  0x20000000        0x0 c:/winarm/bin/../lib/gcc/arm-eabi/4.3.0/crtend.o
 .vfp11_veneer  0x20000000        0x0 c:/winarm/bin/../lib/gcc/arm-eabi/4.3.0/crtn.o

.v4_bx          0x20000000        0x0
 .v4_bx         0x20000000        0x0 c:/winarm/bin/../lib/gcc/arm-eabi/4.3.0/crti.o
 .v4_bx         0x20000000        0x0 c:/winarm/bin/../lib/gcc/arm-eabi/4.3.0/crtbegin.o
 .v4_bx         0x20000000        0x0 c:/winarm/bin/../lib/gcc/arm-eabi/4.3.0/../../../../arm-eabi/lib/crt0.o
 .v4_bx         0x20000000        0x0 APP/src/main.o
 .v4_bx         0x20000000        0x0 APP/src/stm32f10x_it.o
 .v4_bx         0x20000000        0x0 APP/src/Big_main.o
 .v4_bx         0x20000000        0x0 APP/src/BioloidEx.o
 .v4_bx         0x20000000        0x0 APP/src/serial.o
 .v4_bx         0x20000000        0x0 APP/src/dynamixel.o
 .v4_bx         0x20000000        0x0 APP/src/zigbee.o
 .v4_bx         0x20000000        0x0 CM530_HW/src/adc.o
 .v4_bx         0x20000000        0x0 CM530_HW/src/button.o
 .v4_bx         0x20000000        0x0 CM530_HW/src/led.o
 .v4_bx         0x20000000        0x0 CM530_HW/src/mic.o
 .v4_bx         0x20000000        0x0 CM530_HW/src/system_func.o
 .v4_bx         0x20000000        0x0 CM530_HW/src/system_init.o
 .v4_bx         0x20000000        0x0 CM530_HW/src/usart.o
 .v4_bx         0x20000000        0x0 stm32f10x_lib/libstm32.a(stm32f10x_adc.o)
 .v4_bx         0x20000000        0x0 stm32f10x_lib/libstm32.a(stm32f10x_flash.o)
 .v4_bx         0x20000000        0x0 stm32f10x_lib/libstm32.a(stm32f10x_gpio.o)
 .v4_bx         0x20000000        0x0 stm32f10x_lib/libstm32.a(stm32f10x_nvic.o)
 .v4_bx         0x20000000        0x0 stm32f10x_lib/libstm32.a(stm32f10x_pwr.o)
 .v4_bx         0x20000000        0x0 stm32f10x_lib/libstm32.a(stm32f10x_rcc.o)
 .v4_bx         0x20000000        0x0 stm32f10x_lib/libstm32.a(stm32f10x_systick.o)
 .v4_bx         0x20000000        0x0 stm32f10x_lib/libstm32.a(stm32f10x_usart.o)
 .v4_bx         0x20000000        0x0 stm32f10x_lib/libstm32.a(cortexm3_macro.o)
 .v4_bx         0x20000000        0x0 stm32f10x_lib/libstm32.a(stm32f10x_vector.o)
 .v4_bx         0x20000000        0x0 c:/winarm/bin/../lib/gcc/arm-eabi/4.3.0/../../../../arm-eabi/lib\libc.a(lib_a-atexit.o)
 .v4_bx         0x20000000        0x0 c:/winarm/bin/../lib/gcc/arm-eabi/4.3.0/../../../../arm-eabi/lib\libc.a(lib_a-exit.o)
 .v4_bx         0x20000000        0x0 c:/winarm/bin/../lib/gcc/arm-eabi/4.3.0/../../../../arm-eabi/lib\libc.a(lib_a-impure.o)
 .v4_bx         0x20000000        0x0 c:/winarm/bin/../lib/gcc/arm-eabi/4.3.0/../../../../arm-eabi/lib\libc.a(lib_a-init.o)
 .v4_bx         0x20000000        0x0 c:/winarm/bin/../lib/gcc/arm-eabi/4.3.0/../../../../arm-eabi/lib\libc.a(lib_a-memcpy.o)
 .v4_bx         0x20000000        0x0 c:/winarm/bin/../lib/gcc/arm-eabi/4.3.0/../../../../arm-eabi/lib\libc.a(lib_a-memset.o)
 .v4_bx         0x20000000        0x0 c:/winarm/bin/../lib/gcc/arm-eabi/4.3.0/../../../../arm-eabi/lib\libc.a(lib_a-__atexit.o)
 .v4_bx         0x20000000        0x0 c:/winarm/bin/../lib/gcc/arm-eabi/4.3.0/../../../../arm-eabi/lib\libc.a(lib_a-__call_atexit.o)
 .v4_bx         0x20000000        0x0 c:/winarm/bin/../lib/gcc/arm-eabi/4.3.0/crtend.o
 .v4_bx         0x20000000        0x0 c:/winarm/bin/../lib/gcc/arm-eabi/4.3.0/crtn.o

.data           0x20000000       0xd8 load address 0x08007044
                0x20000000                . = ALIGN (0x4)
                0x20000000                _sdata = .
 *(.data)
 .data          0x20000000        0x2 APP/src/dynamixel.o
                0x20000000                gbCommStatus
 *fill*         0x20000002        0x2 00
 .data          0x20000004       0x60 CM530_HW/src/adc.o
                0x20000004                EasyEPort
 .data          0x20000064       0x30 CM530_HW/src/button.o
                0x20000064                EasyButton
 .data          0x20000094       0x38 CM530_HW/src/led.o
                0x20000094                EasyLED
 .data          0x200000cc        0xc CM530_HW/src/usart.o
                0x200000d4                Baudrate_PCU
                0x200000d0                Baudrate_ZIG
                0x200000cc                Baudrate_DXL
 *(.data.*)
                0x200000d8                . = ALIGN (0x4)
                0x200000d8                _edata = .

.bss            0x200000d8      0xd84 load address 0x0800711c
                0x200000d8                . = ALIGN (0x4)
                0x200000d8                _sbss = .
 *(.bss)
 .bss           0x200000d8      0x404 APP/src/serial.o
 .bss           0x200004dc       0xf3 APP/src/dynamixel.o
                0x200004dc                gbInstructionPacket
                0x200005cc                gbRxPacketLength
                0x200005cd                gbRxGetLength
                0x200005ce                giBusUsing
                0x2000057c                gbStatusPacket
 *fill*         0x200005cf        0x1 00
 .bss           0x200005d0       0x1c APP/src/zigbee.o
                0x200005e1                gbRcvPacketNum
                0x200005e6                right_H
                0x200005e5                right_V
                0x200005e4                gbRcvFlag
                0x200005e2                gwRcvData
                0x200005e7                left_V
                0x200005d2                gbRcvPacket
                0x200005d8                gbRcvPacketArduino
                0x200005e9                buttons_
                0x200005e8                left_H
                0x200005ea                extra
 .bss           0x200005ec       0x20 CM530_HW/src/system_func.o
                0x20000608                msMillis
                0x200005ec                glDelayCounter
                0x200005f0                glCountdownCounter
                0x200005fc                glBuzzerCounter
                0x200005f8                glPcuTimeoutCounter
                0x20000600                gbCounterCount
                0x20000604                Millis
                0x200005f4                glDxlTimeoutCounter
 .bss           0x2000060c        0x1 CM530_HW/src/system_init.o
 *fill*         0x2000060d        0x1 00
 .bss           0x2000060e      0x84e CM530_HW/src/usart.o
 *(COMMON)
                0x20000e5c                . = ALIGN (0x4)
                0x20000e5c                _ebss = .
                0x20000e5c                PROVIDE (end, _ebss)
                0x20000e5c                PROVIDE (_end, _ebss)

._usrstack      0x20000e5c      0x100 load address 0x08007ea0
                0x20000e5c                . = ALIGN (0x4)
                0x20000e5c                _susrstack = .
                0x20000f5c                . = (. + _Minimum_Stack_Size)
 *fill*         0x20000e5c      0x100 00
                0x20000f5c                . = ALIGN (0x4)
                0x20000f5c                _eusrstack = .

.b1text
 *(.b1text)
 *(.b1rodata)
 *(.b1rodata*)

.eb0text
 *(.eb0text)
 *(.eb0rodata)
 *(.eb0rodata*)

.eb1text
 *(.eb1text)
 *(.eb1rodata)
 *(.eb1rodata*)

.eb2text
 *(.eb2text)
 *(.eb2rodata)
 *(.eb2rodata*)

.eb3text
 *(.eb3text)
 *(.eb3rodata)
 *(.eb3rodata*)
                0x20000f5c                __exidx_start = .
                0x20000f5c                __exidx_end = .

/DISCARD/
 libc.a(*)
 libm.a(*)
 libgcc.a(*)

.stab
 *(.stab)

.stabstr
 *(.stabstr)

.stab.excl
 *(.stab.excl)

.stab.exclstr
 *(.stab.exclstr)

.stab.index
 *(.stab.index)

.stab.indexstr
 *(.stab.indexstr)

.comment        0x00000000      0x420
 *(.comment)
 .comment       0x00000000       0x20 c:/winarm/bin/../lib/gcc/arm-eabi/4.3.0/crtbegin.o
 .comment       0x00000020       0x20 APP/src/main.o
 .comment       0x00000040       0x20 APP/src/stm32f10x_it.o
 .comment       0x00000060       0x20 APP/src/Big_main.o
 .comment       0x00000080       0x20 APP/src/BioloidEx.o
 .comment       0x000000a0       0x20 APP/src/serial.o
 .comment       0x000000c0       0x20 APP/src/dynamixel.o
 .comment       0x000000e0       0x20 APP/src/zigbee.o
 .comment       0x00000100       0x20 CM530_HW/src/adc.o
 .comment       0x00000120       0x20 CM530_HW/src/button.o
 .comment       0x00000140       0x20 CM530_HW/src/led.o
 .comment       0x00000160       0x20 CM530_HW/src/mic.o
 .comment       0x00000180       0x20 CM530_HW/src/system_func.o
 .comment       0x000001a0       0x20 CM530_HW/src/system_init.o
 .comment       0x000001c0       0x20 CM530_HW/src/usart.o
 .comment       0x000001e0       0x20 stm32f10x_lib/libstm32.a(stm32f10x_adc.o)
 .comment       0x00000200       0x20 stm32f10x_lib/libstm32.a(stm32f10x_flash.o)
 .comment       0x00000220       0x20 stm32f10x_lib/libstm32.a(stm32f10x_gpio.o)
 .comment       0x00000240       0x20 stm32f10x_lib/libstm32.a(stm32f10x_nvic.o)
 .comment       0x00000260       0x20 stm32f10x_lib/libstm32.a(stm32f10x_pwr.o)
 .comment       0x00000280       0x20 stm32f10x_lib/libstm32.a(stm32f10x_rcc.o)
 .comment       0x000002a0       0x20 stm32f10x_lib/libstm32.a(stm32f10x_systick.o)
 .comment       0x000002c0       0x20 stm32f10x_lib/libstm32.a(stm32f10x_usart.o)
 .comment       0x000002e0       0x20 stm32f10x_lib/libstm32.a(stm32f10x_vector.o)
 .comment       0x00000300       0x20 c:/winarm/bin/../lib/gcc/arm-eabi/4.3.0/../../../../arm-eabi/lib\libc.a(lib_a-atexit.o)
 .comment       0x00000320       0x20 c:/winarm/bin/../lib/gcc/arm-eabi/4.3.0/../../../../arm-eabi/lib\libc.a(lib_a-exit.o)
 .comment       0x00000340       0x20 c:/winarm/bin/../lib/gcc/arm-eabi/4.3.0/../../../../arm-eabi/lib\libc.a(lib_a-impure.o)
 .comment       0x00000360       0x20 c:/winarm/bin/../lib/gcc/arm-eabi/4.3.0/../../../../arm-eabi/lib\libc.a(lib_a-init.o)
 .comment       0x00000380       0x20 c:/winarm/bin/../lib/gcc/arm-eabi/4.3.0/../../../../arm-eabi/lib\libc.a(lib_a-memcpy.o)
 .comment       0x000003a0       0x20 c:/winarm/bin/../lib/gcc/arm-eabi/4.3.0/../../../../arm-eabi/lib\libc.a(lib_a-memset.o)
 .comment       0x000003c0       0x20 c:/winarm/bin/../lib/gcc/arm-eabi/4.3.0/../../../../arm-eabi/lib\libc.a(lib_a-__atexit.o)
 .comment       0x000003e0       0x20 c:/winarm/bin/../lib/gcc/arm-eabi/4.3.0/../../../../arm-eabi/lib\libc.a(lib_a-__call_atexit.o)
 .comment       0x00000400       0x20 c:/winarm/bin/../lib/gcc/arm-eabi/4.3.0/crtend.o

.debug
 *(.debug)

.line
 *(.line)

.debug_srcinfo
 *(.debug_srcinfo)

.debug_sfnames
 *(.debug_sfnames)

.debug_aranges  0x00000000      0x450
 *(.debug_aranges)
 .debug_aranges
                0x00000000       0x28 c:/winarm/bin/../lib/gcc/arm-eabi/4.3.0/crti.o
 .debug_aranges
                0x00000028       0x20 c:/winarm/bin/../lib/gcc/arm-eabi/4.3.0/../../../../arm-eabi/lib/crt0.o
 .debug_aranges
                0x00000048       0x20 APP/src/main.o
 .debug_aranges
                0x00000068       0x20 APP/src/stm32f10x_it.o
 .debug_aranges
                0x00000088       0x20 APP/src/Big_main.o
 .debug_aranges
                0x000000a8       0x20 APP/src/BioloidEx.o
 .debug_aranges
                0x000000c8       0x20 APP/src/serial.o
 .debug_aranges
                0x000000e8       0x20 APP/src/dynamixel.o
 .debug_aranges
                0x00000108       0x20 APP/src/zigbee.o
 .debug_aranges
                0x00000128       0x20 CM530_HW/src/adc.o
 .debug_aranges
                0x00000148       0x20 CM530_HW/src/button.o
 .debug_aranges
                0x00000168       0x20 CM530_HW/src/led.o
 .debug_aranges
                0x00000188       0x20 CM530_HW/src/mic.o
 .debug_aranges
                0x000001a8       0x20 CM530_HW/src/system_func.o
 .debug_aranges
                0x000001c8       0x20 CM530_HW/src/system_init.o
 .debug_aranges
                0x000001e8       0x20 CM530_HW/src/usart.o
 .debug_aranges
                0x00000208       0x20 stm32f10x_lib/libstm32.a(stm32f10x_adc.o)
 .debug_aranges
                0x00000228       0x20 stm32f10x_lib/libstm32.a(stm32f10x_flash.o)
 .debug_aranges
                0x00000248       0x20 stm32f10x_lib/libstm32.a(stm32f10x_gpio.o)
 .debug_aranges
                0x00000268       0x20 stm32f10x_lib/libstm32.a(stm32f10x_nvic.o)
 .debug_aranges
                0x00000288       0x20 stm32f10x_lib/libstm32.a(stm32f10x_pwr.o)
 .debug_aranges
                0x000002a8       0x20 stm32f10x_lib/libstm32.a(stm32f10x_rcc.o)
 .debug_aranges
                0x000002c8       0x20 stm32f10x_lib/libstm32.a(stm32f10x_systick.o)
 .debug_aranges
                0x000002e8       0x20 stm32f10x_lib/libstm32.a(stm32f10x_usart.o)
 .debug_aranges
                0x00000308       0x20 stm32f10x_lib/libstm32.a(cortexm3_macro.o)
 .debug_aranges
                0x00000328       0x20 stm32f10x_lib/libstm32.a(stm32f10x_vector.o)
 .debug_aranges
                0x00000348       0x20 c:/winarm/bin/../lib/gcc/arm-eabi/4.3.0/../../../../arm-eabi/lib\libc.a(lib_a-atexit.o)
 .debug_aranges
                0x00000368       0x20 c:/winarm/bin/../lib/gcc/arm-eabi/4.3.0/../../../../arm-eabi/lib\libc.a(lib_a-exit.o)
 .debug_aranges
                0x00000388       0x20 c:/winarm/bin/../lib/gcc/arm-eabi/4.3.0/../../../../arm-eabi/lib\libc.a(lib_a-init.o)
 .debug_aranges
                0x000003a8       0x20 c:/winarm/bin/../lib/gcc/arm-eabi/4.3.0/../../../../arm-eabi/lib\libc.a(lib_a-memcpy.o)
 .debug_aranges
                0x000003c8       0x20 c:/winarm/bin/../lib/gcc/arm-eabi/4.3.0/../../../../arm-eabi/lib\libc.a(lib_a-memset.o)
 .debug_aranges
                0x000003e8       0x20 c:/winarm/bin/../lib/gcc/arm-eabi/4.3.0/../../../../arm-eabi/lib\libc.a(lib_a-__atexit.o)
 .debug_aranges
                0x00000408       0x20 c:/winarm/bin/../lib/gcc/arm-eabi/4.3.0/../../../../arm-eabi/lib\libc.a(lib_a-__call_atexit.o)
 .debug_aranges
                0x00000428       0x28 c:/winarm/bin/../lib/gcc/arm-eabi/4.3.0/crtn.o

.debug_pubnames
                0x00000000     0x3056
 *(.debug_pubnames)
 .debug_pubnames
                0x00000000       0x1b APP/src/main.o
 .debug_pubnames
                0x0000001b      0x63c APP/src/stm32f10x_it.o
 .debug_pubnames
                0x00000657      0x973 APP/src/Big_main.o
 .debug_pubnames
                0x00000fca      0x258 APP/src/BioloidEx.o
 .debug_pubnames
                0x00001222      0x189 APP/src/serial.o
 .debug_pubnames
                0x000013ab      0x275 APP/src/dynamixel.o
 .debug_pubnames
                0x00001620      0x21f APP/src/zigbee.o
 .debug_pubnames
                0x0000183f       0x61 CM530_HW/src/adc.o
 .debug_pubnames
                0x000018a0       0x30 CM530_HW/src/button.o
 .debug_pubnames
                0x000018d0       0x29 CM530_HW/src/led.o
 .debug_pubnames
                0x000018f9       0x2a CM530_HW/src/mic.o
 .debug_pubnames
                0x00001923      0x13c CM530_HW/src/system_func.o
 .debug_pubnames
                0x00001a5f       0xaa CM530_HW/src/system_init.o
 .debug_pubnames
                0x00001b09      0x205 CM530_HW/src/usart.o
 .debug_pubnames
                0x00001d0e      0x401 stm32f10x_lib/libstm32.a(stm32f10x_adc.o)
 .debug_pubnames
                0x0000210f      0x26e stm32f10x_lib/libstm32.a(stm32f10x_flash.o)
 .debug_pubnames
                0x0000237d      0x17b stm32f10x_lib/libstm32.a(stm32f10x_gpio.o)
 .debug_pubnames
                0x000024f8      0x360 stm32f10x_lib/libstm32.a(stm32f10x_nvic.o)
 .debug_pubnames
                0x00002858       0xcb stm32f10x_lib/libstm32.a(stm32f10x_pwr.o)
 .debug_pubnames
                0x00002923      0x2c4 stm32f10x_lib/libstm32.a(stm32f10x_rcc.o)
 .debug_pubnames
                0x00002be7       0xa1 stm32f10x_lib/libstm32.a(stm32f10x_systick.o)
 .debug_pubnames
                0x00002c88      0x25f stm32f10x_lib/libstm32.a(stm32f10x_usart.o)
 .debug_pubnames
                0x00002ee7       0x35 stm32f10x_lib/libstm32.a(stm32f10x_vector.o)
 .debug_pubnames
                0x00002f1c       0x1d c:/winarm/bin/../lib/gcc/arm-eabi/4.3.0/../../../../arm-eabi/lib\libc.a(lib_a-atexit.o)
 .debug_pubnames
                0x00002f39       0x1b c:/winarm/bin/../lib/gcc/arm-eabi/4.3.0/../../../../arm-eabi/lib\libc.a(lib_a-exit.o)
 .debug_pubnames
                0x00002f54       0x39 c:/winarm/bin/../lib/gcc/arm-eabi/4.3.0/../../../../arm-eabi/lib\libc.a(lib_a-impure.o)
 .debug_pubnames
                0x00002f8d       0x3e c:/winarm/bin/../lib/gcc/arm-eabi/4.3.0/../../../../arm-eabi/lib\libc.a(lib_a-init.o)
 .debug_pubnames
                0x00002fcb       0x1d c:/winarm/bin/../lib/gcc/arm-eabi/4.3.0/../../../../arm-eabi/lib\libc.a(lib_a-memcpy.o)
 .debug_pubnames
                0x00002fe8       0x1d c:/winarm/bin/../lib/gcc/arm-eabi/4.3.0/../../../../arm-eabi/lib\libc.a(lib_a-memset.o)
 .debug_pubnames
                0x00003005       0x2a c:/winarm/bin/../lib/gcc/arm-eabi/4.3.0/../../../../arm-eabi/lib\libc.a(lib_a-__atexit.o)
 .debug_pubnames
                0x0000302f       0x27 c:/winarm/bin/../lib/gcc/arm-eabi/4.3.0/../../../../arm-eabi/lib\libc.a(lib_a-__call_atexit.o)

.debug_info     0x00000000     0xbfc8
 *(.debug_info .gnu.linkonce.wi.*)
 .debug_info    0x00000000       0x4d c:/winarm/bin/../lib/gcc/arm-eabi/4.3.0/crti.o
 .debug_info    0x0000004d       0x84 c:/winarm/bin/../lib/gcc/arm-eabi/4.3.0/../../../../arm-eabi/lib/crt0.o
 .debug_info    0x000000d1      0x4d9 APP/src/main.o
 .debug_info    0x000005aa      0x66d APP/src/stm32f10x_it.o
 .debug_info    0x00000c17     0x1ab7 APP/src/Big_main.o
 .debug_info    0x000026ce      0x772 APP/src/BioloidEx.o
 .debug_info    0x00002e40      0x826 APP/src/serial.o
 .debug_info    0x00003666      0x7ec APP/src/dynamixel.o
 .debug_info    0x00003e52      0x477 APP/src/zigbee.o
 .debug_info    0x000042c9      0x3f9 CM530_HW/src/adc.o
 .debug_info    0x000046c2      0x1c5 CM530_HW/src/button.o
 .debug_info    0x00004887      0x1c2 CM530_HW/src/led.o
 .debug_info    0x00004a49      0x211 CM530_HW/src/mic.o
 .debug_info    0x00004c5a      0x24b CM530_HW/src/system_func.o
 .debug_info    0x00004ea5      0x58f CM530_HW/src/system_init.o
 .debug_info    0x00005434      0x7ed CM530_HW/src/usart.o
 .debug_info    0x00005c21      0xb1f stm32f10x_lib/libstm32.a(stm32f10x_adc.o)
 .debug_info    0x00006740      0x73a stm32f10x_lib/libstm32.a(stm32f10x_flash.o)
 .debug_info    0x00006e7a      0x648 stm32f10x_lib/libstm32.a(stm32f10x_gpio.o)
 .debug_info    0x000074c2      0x8e7 stm32f10x_lib/libstm32.a(stm32f10x_nvic.o)
 .debug_info    0x00007da9      0x247 stm32f10x_lib/libstm32.a(stm32f10x_pwr.o)
 .debug_info    0x00007ff0      0x8bd stm32f10x_lib/libstm32.a(stm32f10x_rcc.o)
 .debug_info    0x000088ad      0x1ef stm32f10x_lib/libstm32.a(stm32f10x_systick.o)
 .debug_info    0x00008a9c      0x950 stm32f10x_lib/libstm32.a(stm32f10x_usart.o)
 .debug_info    0x000093ec       0x92 stm32f10x_lib/libstm32.a(cortexm3_macro.o)
 .debug_info    0x0000947e      0x106 stm32f10x_lib/libstm32.a(stm32f10x_vector.o)
 .debug_info    0x00009584       0xc5 c:/winarm/bin/../lib/gcc/arm-eabi/4.3.0/../../../../arm-eabi/lib\libc.a(lib_a-atexit.o)
 .debug_info    0x00009649      0x93a c:/winarm/bin/../lib/gcc/arm-eabi/4.3.0/../../../../arm-eabi/lib\libc.a(lib_a-exit.o)
 .debug_info    0x00009f83      0x93a c:/winarm/bin/../lib/gcc/arm-eabi/4.3.0/../../../../arm-eabi/lib\libc.a(lib_a-impure.o)
 .debug_info    0x0000a8bd      0x146 c:/winarm/bin/../lib/gcc/arm-eabi/4.3.0/../../../../arm-eabi/lib\libc.a(lib_a-init.o)
 .debug_info    0x0000aa03      0x10e c:/winarm/bin/../lib/gcc/arm-eabi/4.3.0/../../../../arm-eabi/lib\libc.a(lib_a-memcpy.o)
 .debug_info    0x0000ab11      0x113 c:/winarm/bin/../lib/gcc/arm-eabi/4.3.0/../../../../arm-eabi/lib\libc.a(lib_a-memset.o)
 .debug_info    0x0000ac24      0x9a5 c:/winarm/bin/../lib/gcc/arm-eabi/4.3.0/../../../../arm-eabi/lib\libc.a(lib_a-__atexit.o)
 .debug_info    0x0000b5c9      0x9b2 c:/winarm/bin/../lib/gcc/arm-eabi/4.3.0/../../../../arm-eabi/lib\libc.a(lib_a-__call_atexit.o)
 .debug_info    0x0000bf7b       0x4d c:/winarm/bin/../lib/gcc/arm-eabi/4.3.0/crtn.o

.debug_abbrev   0x00000000     0x3120
 *(.debug_abbrev)
 .debug_abbrev  0x00000000       0x12 c:/winarm/bin/../lib/gcc/arm-eabi/4.3.0/crti.o
 .debug_abbrev  0x00000012       0x14 c:/winarm/bin/../lib/gcc/arm-eabi/4.3.0/../../../../arm-eabi/lib/crt0.o
 .debug_abbrev  0x00000026      0x120 APP/src/main.o
 .debug_abbrev  0x00000146       0xc7 APP/src/stm32f10x_it.o
 .debug_abbrev  0x0000020d      0x482 APP/src/Big_main.o
 .debug_abbrev  0x0000068f      0x25a APP/src/BioloidEx.o
 .debug_abbrev  0x000008e9      0x204 APP/src/serial.o
 .debug_abbrev  0x00000aed      0x295 APP/src/dynamixel.o
 .debug_abbrev  0x00000d82      0x134 APP/src/zigbee.o
 .debug_abbrev  0x00000eb6      0x17f CM530_HW/src/adc.o
 .debug_abbrev  0x00001035      0x130 CM530_HW/src/button.o
 .debug_abbrev  0x00001165      0x130 CM530_HW/src/led.o
 .debug_abbrev  0x00001295       0xc3 CM530_HW/src/mic.o
 .debug_abbrev  0x00001358       0xe6 CM530_HW/src/system_func.o
 .debug_abbrev  0x0000143e      0x176 CM530_HW/src/system_init.o
 .debug_abbrev  0x000015b4      0x280 CM530_HW/src/usart.o
 .debug_abbrev  0x00001834      0x1c2 stm32f10x_lib/libstm32.a(stm32f10x_adc.o)
 .debug_abbrev  0x000019f6      0x21c stm32f10x_lib/libstm32.a(stm32f10x_flash.o)
 .debug_abbrev  0x00001c12      0x225 stm32f10x_lib/libstm32.a(stm32f10x_gpio.o)
 .debug_abbrev  0x00001e37      0x259 stm32f10x_lib/libstm32.a(stm32f10x_nvic.o)
 .debug_abbrev  0x00002090      0x140 stm32f10x_lib/libstm32.a(stm32f10x_pwr.o)
 .debug_abbrev  0x000021d0      0x29b stm32f10x_lib/libstm32.a(stm32f10x_rcc.o)
 .debug_abbrev  0x0000246b      0x126 stm32f10x_lib/libstm32.a(stm32f10x_systick.o)
 .debug_abbrev  0x00002591      0x1e1 stm32f10x_lib/libstm32.a(stm32f10x_usart.o)
 .debug_abbrev  0x00002772       0x14 stm32f10x_lib/libstm32.a(cortexm3_macro.o)
 .debug_abbrev  0x00002786       0xb5 stm32f10x_lib/libstm32.a(stm32f10x_vector.o)
 .debug_abbrev  0x0000283b       0x81 c:/winarm/bin/../lib/gcc/arm-eabi/4.3.0/../../../../arm-eabi/lib\libc.a(lib_a-atexit.o)
 .debug_abbrev  0x000028bc      0x177 c:/winarm/bin/../lib/gcc/arm-eabi/4.3.0/../../../../arm-eabi/lib\libc.a(lib_a-exit.o)
 .debug_abbrev  0x00002a33      0x160 c:/winarm/bin/../lib/gcc/arm-eabi/4.3.0/../../../../arm-eabi/lib\libc.a(lib_a-impure.o)
 .debug_abbrev  0x00002b93       0xa4 c:/winarm/bin/../lib/gcc/arm-eabi/4.3.0/../../../../arm-eabi/lib\libc.a(lib_a-init.o)
 .debug_abbrev  0x00002c37       0x99 c:/winarm/bin/../lib/gcc/arm-eabi/4.3.0/../../../../arm-eabi/lib\libc.a(lib_a-memcpy.o)
 .debug_abbrev  0x00002cd0       0xb2 c:/winarm/bin/../lib/gcc/arm-eabi/4.3.0/../../../../arm-eabi/lib\libc.a(lib_a-memset.o)
 .debug_abbrev  0x00002d82      0x1bc c:/winarm/bin/../lib/gcc/arm-eabi/4.3.0/../../../../arm-eabi/lib\libc.a(lib_a-__atexit.o)
 .debug_abbrev  0x00002f3e      0x1d0 c:/winarm/bin/../lib/gcc/arm-eabi/4.3.0/../../../../arm-eabi/lib\libc.a(lib_a-__call_atexit.o)
 .debug_abbrev  0x0000310e       0x12 c:/winarm/bin/../lib/gcc/arm-eabi/4.3.0/crtn.o

.debug_line     0x00000000     0x2d6a
 *(.debug_line)
 .debug_line    0x00000000       0x49 c:/winarm/bin/../lib/gcc/arm-eabi/4.3.0/crti.o
 .debug_line    0x00000049       0x9a c:/winarm/bin/../lib/gcc/arm-eabi/4.3.0/../../../../arm-eabi/lib/crt0.o
 .debug_line    0x000000e3      0x13b APP/src/main.o
 .debug_line    0x0000021e      0x198 APP/src/stm32f10x_it.o
 .debug_line    0x000003b6      0x680 APP/src/Big_main.o
 .debug_line    0x00000a36      0x183 APP/src/BioloidEx.o
 .debug_line    0x00000bb9      0x223 APP/src/serial.o
 .debug_line    0x00000ddc      0x1c2 APP/src/dynamixel.o
 .debug_line    0x00000f9e      0x131 APP/src/zigbee.o
 .debug_line    0x000010cf       0xe3 CM530_HW/src/adc.o
 .debug_line    0x000011b2       0xac CM530_HW/src/button.o
 .debug_line    0x0000125e       0xa6 CM530_HW/src/led.o
 .debug_line    0x00001304       0xb2 CM530_HW/src/mic.o
 .debug_line    0x000013b6       0xf2 CM530_HW/src/system_func.o
 .debug_line    0x000014a8      0x1f1 CM530_HW/src/system_init.o
 .debug_line    0x00001699      0x20c CM530_HW/src/usart.o
 .debug_line    0x000018a5      0x211 stm32f10x_lib/libstm32.a(stm32f10x_adc.o)
 .debug_line    0x00001ab6      0x223 stm32f10x_lib/libstm32.a(stm32f10x_flash.o)
 .debug_line    0x00001cd9      0x178 stm32f10x_lib/libstm32.a(stm32f10x_gpio.o)
 .debug_line    0x00001e51      0x1aa stm32f10x_lib/libstm32.a(stm32f10x_nvic.o)
 .debug_line    0x00001ffb       0xd6 stm32f10x_lib/libstm32.a(stm32f10x_pwr.o)
 .debug_line    0x000020d1      0x1b8 stm32f10x_lib/libstm32.a(stm32f10x_rcc.o)
 .debug_line    0x00002289       0xbd stm32f10x_lib/libstm32.a(stm32f10x_systick.o)
 .debug_line    0x00002346      0x1fe stm32f10x_lib/libstm32.a(stm32f10x_usart.o)
 .debug_line    0x00002544       0xa4 stm32f10x_lib/libstm32.a(cortexm3_macro.o)
 .debug_line    0x000025e8       0x5e stm32f10x_lib/libstm32.a(stm32f10x_vector.o)
 .debug_line    0x00002646       0x74 c:/winarm/bin/../lib/gcc/arm-eabi/4.3.0/../../../../arm-eabi/lib\libc.a(lib_a-atexit.o)
 .debug_line    0x000026ba       0xef c:/winarm/bin/../lib/gcc/arm-eabi/4.3.0/../../../../arm-eabi/lib\libc.a(lib_a-exit.o)
 .debug_line    0x000027a9       0xdb c:/winarm/bin/../lib/gcc/arm-eabi/4.3.0/../../../../arm-eabi/lib\libc.a(lib_a-impure.o)
 .debug_line    0x00002884       0xa6 c:/winarm/bin/../lib/gcc/arm-eabi/4.3.0/../../../../arm-eabi/lib\libc.a(lib_a-init.o)
 .debug_line    0x0000292a       0xd5 c:/winarm/bin/../lib/gcc/arm-eabi/4.3.0/../../../../arm-eabi/lib\libc.a(lib_a-memcpy.o)
 .debug_line    0x000029ff       0xdc c:/winarm/bin/../lib/gcc/arm-eabi/4.3.0/../../../../arm-eabi/lib\libc.a(lib_a-memset.o)
 .debug_line    0x00002adb      0x127 c:/winarm/bin/../lib/gcc/arm-eabi/4.3.0/../../../../arm-eabi/lib\libc.a(lib_a-__atexit.o)
 .debug_line    0x00002c02      0x11f c:/winarm/bin/../lib/gcc/arm-eabi/4.3.0/../../../../arm-eabi/lib\libc.a(lib_a-__call_atexit.o)
 .debug_line    0x00002d21       0x49 c:/winarm/bin/../lib/gcc/arm-eabi/4.3.0/crtn.o

.debug_frame    0x00000000     0x2304
 *(.debug_frame)
 .debug_frame   0x00000000       0x30 APP/src/main.o
 .debug_frame   0x00000030      0x480 APP/src/stm32f10x_it.o
 .debug_frame   0x000004b0      0x43c APP/src/Big_main.o
 .debug_frame   0x000008ec      0x138 APP/src/BioloidEx.o
 .debug_frame   0x00000a24      0x274 APP/src/serial.o
 .debug_frame   0x00000c98      0x1e0 APP/src/dynamixel.o
 .debug_frame   0x00000e78      0x150 APP/src/zigbee.o
 .debug_frame   0x00000fc8       0x74 CM530_HW/src/adc.o
 .debug_frame   0x0000103c       0x28 CM530_HW/src/button.o
 .debug_frame   0x00001064       0x28 CM530_HW/src/led.o
 .debug_frame   0x0000108c       0x44 CM530_HW/src/mic.o
 .debug_frame   0x000010d0       0xa8 CM530_HW/src/system_func.o
 .debug_frame   0x00001178       0xd0 CM530_HW/src/system_init.o
 .debug_frame   0x00001248      0x23c CM530_HW/src/usart.o
 .debug_frame   0x00001484      0x278 stm32f10x_lib/libstm32.a(stm32f10x_adc.o)
 .debug_frame   0x000016fc      0x1f0 stm32f10x_lib/libstm32.a(stm32f10x_flash.o)
 .debug_frame   0x000018ec      0x154 stm32f10x_lib/libstm32.a(stm32f10x_gpio.o)
 .debug_frame   0x00001a40      0x234 stm32f10x_lib/libstm32.a(stm32f10x_nvic.o)
 .debug_frame   0x00001c74       0xb8 stm32f10x_lib/libstm32.a(stm32f10x_pwr.o)
 .debug_frame   0x00001d2c      0x214 stm32f10x_lib/libstm32.a(stm32f10x_rcc.o)
 .debug_frame   0x00001f40       0x70 stm32f10x_lib/libstm32.a(stm32f10x_systick.o)
 .debug_frame   0x00001fb0      0x1dc stm32f10x_lib/libstm32.a(stm32f10x_usart.o)
 .debug_frame   0x0000218c       0x2c stm32f10x_lib/libstm32.a(stm32f10x_vector.o)
 .debug_frame   0x000021b8       0x28 c:/winarm/bin/../lib/gcc/arm-eabi/4.3.0/../../../../arm-eabi/lib\libc.a(lib_a-atexit.o)
 .debug_frame   0x000021e0       0x20 c:/winarm/bin/../lib/gcc/arm-eabi/4.3.0/../../../../arm-eabi/lib\libc.a(lib_a-exit.o)
 .debug_frame   0x00002200       0x48 c:/winarm/bin/../lib/gcc/arm-eabi/4.3.0/../../../../arm-eabi/lib\libc.a(lib_a-init.o)
 .debug_frame   0x00002248       0x2c c:/winarm/bin/../lib/gcc/arm-eabi/4.3.0/../../../../arm-eabi/lib\libc.a(lib_a-memcpy.o)
 .debug_frame   0x00002274       0x28 c:/winarm/bin/../lib/gcc/arm-eabi/4.3.0/../../../../arm-eabi/lib\libc.a(lib_a-memset.o)
 .debug_frame   0x0000229c       0x30 c:/winarm/bin/../lib/gcc/arm-eabi/4.3.0/../../../../arm-eabi/lib\libc.a(lib_a-__atexit.o)
 .debug_frame   0x000022cc       0x38 c:/winarm/bin/../lib/gcc/arm-eabi/4.3.0/../../../../arm-eabi/lib\libc.a(lib_a-__call_atexit.o)

.debug_str      0x00000000     0x48c6
 *(.debug_str)
 .debug_str     0x00000000      0x6e2 APP/src/main.o
                                0x737 (size before relaxing)
 .debug_str     0x000006e2      0x52d APP/src/stm32f10x_it.o
                                0x64a (size before relaxing)
 .debug_str     0x00000c0f      0xcc3 APP/src/Big_main.o
                               0x135f (size before relaxing)
 .debug_str     0x000018d2      0x220 APP/src/BioloidEx.o
                                0x966 (size before relaxing)
 .debug_str     0x00001af2      0x1fe APP/src/serial.o
                                0x3db (size before relaxing)
 .debug_str     0x00001cf0      0x25b APP/src/dynamixel.o
                                0x5e1 (size before relaxing)
 .debug_str     0x00001f4b      0x19b APP/src/zigbee.o
                                0x309 (size before relaxing)
 .debug_str     0x000020e6      0x154 CM530_HW/src/adc.o
                                0x248 (size before relaxing)
 .debug_str     0x0000223a       0x3c CM530_HW/src/button.o
                                0x137 (size before relaxing)
 .debug_str     0x00002276       0x28 CM530_HW/src/led.o
                                0x124 (size before relaxing)
 .debug_str     0x0000229e       0x5a CM530_HW/src/mic.o
                                0x197 (size before relaxing)
 .debug_str     0x000022f8       0xfe CM530_HW/src/system_func.o
                                0x1d9 (size before relaxing)
 .debug_str     0x000023f6      0x2e8 CM530_HW/src/system_init.o
                                0x4ba (size before relaxing)
 .debug_str     0x000026de      0x26d CM530_HW/src/usart.o
                                0x42b (size before relaxing)
 .debug_str     0x0000294b      0x47a stm32f10x_lib/libstm32.a(stm32f10x_adc.o)
                                0x626 (size before relaxing)
 .debug_str     0x00002dc5      0x382 stm32f10x_lib/libstm32.a(stm32f10x_flash.o)
                                0x482 (size before relaxing)
 .debug_str     0x00003147      0x1f7 stm32f10x_lib/libstm32.a(stm32f10x_gpio.o)
                                0x3f1 (size before relaxing)
 .debug_str     0x0000333e      0x452 stm32f10x_lib/libstm32.a(stm32f10x_nvic.o)
                                0x5f7 (size before relaxing)
 .debug_str     0x00003790       0xe9 stm32f10x_lib/libstm32.a(stm32f10x_pwr.o)
                                0x1d7 (size before relaxing)
 .debug_str     0x00003879      0x40d stm32f10x_lib/libstm32.a(stm32f10x_rcc.o)
                                0x539 (size before relaxing)
 .debug_str     0x00003c86       0xd7 stm32f10x_lib/libstm32.a(stm32f10x_systick.o)
                                0x1d4 (size before relaxing)
 .debug_str     0x00003d5d      0x364 stm32f10x_lib/libstm32.a(stm32f10x_usart.o)
                                0x58e (size before relaxing)
 .debug_str     0x000040c1       0x79 stm32f10x_lib/libstm32.a(stm32f10x_vector.o)
                                0x11d (size before relaxing)
 .debug_str     0x0000413a       0xc1 c:/winarm/bin/../lib/gcc/arm-eabi/4.3.0/../../../../arm-eabi/lib\libc.a(lib_a-atexit.o)
                                0x138 (size before relaxing)
 .debug_str     0x000041fb      0x3bd c:/winarm/bin/../lib/gcc/arm-eabi/4.3.0/../../../../arm-eabi/lib\libc.a(lib_a-exit.o)
                                0x4b1 (size before relaxing)
 .debug_str     0x000045b8       0x76 c:/winarm/bin/../lib/gcc/arm-eabi/4.3.0/../../../../arm-eabi/lib\libc.a(lib_a-impure.o)
                                0x4bf (size before relaxing)
 .debug_str     0x0000462e      0x103 c:/winarm/bin/../lib/gcc/arm-eabi/4.3.0/../../../../arm-eabi/lib\libc.a(lib_a-init.o)
                                0x19e (size before relaxing)
 .debug_str     0x00004731       0x9a c:/winarm/bin/../lib/gcc/arm-eabi/4.3.0/../../../../arm-eabi/lib\libc.a(lib_a-memcpy.o)
                                 0xc8 (size before relaxing)
 .debug_str     0x000047cb       0x50 c:/winarm/bin/../lib/gcc/arm-eabi/4.3.0/../../../../arm-eabi/lib\libc.a(lib_a-memset.o)
                                0x123 (size before relaxing)
 .debug_str     0x0000481b       0x50 c:/winarm/bin/../lib/gcc/arm-eabi/4.3.0/../../../../arm-eabi/lib\libc.a(lib_a-__atexit.o)
                                0x4f9 (size before relaxing)
 .debug_str     0x0000486b       0x5b c:/winarm/bin/../lib/gcc/arm-eabi/4.3.0/../../../../arm-eabi/lib\libc.a(lib_a-__call_atexit.o)
                                0x4d9 (size before relaxing)

.debug_loc      0x00000000     0x4300
 *(.debug_loc)
 .debug_loc     0x00000000       0x88 APP/src/main.o
 .debug_loc     0x00000088       0xac APP/src/stm32f10x_it.o
 .debug_loc     0x00000134      0xd9a APP/src/Big_main.o
 .debug_loc     0x00000ece      0x248 APP/src/BioloidEx.o
 .debug_loc     0x00001116      0x7a9 APP/src/serial.o
 .debug_loc     0x000018bf      0x4d3 APP/src/dynamixel.o
 .debug_loc     0x00001d92      0x18f APP/src/zigbee.o
 .debug_loc     0x00001f21      0x14b CM530_HW/src/adc.o
 .debug_loc     0x0000206c       0x3e CM530_HW/src/button.o
 .debug_loc     0x000020aa       0x67 CM530_HW/src/led.o
 .debug_loc     0x00002111       0xc0 CM530_HW/src/mic.o
 .debug_loc     0x000021d1       0x9b CM530_HW/src/system_func.o
 .debug_loc     0x0000226c      0x12d CM530_HW/src/system_init.o
 .debug_loc     0x00002399      0x49a CM530_HW/src/usart.o
 .debug_loc     0x00002833      0x405 stm32f10x_lib/libstm32.a(stm32f10x_adc.o)
 .debug_loc     0x00002c38      0x5ec stm32f10x_lib/libstm32.a(stm32f10x_flash.o)
 .debug_loc     0x00003224      0x25c stm32f10x_lib/libstm32.a(stm32f10x_gpio.o)
 .debug_loc     0x00003480      0x3db stm32f10x_lib/libstm32.a(stm32f10x_nvic.o)
 .debug_loc     0x0000385b      0x113 stm32f10x_lib/libstm32.a(stm32f10x_pwr.o)
 .debug_loc     0x0000396e      0x24d stm32f10x_lib/libstm32.a(stm32f10x_rcc.o)
 .debug_loc     0x00003bbb       0x3c stm32f10x_lib/libstm32.a(stm32f10x_systick.o)
 .debug_loc     0x00003bf7      0x27f stm32f10x_lib/libstm32.a(stm32f10x_usart.o)
 .debug_loc     0x00003e76       0x32 stm32f10x_lib/libstm32.a(stm32f10x_vector.o)
 .debug_loc     0x00003ea8       0x49 c:/winarm/bin/../lib/gcc/arm-eabi/4.3.0/../../../../arm-eabi/lib\libc.a(lib_a-atexit.o)
 .debug_loc     0x00003ef1       0x1e c:/winarm/bin/../lib/gcc/arm-eabi/4.3.0/../../../../arm-eabi/lib\libc.a(lib_a-exit.o)
 .debug_loc     0x00003f0f       0x3e c:/winarm/bin/../lib/gcc/arm-eabi/4.3.0/../../../../arm-eabi/lib\libc.a(lib_a-init.o)
 .debug_loc     0x00003f4d      0x130 c:/winarm/bin/../lib/gcc/arm-eabi/4.3.0/../../../../arm-eabi/lib\libc.a(lib_a-memcpy.o)
 .debug_loc     0x0000407d      0x12b c:/winarm/bin/../lib/gcc/arm-eabi/4.3.0/../../../../arm-eabi/lib\libc.a(lib_a-memset.o)
 .debug_loc     0x000041a8       0x97 c:/winarm/bin/../lib/gcc/arm-eabi/4.3.0/../../../../arm-eabi/lib\libc.a(lib_a-__atexit.o)
 .debug_loc     0x0000423f       0xc1 c:/winarm/bin/../lib/gcc/arm-eabi/4.3.0/../../../../arm-eabi/lib\libc.a(lib_a-__call_atexit.o)

.debug_macinfo
 *(.debug_macinfo)

.debug_weaknames
 *(.debug_weaknames)

.debug_funcnames
 *(.debug_funcnames)

.debug_typenames
 *(.debug_typenames)

.debug_varnames
 *(.debug_varnames)
OUTPUT(CM530.elf elf32-littlearm)

.ARM.attributes
                0x00000000       0x31
 .ARM.attributes
                0x00000000       0x14 c:/winarm/bin/../lib/gcc/arm-eabi/4.3.0/crti.o
 .ARM.attributes
                0x00000014       0x2e c:/winarm/bin/../lib/gcc/arm-eabi/4.3.0/crtbegin.o
 .ARM.attributes
                0x00000042       0x14 c:/winarm/bin/../lib/gcc/arm-eabi/4.3.0/../../../../arm-eabi/lib/crt0.o
 .ARM.attributes
                0x00000056       0x31 APP/src/main.o
 .ARM.attributes
                0x00000087       0x31 APP/src/stm32f10x_it.o
 .ARM.attributes
                0x000000b8       0x31 APP/src/Big_main.o
 .ARM.attributes
                0x000000e9       0x31 APP/src/BioloidEx.o
 .ARM.attributes
                0x0000011a       0x31 APP/src/serial.o
 .ARM.attributes
                0x0000014b       0x31 APP/src/dynamixel.o
 .ARM.attributes
                0x0000017c       0x31 APP/src/zigbee.o
 .ARM.attributes
                0x000001ad       0x31 CM530_HW/src/adc.o
 .ARM.attributes
                0x000001de       0x31 CM530_HW/src/button.o
 .ARM.attributes
                0x0000020f       0x31 CM530_HW/src/led.o
 .ARM.attributes
                0x00000240       0x31 CM530_HW/src/mic.o
 .ARM.attributes
                0x00000271       0x31 CM530_HW/src/system_func.o
 .ARM.attributes
                0x000002a2       0x31 CM530_HW/src/system_init.o
 .ARM.attributes
                0x000002d3       0x31 CM530_HW/src/usart.o
 .ARM.attributes
                0x00000304       0x31 stm32f10x_lib/libstm32.a(stm32f10x_adc.o)
 .ARM.attributes
                0x00000335       0x31 stm32f10x_lib/libstm32.a(stm32f10x_flash.o)
 .ARM.attributes
                0x00000366       0x31 stm32f10x_lib/libstm32.a(stm32f10x_gpio.o)
 .ARM.attributes
                0x00000397       0x31 stm32f10x_lib/libstm32.a(stm32f10x_nvic.o)
 .ARM.attributes
                0x000003c8       0x31 stm32f10x_lib/libstm32.a(stm32f10x_pwr.o)
 .ARM.attributes
                0x000003f9       0x31 stm32f10x_lib/libstm32.a(stm32f10x_rcc.o)
 .ARM.attributes
                0x0000042a       0x31 stm32f10x_lib/libstm32.a(stm32f10x_systick.o)
 .ARM.attributes
                0x0000045b       0x31 stm32f10x_lib/libstm32.a(stm32f10x_usart.o)
 .ARM.attributes
                0x0000048c       0x21 stm32f10x_lib/libstm32.a(cortexm3_macro.o)
 .ARM.attributes
                0x000004ad       0x31 stm32f10x_lib/libstm32.a(stm32f10x_vector.o)
 .ARM.attributes
                0x000004de       0x2e c:/winarm/bin/../lib/gcc/arm-eabi/4.3.0/../../../../arm-eabi/lib\libc.a(lib_a-atexit.o)
 .ARM.attributes
                0x0000050c       0x2e c:/winarm/bin/../lib/gcc/arm-eabi/4.3.0/../../../../arm-eabi/lib\libc.a(lib_a-exit.o)
 .ARM.attributes
                0x0000053a       0x2c c:/winarm/bin/../lib/gcc/arm-eabi/4.3.0/../../../../arm-eabi/lib\libc.a(lib_a-impure.o)
 .ARM.attributes
                0x00000566       0x2e c:/winarm/bin/../lib/gcc/arm-eabi/4.3.0/../../../../arm-eabi/lib\libc.a(lib_a-init.o)
 .ARM.attributes
                0x00000594       0x2e c:/winarm/bin/../lib/gcc/arm-eabi/4.3.0/../../../../arm-eabi/lib\libc.a(lib_a-memcpy.o)
 .ARM.attributes
                0x000005c2       0x2e c:/winarm/bin/../lib/gcc/arm-eabi/4.3.0/../../../../arm-eabi/lib\libc.a(lib_a-memset.o)
 .ARM.attributes
                0x000005f0       0x2e c:/winarm/bin/../lib/gcc/arm-eabi/4.3.0/../../../../arm-eabi/lib\libc.a(lib_a-__atexit.o)
 .ARM.attributes
                0x0000061e       0x2e c:/winarm/bin/../lib/gcc/arm-eabi/4.3.0/../../../../arm-eabi/lib\libc.a(lib_a-__call_atexit.o)
 .ARM.attributes
                0x0000064c       0x2c c:/winarm/bin/../lib/gcc/arm-eabi/4.3.0/crtend.o
 .ARM.attributes
                0x00000678       0x14 c:/winarm/bin/../lib/gcc/arm-eabi/4.3.0/crtn.o

.debug_ranges   0x00000000      0x230
 .debug_ranges  0x00000000       0x20 c:/winarm/bin/../lib/gcc/arm-eabi/4.3.0/crti.o
 .debug_ranges  0x00000020       0xf8 APP/src/Big_main.o
 .debug_ranges  0x00000118       0xa8 stm32f10x_lib/libstm32.a(stm32f10x_flash.o)
 .debug_ranges  0x000001c0       0x30 stm32f10x_lib/libstm32.a(stm32f10x_rcc.o)
 .debug_ranges  0x000001f0       0x20 c:/winarm/bin/../lib/gcc/arm-eabi/4.3.0/../../../../arm-eabi/lib\libc.a(lib_a-__call_atexit.o)
 .debug_ranges  0x00000210       0x20 c:/winarm/bin/../lib/gcc/arm-eabi/4.3.0/crtn.o

Cross Reference Table

Symbol                                            File
ADC1_2_IRQHandler                                 APP/src/stm32f10x_it.o
                                                  stm32f10x_lib/libstm32.a(stm32f10x_vector.o)
ADC3_IRQHandler                                   APP/src/stm32f10x_it.o
                                                  stm32f10x_lib/libstm32.a(stm32f10x_vector.o)
ADC_AnalogWatchdogCmd                             stm32f10x_lib/libstm32.a(stm32f10x_adc.o)
ADC_AnalogWatchdogSingleChannelConfig             stm32f10x_lib/libstm32.a(stm32f10x_adc.o)
ADC_AnalogWatchdogThresholdsConfig                stm32f10x_lib/libstm32.a(stm32f10x_adc.o)
ADC_AutoInjectedConvCmd                           stm32f10x_lib/libstm32.a(stm32f10x_adc.o)
ADC_ClearFlag                                     stm32f10x_lib/libstm32.a(stm32f10x_adc.o)
ADC_ClearITPendingBit                             stm32f10x_lib/libstm32.a(stm32f10x_adc.o)
ADC_Cmd                                           stm32f10x_lib/libstm32.a(stm32f10x_adc.o)
                                                  CM530_HW/src/system_init.o
ADC_Configuration                                 CM530_HW/src/system_init.o
ADC_DMACmd                                        stm32f10x_lib/libstm32.a(stm32f10x_adc.o)
ADC_DeInit                                        stm32f10x_lib/libstm32.a(stm32f10x_adc.o)
ADC_DiscModeChannelCountConfig                    stm32f10x_lib/libstm32.a(stm32f10x_adc.o)
ADC_DiscModeCmd                                   stm32f10x_lib/libstm32.a(stm32f10x_adc.o)
ADC_ExternalTrigConvCmd                           stm32f10x_lib/libstm32.a(stm32f10x_adc.o)
ADC_ExternalTrigInjectedConvCmd                   stm32f10x_lib/libstm32.a(stm32f10x_adc.o)
ADC_ExternalTrigInjectedConvConfig                stm32f10x_lib/libstm32.a(stm32f10x_adc.o)
ADC_GetCalibrationStatus                          stm32f10x_lib/libstm32.a(stm32f10x_adc.o)
                                                  CM530_HW/src/system_init.o
ADC_GetConversionValue                            stm32f10x_lib/libstm32.a(stm32f10x_adc.o)
                                                  CM530_HW/src/adc.o
ADC_GetDualModeConversionValue                    stm32f10x_lib/libstm32.a(stm32f10x_adc.o)
ADC_GetFlagStatus                                 stm32f10x_lib/libstm32.a(stm32f10x_adc.o)
ADC_GetITStatus                                   stm32f10x_lib/libstm32.a(stm32f10x_adc.o)
ADC_GetInjectedConversionValue                    stm32f10x_lib/libstm32.a(stm32f10x_adc.o)
ADC_GetResetCalibrationStatus                     stm32f10x_lib/libstm32.a(stm32f10x_adc.o)
                                                  CM530_HW/src/system_init.o
ADC_GetSoftwareStartConvStatus                    stm32f10x_lib/libstm32.a(stm32f10x_adc.o)
ADC_GetSoftwareStartInjectedConvCmdStatus         stm32f10x_lib/libstm32.a(stm32f10x_adc.o)
ADC_ITConfig                                      stm32f10x_lib/libstm32.a(stm32f10x_adc.o)
ADC_Init                                          stm32f10x_lib/libstm32.a(stm32f10x_adc.o)
                                                  CM530_HW/src/system_init.o
ADC_InjectedChannelConfig                         stm32f10x_lib/libstm32.a(stm32f10x_adc.o)
ADC_InjectedDiscModeCmd                           stm32f10x_lib/libstm32.a(stm32f10x_adc.o)
ADC_InjectedSequencerLengthConfig                 stm32f10x_lib/libstm32.a(stm32f10x_adc.o)
ADC_RegularChannelConfig                          stm32f10x_lib/libstm32.a(stm32f10x_adc.o)
                                                  CM530_HW/src/system_init.o
                                                  CM530_HW/src/adc.o
ADC_ResetCalibration                              stm32f10x_lib/libstm32.a(stm32f10x_adc.o)
                                                  CM530_HW/src/system_init.o
ADC_SetInjectedOffset                             stm32f10x_lib/libstm32.a(stm32f10x_adc.o)
ADC_SoftwareStartConvCmd                          stm32f10x_lib/libstm32.a(stm32f10x_adc.o)
                                                  CM530_HW/src/system_init.o
                                                  CM530_HW/src/adc.o
ADC_SoftwareStartInjectedConvCmd                  stm32f10x_lib/libstm32.a(stm32f10x_adc.o)
ADC_StartCalibration                              stm32f10x_lib/libstm32.a(stm32f10x_adc.o)
                                                  CM530_HW/src/system_init.o
ADC_StructInit                                    stm32f10x_lib/libstm32.a(stm32f10x_adc.o)
                                                  CM530_HW/src/system_init.o
ADC_TempSensorVrefintCmd                          stm32f10x_lib/libstm32.a(stm32f10x_adc.o)
APG                                               APP/src/Big_main.o
AdjustLegPositions                                APP/src/Big_main.o
AdjustLegPositionsToBodyHeight                    APP/src/Big_main.o
AllDown                                           APP/src/Big_main.o
AngleDeg1                                         APP/src/Big_main.o
AngleRad4                                         APP/src/Big_main.o
Atan4                                             APP/src/Big_main.o
AtanX                                             APP/src/Big_main.o
AtanY                                             APP/src/Big_main.o
BackgroundProcess                                 APP/src/Big_main.o
BalCalcOneLeg                                     APP/src/Big_main.o
BalanceBody                                       APP/src/Big_main.o
Battery_Monitor_Alarm                             CM530_HW/src/adc.o
                                                  APP/src/Big_main.o
                                                  APP/src/main.o
Baudrate_DXL                                      CM530_HW/src/usart.o
                                                  CM530_HW/src/system_init.o
                                                  APP/src/main.o
Baudrate_PCU                                      CM530_HW/src/usart.o
                                                  CM530_HW/src/system_init.o
                                                  APP/src/main.o
Baudrate_ZIG                                      CM530_HW/src/usart.o
                                                  CM530_HW/src/system_init.o
                                                  APP/src/main.o
BeginServoUpdate                                  APP/src/Big_main.o
Big_main                                          APP/src/Big_main.o
BioloidControllerEx                               APP/src/BioloidEx.o
                                                  APP/src/Big_main.o
BioloidControllerEx_getCurPose                    APP/src/BioloidEx.o
BioloidControllerEx_getId                         APP/src/BioloidEx.o
BioloidControllerEx_getNextPose                   APP/src/BioloidEx.o
BioloidControllerEx_interpolateSetup              APP/src/BioloidEx.o
                                                  APP/src/Big_main.o
BioloidControllerEx_interpolateStep               APP/src/BioloidEx.o
                                                  APP/src/Big_main.o
BioloidControllerEx_loadPose                      APP/src/BioloidEx.o
BioloidControllerEx_readPose                      APP/src/BioloidEx.o
                                                  APP/src/Big_main.o
BioloidControllerEx_setId                         APP/src/BioloidEx.o
BioloidControllerEx_setNextPose                   APP/src/BioloidEx.o
                                                  APP/src/Big_main.o
BioloidControllerEx_setNextPoseByIndex            APP/src/BioloidEx.o
BioloidControllerEx_writePose                     APP/src/BioloidEx.o
Bioloid_Setup                                     APP/src/BioloidEx.o
BodyFK                                            APP/src/Big_main.o
BodyFKPosX                                        APP/src/Big_main.o
BodyFKPosY                                        APP/src/Big_main.o
BodyFKPosZ                                        APP/src/Big_main.o
BusFaultException                                 APP/src/stm32f10x_it.o
                                                  stm32f10x_lib/libstm32.a(stm32f10x_vector.o)
Buzzed                                            CM530_HW/src/mic.o
                                                  CM530_HW/src/adc.o
                                                  APP/src/Big_main.o
                                                  APP/src/main.o
CAN_RX1_IRQHandler                                APP/src/stm32f10x_it.o
                                                  stm32f10x_lib/libstm32.a(stm32f10x_vector.o)
CAN_SCE_IRQHandler                                APP/src/stm32f10x_it.o
                                                  stm32f10x_lib/libstm32.a(stm32f10x_vector.o)
CalculateAX12MoveSpeed                            APP/src/Big_main.o
CheckAngles                                       APP/src/Big_main.o
CheckPCNewArrive                                  APP/src/serial.o
CheckServoAngleBounds                             APP/src/Big_main.o
CheckVoltage                                      APP/src/Big_main.o
CheckZBNewArrive                                  APP/src/zigbee.o
CommanderInputController_AllowControllerInterrupts APP/src/Big_main.o
CommanderInputController_ControlInput             APP/src/Big_main.o
CommanderInputController_Init                     APP/src/Big_main.o
CommanderTurnRobotOff                             APP/src/Big_main.o
Commander_Commander                               APP/src/Big_main.o
Commander_ReadMsgs                                APP/src/Big_main.o
Commander_begin                                   APP/src/Big_main.o
CommitServoDriver                                 APP/src/Big_main.o
CoxaAngle1                                        APP/src/Big_main.o
CycleTime                                         APP/src/Big_main.o
DMA1_Channel1_IRQHandler                          APP/src/stm32f10x_it.o